Archive member included to satisfy reference by file (symbol)

C:/Program Files/Microchip/xc32/v5.00/bin/bin/../../lib/gcc/pic32c/13.2.1/../../../../pic32c/lib/thumb/v6-m/nofp\libpic32c.a(data_init.o)
                              build/default/production/_ext/1171490990/startup_xc32.o (__pic32c_data_initialization)
C:/Program Files/Microchip/xc32/v5.00/bin/bin/../../lib/gcc/pic32c/13.2.1/../../../../pic32c/lib/thumb/v6-m/nofp\libc-size-musl.a(memcmp.o)
                              build/default/production/_ext/95446945/calib_secureboot.o (memcmp)
C:/Program Files/Microchip/xc32/v5.00/bin/bin/../../lib/gcc/pic32c/13.2.1/../../../../pic32c/lib/thumb/v6-m/nofp\libc-size-musl.a(memcpy.o)
                              build/default/production/_ext/1697030576/wdrv_winc_spi.o (memcpy)
C:/Program Files/Microchip/xc32/v5.00/bin/bin/../../lib/gcc/pic32c/13.2.1/../../../../pic32c/lib/thumb/v6-m/nofp\libc-size-musl.a(memmove.o)
                              build/default/production/_ext/35538813/atcacert_def.o (memmove)
C:/Program Files/Microchip/xc32/v5.00/bin/bin/../../lib/gcc/pic32c/13.2.1/../../../../pic32c/lib/thumb/v6-m/nofp\libc-size-musl.a(memset.o)
                              build/default/production/_ext/1667573777/nmdrv.o (memset)
C:/Program Files/Microchip/xc32/v5.00/bin/bin/../../lib/gcc/pic32c/13.2.1/../../../../pic32c/lib/thumb/v6-m/nofp\libc-size-musl.a(strlen.o)
                              build/default/production/_ext/1667573777/m2m_ota.o (strlen)
C:/Program Files/Microchip/xc32/v5.00/bin/bin/../../lib/gcc/pic32c/13.2.1/../../../../pic32c/lib/thumb/v6-m/nofp\libc-size-musl.a(strstr.o)
                              build/default/production/_ext/35538813/atcacert_pem.o (strstr)
C:/Program Files/Microchip/xc32/v5.00/bin/bin/../../lib/gcc/pic32c/13.2.1/../../../../pic32c/lib/thumb/v6-m/nofp\libc-size-musl.a(strcat.o)
                              build/default/production/_ext/1749010646/cloud_task.o (strcat)
C:/Program Files/Microchip/xc32/v5.00/bin/bin/../../lib/gcc/pic32c/13.2.1/../../../../pic32c/lib/thumb/v6-m/nofp\libc-size-musl.a(strchr.o)
                              build/default/production/_ext/1954180691/wdrv_winc_authctx.o (strchr)
C:/Program Files/Microchip/xc32/v5.00/bin/bin/../../lib/gcc/pic32c/13.2.1/../../../../pic32c/lib/thumb/v6-m/nofp\libc-size-musl.a(strchrnul.o)
                              C:/Program Files/Microchip/xc32/v5.00/bin/bin/../../lib/gcc/pic32c/13.2.1/../../../../pic32c/lib/thumb/v6-m/nofp\libc-size-musl.a(strchr.o) (__strchrnul)
C:/Program Files/Microchip/xc32/v5.00/bin/bin/../../lib/gcc/pic32c/13.2.1/../../../../pic32c/lib/thumb/v6-m/nofp\libc-size-musl.a(strcmp.o)
                              build/default/production/_ext/1376093119/sys_command.o (strcmp)
C:/Program Files/Microchip/xc32/v5.00/bin/bin/../../lib/gcc/pic32c/13.2.1/../../../../pic32c/lib/thumb/v6-m/nofp\libc-size-musl.a(strcpy.o)
                              build/default/production/_ext/1376093119/sys_command.o (strcpy)
C:/Program Files/Microchip/xc32/v5.00/bin/bin/../../lib/gcc/pic32c/13.2.1/../../../../pic32c/lib/thumb/v6-m/nofp\libc-size-musl.a(strncmp.o)
                              build/default/production/_ext/1376093119/sys_command.o (strncmp)
C:/Program Files/Microchip/xc32/v5.00/bin/bin/../../lib/gcc/pic32c/13.2.1/../../../../pic32c/lib/thumb/v6-m/nofp\libc-size-musl.a(strncpy.o)
                              build/default/production/_ext/1376093119/sys_command.o (strncpy)
C:/Program Files/Microchip/xc32/v5.00/bin/bin/../../lib/gcc/pic32c/13.2.1/../../../../pic32c/lib/thumb/v6-m/nofp\libc-size-musl.a(strnlen.o)
                              build/default/production/_ext/1667573777/m2m_ota.o (strnlen)
C:/Program Files/Microchip/xc32/v5.00/bin/bin/../../lib/gcc/pic32c/13.2.1/../../../../pic32c/lib/thumb/v6-m/nofp\libc-size-musl.a(strtok.o)
                              build/default/production/_ext/1376093119/sys_command.o (strtok)
C:/Program Files/Microchip/xc32/v5.00/bin/bin/../../lib/gcc/pic32c/13.2.1/../../../../pic32c/lib/thumb/v6-m/nofp\libc-size-musl.a(memchr.o)
                              C:/Program Files/Microchip/xc32/v5.00/bin/bin/../../lib/gcc/pic32c/13.2.1/../../../../pic32c/lib/thumb/v6-m/nofp\libc-size-musl.a(strnlen.o) (memchr)
C:/Program Files/Microchip/xc32/v5.00/bin/bin/../../lib/gcc/pic32c/13.2.1/../../../../pic32c/lib/thumb/v6-m/nofp\libc-size-musl.a(stpcpy.o)
                              C:/Program Files/Microchip/xc32/v5.00/bin/bin/../../lib/gcc/pic32c/13.2.1/../../../../pic32c/lib/thumb/v6-m/nofp\libc-size-musl.a(strcpy.o) (__stpcpy)
C:/Program Files/Microchip/xc32/v5.00/bin/bin/../../lib/gcc/pic32c/13.2.1/../../../../pic32c/lib/thumb/v6-m/nofp\libc-size-musl.a(stpncpy.o)
                              C:/Program Files/Microchip/xc32/v5.00/bin/bin/../../lib/gcc/pic32c/13.2.1/../../../../pic32c/lib/thumb/v6-m/nofp\libc-size-musl.a(strncpy.o) (__stpncpy)
[...]
Memory Configuration

Name             Origin             Length             Attributes
rom              0x00000000         0x00040000         xrl
ram              0x20000000         0x00008000         xw!r
config_00804000  0x00804000         0x00000004
config_00804004  0x00804004         0x00000004
*default*        0x00000000         0xffffffff

Linker script and memory map

LOAD C:/Program Files/Microchip/xc32/v5.00/bin/bin/../../lib/gcc/pic32c/13.2.1/thumb/v6-m/nofp/crti.o
LOAD C:/Program Files/Microchip/xc32/v5.00/bin/bin/../../lib/gcc/pic32c/13.2.1/thumb/v6-m/nofp/crtbegin.o
LOAD build/default/production/_ext/1068697685/wdrv_winc_eint.o
LOAD build/default/production/_ext/1068697685/wdrv_winc_gpio.o
LOAD build/default/production/_ext/1697030576/wdrv_winc_spi.o
LOAD build/default/production/_ext/1636284884/nm_common.o
LOAD build/default/production/_ext/1667573777/nmasic.o
LOAD build/default/production/_ext/1667573777/nmdrv.o
LOAD build/default/production/_ext/1667573777/m2m_ssl.o
LOAD build/default/production/_ext/1667573777/nmspi.o
LOAD build/default/production/_ext/1667573777/nmbus.o
LOAD build/default/production/_ext/1667573777/m2m_periph.o
LOAD build/default/production/_ext/1667573777/m2m_hif.o
LOAD build/default/production/_ext/1667573777/m2m_ota.o
LOAD build/default/production/_ext/1667573777/m2m_wifi.o
LOAD build/default/production/_ext/2094051164/socket.o
LOAD build/default/production/_ext/2094051164/inet_ntop.o
LOAD build/default/production/_ext/2094051164/inet_addr.o
LOAD build/default/production/_ext/1908349716/spi_flash.o
LOAD build/default/production/_ext/1908349716/flexible_flash.o
LOAD build/default/production/_ext/2018374705/wdrv_winc_osal.o
LOAD build/default/production/_ext/1954180691/wdrv_winc_softap.o
LOAD build/default/production/_ext/1954180691/wdrv_winc_bssfind.o
LOAD build/default/production/_ext/1954180691/wdrv_winc_host_file.o
LOAD build/default/production/_ext/1954180691/wdrv_winc_powersave.o
LOAD build/default/production/_ext/1954180691/wdrv_winc_authctx.o
LOAD build/default/production/_ext/1954180691/wdrv_winc_enterprise.o
LOAD build/default/production/_ext/1954180691/wdrv_winc_ssl.o
LOAD build/default/production/_ext/1954180691/wdrv_winc_bssctx.o
LOAD build/default/production/_ext/1954180691/wdrv_winc_custie.o
LOAD build/default/production/_ext/1954180691/wdrv_winc_assoc.o
LOAD build/default/production/_ext/1954180691/wdrv_winc_socket.o
LOAD build/default/production/_ext/1954180691/wdrv_winc_sta.o
LOAD build/default/production/_ext/1954180691/wdrv_winc_nvm.o
LOAD build/default/production/_ext/1954180691/wdrv_winc_systime.o
LOAD build/default/production/_ext/1954180691/wdrv_winc.o
LOAD build/default/production/_ext/1954180691/wdrv_winc_wps.o
LOAD build/default/production/_ext/1954180691/wdrv_winc_httpprovctx.o
LOAD build/default/production/_ext/35538813/atcacert_date.o
LOAD build/default/production/_ext/35538813/atcacert_pem.o
LOAD build/default/production/_ext/35538813/atcacert_def.o
LOAD build/default/production/_ext/35538813/atcacert_client.o
LOAD build/default/production/_ext/35538813/atcacert_host_sw.o
LOAD build/default/production/_ext/35538813/atcacert_der.o
LOAD build/default/production/_ext/35538813/atcacert_host_hw.o
LOAD build/default/production/_ext/95446945/calib_mac.o
LOAD build/default/production/_ext/95446945/calib_aes.o
LOAD build/default/production/_ext/95446945/calib_sha.o
LOAD build/default/production/_ext/95446945/calib_basic.o
LOAD build/default/production/_ext/95446945/calib_execution.o
LOAD build/default/production/_ext/95446945/calib_gendig.o
LOAD build/default/production/_ext/95446945/calib_lock.o
LOAD build/default/production/_ext/95446945/calib_info.o
LOAD build/default/production/_ext/95446945/calib_kdf.o
LOAD build/default/production/_ext/95446945/calib_updateextra.o
LOAD build/default/production/_ext/95446945/calib_write.o
LOAD build/default/production/_ext/95446945/calib_privwrite.o
LOAD build/default/production/_ext/95446945/calib_sign.o
LOAD build/default/production/_ext/95446945/calib_checkmac.o
LOAD build/default/production/_ext/95446945/calib_derivekey.o
LOAD build/default/production/_ext/95446945/calib_secureboot.o
LOAD build/default/production/_ext/95446945/calib_ecdh.o
LOAD build/default/production/_ext/95446945/calib_aes_gcm.o
LOAD build/default/production/_ext/95446945/calib_nonce.o
LOAD build/default/production/_ext/95446945/calib_selftest.o
LOAD build/default/production/_ext/95446945/calib_counter.o
LOAD build/default/production/_ext/95446945/calib_read.o
LOAD build/default/production/_ext/95446945/calib_delete.o
LOAD build/default/production/_ext/95446945/calib_verify.o
LOAD build/default/production/_ext/95446945/calib_genkey.o
LOAD build/default/production/_ext/95446945/calib_random.o
LOAD build/default/production/_ext/95446945/calib_helpers.o
LOAD build/default/production/_ext/95446945/calib_command.o
LOAD build/default/production/_ext/95446945/calib_hmac.o
LOAD build/default/production/_ext/2017208766/sha1_routines.o
LOAD build/default/production/_ext/2017208766/sha2_routines.o
LOAD build/default/production/_ext/1352206537/atca_crypto_pad.o
LOAD build/default/production/_ext/1352206537/atca_crypto_sw_sha1.o
LOAD build/default/production/_ext/1352206537/atca_crypto_hw_aes_ccm.o
LOAD build/default/production/_ext/1352206537/atca_crypto_hw_aes_cbcmac.o
LOAD build/default/production/_ext/1352206537/atca_crypto_hw_aes_cbc.o
LOAD build/default/production/_ext/1352206537/atca_crypto_pbkdf2.o
LOAD build/default/production/_ext/1352206537/atca_crypto_hw_aes_cmac.o
LOAD build/default/production/_ext/1352206537/atca_crypto_sw_sha2.o
LOAD build/default/production/_ext/1352206537/atca_crypto_hw_aes_ctr.o
LOAD build/default/production/_ext/1390037109/atca_hal.o
LOAD build/default/production/_ext/1390037109/hal_freertos.o
LOAD build/default/production/_ext/1390037109/hal_harmony_init.o
LOAD build/default/production/_ext/1390037109/hal_gpio_harmony.o
LOAD build/default/production/_ext/1390037109/hal_cortex_m_delay.o
LOAD build/default/production/_ext/1390037109/ATECC608_0.o
LOAD build/default/production/_ext/141463632/atca_host.o
LOAD build/default/production/_ext/1390034497/atca_jwt.o
LOAD build/default/production/_ext/1390025179/tng_atca.o
LOAD build/default/production/_ext/1390025179/tflxtls_cert_def_4_device.o
LOAD build/default/production/_ext/1390025179/tng_root_cert.o
LOAD build/default/production/_ext/1390025179/tnglora_cert_def_4_device.o
LOAD build/default/production/_ext/1390025179/tnglora_cert_def_1_signer.o
LOAD build/default/production/_ext/1390025179/tngtls_cert_def_3_device.o
LOAD build/default/production/_ext/1390025179/tng_atcacert_client.o
LOAD build/default/production/_ext/1390025179/tnglora_cert_def_2_device.o
LOAD build/default/production/_ext/1390025179/tngtls_cert_def_1_signer.o
LOAD build/default/production/_ext/1390025179/tngtls_cert_def_2_device.o
LOAD build/default/production/_ext/701127929/atca_debug.o
LOAD build/default/production/_ext/701127929/atca_cfgs.o
LOAD build/default/production/_ext/701127929/atca_utils_sizes.o
LOAD build/default/production/_ext/701127929/atca_device.o
LOAD build/default/production/_ext/701127929/atca_helpers.o
LOAD build/default/production/_ext/701127929/atca_basic.o
LOAD build/default/production/_ext/701127929/atca_iface.o
LOAD build/default/production/_ext/1529399856/osal_freertos.o
LOAD build/default/production/_ext/1984496892/plib_clock.o
LOAD build/default/production/_ext/60167341/plib_eic.o
LOAD build/default/production/_ext/1986646378/plib_evsys.o
LOAD build/default/production/_ext/1865468468/plib_nvic.o
LOAD build/default/production/_ext/1593096446/plib_nvmctrl.o
LOAD build/default/production/_ext/1865521619/plib_port.o
LOAD build/default/production/_ext/508257091/plib_sercom3_i2c_master.o
LOAD build/default/production/_ext/17022449/plib_sercom4_spi_master.o
LOAD build/default/production/_ext/504274921/plib_sercom5_usart.o
LOAD build/default/production/_ext/829342655/plib_tc3.o
LOAD build/default/production/_ext/163028504/xc32_monitor.o
LOAD build/default/production/_ext/1376093119/sys_command.o
LOAD build/default/production/_ext/1832805299/sys_console_uart.o
LOAD build/default/production/_ext/1832805299/sys_console.o
LOAD build/default/production/_ext/944882569/sys_debug.o
LOAD build/default/production/_ext/1881668453/sys_int.o
LOAD build/default/production/_ext/1000052432/sys_reset.o
LOAD build/default/production/_ext/101884895/sys_time.o
LOAD build/default/production/_ext/1171490990/libc_syscalls.o
LOAD build/default/production/_ext/1171490990/interrupts.o
LOAD build/default/production/_ext/1171490990/exceptions.o
LOAD build/default/production/_ext/1171490990/startup_xc32.o
LOAD build/default/production/_ext/1171490990/initialization.o
LOAD build/default/production/_ext/1171490990/tasks.o
LOAD build/default/production/_ext/1171490990/freertos_hooks.o
LOAD build/default/production/_ext/1624415188/port.o
LOAD build/default/production/_ext/1665200909/heap_1.o
LOAD build/default/production/_ext/404212886/timers.o
LOAD build/default/production/_ext/404212886/stream_buffer.o
LOAD build/default/production/_ext/404212886/list.o
LOAD build/default/production/_ext/404212886/event_groups.o
LOAD build/default/production/_ext/404212886/croutine.o
LOAD build/default/production/_ext/404212886/FreeRTOS_tasks.o
LOAD build/default/production/_ext/404212886/queue.o
LOAD build/default/production/_ext/1834204934/fsm.o
LOAD build/default/production/_ext/291186172/led_mgr.o
LOAD build/default/production/_ext/1236018007/MQTTClient.o
LOAD build/default/production/_ext/1522898274/MQTTConnectClient.o
LOAD build/default/production/_ext/1522898274/MQTTConnectServer.o
LOAD build/default/production/_ext/1522898274/MQTTDeserializePublish.o
LOAD build/default/production/_ext/1522898274/MQTTFormat.o
LOAD build/default/production/_ext/1522898274/MQTTPacket.o
LOAD build/default/production/_ext/1522898274/MQTTSerializePublish.o
LOAD build/default/production/_ext/1522898274/MQTTSubscribeClient.o
LOAD build/default/production/_ext/1522898274/MQTTSubscribeServer.o
LOAD build/default/production/_ext/1522898274/MQTTUnsubscribeClient.o
LOAD build/default/production/_ext/1522898274/MQTTUnsubscribeServer.o
LOAD build/default/production/_ext/450139845/network_interface.o
LOAD build/default/production/_ext/450139845/timer_interface.o
LOAD build/default/production/_ext/608252031/security_mgr.o
LOAD build/default/production/_ext/1596884741/sensor_mgr.o
LOAD build/default/production/_ext/1749010646/wifi_mgr.o
LOAD build/default/production/_ext/1360937237/main.o
LOAD build/default/production/_ext/1360937237/app.o
LOAD build/default/production/_ext/1721715585/timer_control.o
LOAD build/default/production/_ext/1793257801/osal_sphere.o
LOAD build/default/production/_ext/1749010646/cloud_task.o
LOAD build/default/production/_ext/1749010646/cloud_status.o
LOAD build/default/production/_ext/1390037109/hal_i2c_harmony.o
                0x00000001                        __MPLAB_BUILD = 0x1
                0x00040000                        __rom_end = (ORIGIN (rom) + LENGTH (rom))
                0x20008000                        __ram_end = (ORIGIN (ram) + LENGTH (ram))

.config_00804000
                0x00804000        0x4
 *(.config_00804000)
 .config_00804000
                0x00804000        0x4 build/default/production/_ext/1171490990/initialization.o
                0x00804000                __config_00804000

.config_00804004
                0x00804004        0x4
 *(.config_00804004)
 .config_00804004
                0x00804004        0x4 build/default/production/_ext/1171490990/initialization.o
                0x00804004                __config_00804004

.vectors        0x00000000       0xb0
                0x00000000                        . = ALIGN (0x4)
                0x00000000                        _sfixed = .
 *(.vectors .vectors.* .vectors_default .vectors_default.*)
 .vectors       0x00000000       0xb0 build/default/production/_ext/1171490990/interrupts.o
                0x00000000                exception_table
 *(.isr_vector)
 *(.reset*)
 *(.after_vectors)

.text           0x000000b0       0x20
                0x000000b0                        . = ALIGN (0x4)
 *(.glue_7t)
 .glue_7t       0x000000b0        0x0 linker stubs
 *(.glue_7)
 .glue_7        0x000000b0        0x0 linker stubs
 *(.gnu.linkonce.r.*)
 *(.ARM.extab* .gnu.linkonce.armextab.*)
                0x000000b0                        . = ALIGN (0x4)
 *(.init)
 .init          0x000000b0        0x4 C:/Program Files/Microchip/xc32/v5.00/bin/bin/../../lib/gcc/pic32c/13.2.1/thumb/v6-m/nofp/crti.o
                0x000000b0                _init
 .init          0x000000b4        0x8 C:/Program Files/Microchip/xc32/v5.00/bin/bin/../../lib/gcc/pic32c/13.2.1/thumb/v6-m/nofp/crtn.o
                0x000000bc                        . = ALIGN (0x4)
                0x000000bc                        __preinit_array_start = .
 *(.preinit_array)
                0x000000bc                        __preinit_array_end = .
                0x000000bc                        . = ALIGN (0x4)
                0x000000bc                        __init_array_start = .
 *(SORT_BY_NAME(.init_array.*))
 *(.init_array)
 .init_array    0x000000bc        0x4 C:/Program Files/Microchip/xc32/v5.00/bin/bin/../../lib/gcc/pic32c/13.2.1/thumb/v6-m/nofp/crtbegin.o
                0x000000c0                        __init_array_end = .
                0x000000c0                        . = ALIGN (0x4)
 *crtbegin.o(.ctors)
 *(EXCLUDE_FILE(*crtend.o) .ctors)
 *(SORT_BY_NAME(.ctors.*))
 *crtend.o(.ctors)
                0x000000c0                        . = ALIGN (0x4)
 *(.fini)
 .fini          0x000000c0        0x4 C:/Program Files/Microchip/xc32/v5.00/bin/bin/../../lib/gcc/pic32c/13.2.1/thumb/v6-m/nofp/crti.o
                0x000000c0                _fini
 .fini          0x000000c4        0x8 C:/Program Files/Microchip/xc32/v5.00/bin/bin/../../lib/gcc/pic32c/13.2.1/thumb/v6-m/nofp/crtn.o
                0x000000cc                        . = ALIGN (0x4)
                0x000000cc                        __fini_array_start = .
 *(.fini_array)
 .fini_array    0x000000cc        0x4 C:/Program Files/Microchip/xc32/v5.00/bin/bin/../../lib/gcc/pic32c/13.2.1/thumb/v6-m/nofp/crtbegin.o
 *(SORT_BY_NAME(.fini_array.*))
                0x000000d0                        __fini_array_end = .
 *crtbegin.o(.dtors)
 *(EXCLUDE_FILE(*crtend.o) .dtors)
 *(SORT_BY_NAME(.dtors.*))
 *crtend.o(.dtors)
                0x000000d0                        . = ALIGN (0x4)
                0x000000d0                        _efixed = .
                [!provide]                        PROVIDE (__exidx_start = .)

.ARM.exidx      0x000000d0       0x10
 *(.ARM.exidx* .gnu.linkonce.armexidx.*)
 .ARM.exidx     0x000000d0        0x8 C:/Program Files/Microchip/xc32/v5.00/bin/bin/../../lib/gcc/pic32c/13.2.1/thumb/v6-m/nofp\libgcc.a(_divdi3.o)
 .ARM.exidx     0x000000d8        0x8 C:/Program Files/Microchip/xc32/v5.00/bin/bin/../../lib/gcc/pic32c/13.2.1/thumb/v6-m/nofp\libgcc.a(_udivmoddi4.o)
                [!provide]                        PROVIDE (__exidx_end = .)
                0x000000e0                        . = ALIGN (0x4)
                0x000000e0                        _etext = .

.bss            0x20000000        0x0
                0x20000000                        . = ALIGN (0x4)
                0x20000000                        __bss_start__ = .
                0x20000000                        _sbss = .
                0x20000000                        _szero = .
 *(COMMON)
                0x20000000                        . = ALIGN (0x4)
                0x20000000                        __bss_end__ = .
                0x20000000                        _ebss = .
                0x20000000                        _ezero = .
                0x20000000                        . = ALIGN (0x4)
                0x20000000                        _end = .
                0x20007fff                        _ram_end_ = ((ORIGIN (ram) + LENGTH (ram)) - 0x1)
                0x00000400                        _min_heap_size = 0x400
START GROUP
LOAD C:/Program Files/Microchip/xc32/v5.00/bin/bin/../../lib/gcc/pic32c/13.2.1/../../../../pic32c/lib/thumb/v6-m/nofp\libpic32c.a
LOAD C:/Program Files/Microchip/xc32/v5.00/bin/bin/../../lib/gcc/pic32c/13.2.1/../../../../pic32c/lib/thumb/v6-m/nofp\libc-size-musl.a
LOAD C:/Program Files/Microchip/xc32/v5.00/bin/bin/../../lib/gcc/pic32c/13.2.1/../../../../pic32c/lib/thumb/v6-m/nofp\liblmalloc-musl.a
LOAD C:/Program Files/Microchip/xc32/v5.00/bin/bin/../../lib/gcc/pic32c/13.2.1/../../../../pic32c/lib/thumb/v6-m/nofp\libc-musl.a
LOAD C:/Program Files/Microchip/xc32/v5.00/bin/bin/../../lib/gcc/pic32c/13.2.1/../../../../pic32c/lib/thumb/v6-m/nofp\libm-fast-emfloat.a
LOAD C:/Program Files/Microchip/xc32/v5.00/bin/bin/../../lib/gcc/pic32c/13.2.1/../../../../pic32c/lib/thumb/v6-m/nofp\libm-musl.a
END GROUP
LOAD C:/Program Files/Microchip/xc32/v5.00/bin/bin/../../lib/gcc/pic32c/13.2.1/thumb/v6-m/nofp\libgcc.a
LOAD C:/Program Files/Microchip/xc32/v5.00/bin/bin/../../lib/gcc/pic32c/13.2.1/thumb/v6-m/nofp/crtend.o
LOAD C:/Program Files/Microchip/xc32/v5.00/bin/bin/../../lib/gcc/pic32c/13.2.1/thumb/v6-m/nofp/crtn.o
OUTPUT(dist/default/production/sam_connectivity.X.production.elf elf32-littlearm)
LOAD linker stubs
LOAD data_init

.note           0x00000000     0x1818
 .note          0x00000000       0x18 C:/Program Files/Microchip/xc32/v5.00/bin/bin/../../lib/gcc/pic32c/13.2.1/thumb/v6-m/nofp/crti.o
 .note          0x00000018       0x18 C:/Program Files/Microchip/xc32/v5.00/bin/bin/../../lib/gcc/pic32c/13.2.1/thumb/v6-m/nofp/crtbegin.o
 .note          0x00000030       0x18 build/default/production/_ext/1068697685/wdrv_winc_eint.o
 .note          0x00000048       0x18 build/default/production/_ext/1068697685/wdrv_winc_gpio.o
 .note          0x00000060       0x18 build/default/production/_ext/1697030576/wdrv_winc_spi.o
 .note          0x00000078       0x18 build/default/production/_ext/1636284884/nm_common.o
 .note          0x00000090       0x18 build/default/production/_ext/1667573777/nmasic.o
 .note          0x000000a8       0x18 build/default/production/_ext/1667573777/nmdrv.o
 .note          0x000000c0       0x18 build/default/production/_ext/1667573777/m2m_ssl.o
 .note          0x000000d8       0x18 build/default/production/_ext/1667573777/nmspi.o
 .note          0x000000f0       0x18 build/default/production/_ext/1667573777/nmbus.o
 .note          0x00000108       0x18 build/default/production/_ext/1667573777/m2m_periph.o
 .note          0x00000120       0x18 build/default/production/_ext/1667573777/m2m_hif.o
 .note          0x00000138       0x18 build/default/production/_ext/1667573777/m2m_ota.o
 .note          0x00000150       0x18 build/default/production/_ext/1667573777/m2m_wifi.o
 .note          0x00000168       0x18 build/default/production/_ext/2094051164/socket.o
 .note          0x00000180       0x18 build/default/production/_ext/2094051164/inet_ntop.o
 .note          0x00000198       0x18 build/default/production/_ext/2094051164/inet_addr.o
 .note          0x000001b0       0x18 build/default/production/_ext/1908349716/spi_flash.o
 .note          0x000001c8       0x18 build/default/production/_ext/1908349716/flexible_flash.o
 .note          0x000001e0       0x18 build/default/production/_ext/2018374705/wdrv_winc_osal.o
 .note          0x000001f8       0x18 build/default/production/_ext/1954180691/wdrv_winc_softap.o
 .note          0x00000210       0x18 build/default/production/_ext/1954180691/wdrv_winc_bssfind.o
 .note          0x00000228       0x18 build/default/production/_ext/1954180691/wdrv_winc_host_file.o
 .note          0x00000240       0x18 build/default/production/_ext/1954180691/wdrv_winc_powersave.o
 .note          0x00000258       0x18 build/default/production/_ext/1954180691/wdrv_winc_authctx.o
 .note          0x00000270       0x18 build/default/production/_ext/1954180691/wdrv_winc_enterprise.o
 .note          0x00000288       0x18 build/default/production/_ext/1954180691/wdrv_winc_ssl.o
 .note          0x000002a0       0x18 build/default/production/_ext/1954180691/wdrv_winc_bssctx.o
 .note          0x000002b8       0x18 build/default/production/_ext/1954180691/wdrv_winc_custie.o
 .note          0x000002d0       0x18 build/default/production/_ext/1954180691/wdrv_winc_assoc.o
 .note          0x000002e8       0x18 build/default/production/_ext/1954180691/wdrv_winc_socket.o
 .note          0x00000300       0x18 build/default/production/_ext/1954180691/wdrv_winc_sta.o
 .note          0x00000318       0x18 build/default/production/_ext/1954180691/wdrv_winc_nvm.o
 .note          0x00000330       0x18 build/default/production/_ext/1954180691/wdrv_winc_systime.o
 .note          0x00000348       0x18 build/default/production/_ext/1954180691/wdrv_winc.o
 .note          0x00000360       0x18 build/default/production/_ext/1954180691/wdrv_winc_wps.o
 .note          0x00000378       0x18 build/default/production/_ext/1954180691/wdrv_winc_httpprovctx.o
 .note          0x00000390       0x18 build/default/production/_ext/35538813/atcacert_date.o
 .note          0x000003a8       0x18 build/default/production/_ext/35538813/atcacert_pem.o
 .note          0x000003c0       0x18 build/default/production/_ext/35538813/atcacert_def.o
 .note          0x000003d8       0x18 build/default/production/_ext/35538813/atcacert_client.o
 .note          0x000003f0       0x18 build/default/production/_ext/35538813/atcacert_host_sw.o
 .note          0x00000408       0x18 build/default/production/_ext/35538813/atcacert_der.o
 .note          0x00000420       0x18 build/default/production/_ext/35538813/atcacert_host_hw.o
 .note          0x00000438       0x18 build/default/production/_ext/95446945/calib_mac.o
 .note          0x00000450       0x18 build/default/production/_ext/95446945/calib_aes.o
 .note          0x00000468       0x18 build/default/production/_ext/95446945/calib_sha.o
 .note          0x00000480       0x18 build/default/production/_ext/95446945/calib_basic.o
 .note          0x00000498       0x18 build/default/production/_ext/95446945/calib_execution.o
 .note          0x000004b0       0x18 build/default/production/_ext/95446945/calib_gendig.o
 .note          0x000004c8       0x18 build/default/production/_ext/95446945/calib_lock.o
 .note          0x000004e0       0x18 build/default/production/_ext/95446945/calib_info.o
 .note          0x000004f8       0x18 build/default/production/_ext/95446945/calib_kdf.o
 .note          0x00000510       0x18 build/default/production/_ext/95446945/calib_updateextra.o
 .note          0x00000528       0x18 build/default/production/_ext/95446945/calib_write.o
 .note          0x00000540       0x18 build/default/production/_ext/95446945/calib_privwrite.o
 .note          0x00000558       0x18 build/default/production/_ext/95446945/calib_sign.o
 .note          0x00000570       0x18 build/default/production/_ext/95446945/calib_checkmac.o
 .note          0x00000588       0x18 build/default/production/_ext/95446945/calib_derivekey.o
 .note          0x000005a0       0x18 build/default/production/_ext/95446945/calib_secureboot.o
 .note          0x000005b8       0x18 build/default/production/_ext/95446945/calib_ecdh.o
 .note          0x000005d0       0x18 build/default/production/_ext/95446945/calib_aes_gcm.o
 .note          0x000005e8       0x18 build/default/production/_ext/95446945/calib_nonce.o
 .note          0x00000600       0x18 build/default/production/_ext/95446945/calib_selftest.o
 .note          0x00000618       0x18 build/default/production/_ext/95446945/calib_counter.o
 .note          0x00000630       0x18 build/default/production/_ext/95446945/calib_read.o
 .note          0x00000648       0x18 build/default/production/_ext/95446945/calib_delete.o
 .note          0x00000660       0x18 build/default/production/_ext/95446945/calib_verify.o
 .note          0x00000678       0x18 build/default/production/_ext/95446945/calib_genkey.o
 .note          0x00000690       0x18 build/default/production/_ext/95446945/calib_random.o
 .note          0x000006a8       0x18 build/default/production/_ext/95446945/calib_helpers.o
 .note          0x000006c0       0x18 build/default/production/_ext/95446945/calib_command.o
 .note          0x000006d8       0x18 build/default/production/_ext/95446945/calib_hmac.o
 .note          0x000006f0       0x18 build/default/production/_ext/2017208766/sha1_routines.o
 .note          0x00000708       0x18 build/default/production/_ext/2017208766/sha2_routines.o
 .note          0x00000720       0x18 build/default/production/_ext/1352206537/atca_crypto_pad.o
 .note          0x00000738       0x18 build/default/production/_ext/1352206537/atca_crypto_sw_sha1.o
 .note          0x00000750       0x18 build/default/production/_ext/1352206537/atca_crypto_hw_aes_ccm.o
 .note          0x00000768       0x18 build/default/production/_ext/1352206537/atca_crypto_hw_aes_cbcmac.o
 .note          0x00000780       0x18 build/default/production/_ext/1352206537/atca_crypto_hw_aes_cbc.o
 .note          0x00000798       0x18 build/default/production/_ext/1352206537/atca_crypto_pbkdf2.o
 .note          0x000007b0       0x18 build/default/production/_ext/1352206537/atca_crypto_hw_aes_cmac.o
 .note          0x000007c8       0x18 build/default/production/_ext/1352206537/atca_crypto_sw_sha2.o
 .note          0x000007e0       0x18 build/default/production/_ext/1352206537/atca_crypto_hw_aes_ctr.o
 .note          0x000007f8       0x18 build/default/production/_ext/1390037109/atca_hal.o
 .note          0x00000810       0x18 build/default/production/_ext/1390037109/hal_freertos.o
 .note          0x00000828       0x18 build/default/production/_ext/1390037109/hal_harmony_init.o
 .note          0x00000840       0x18 build/default/production/_ext/1390037109/hal_gpio_harmony.o
 .note          0x00000858       0x18 build/default/production/_ext/1390037109/hal_cortex_m_delay.o
 .note          0x00000870       0x18 build/default/production/_ext/1390037109/ATECC608_0.o
 .note          0x00000888       0x18 build/default/production/_ext/141463632/atca_host.o
 .note          0x000008a0       0x18 build/default/production/_ext/1390034497/atca_jwt.o
 .note          0x000008b8       0x18 build/default/production/_ext/1390025179/tng_atca.o
 .note          0x000008d0       0x18 build/default/production/_ext/1390025179/tflxtls_cert_def_4_device.o
 .note          0x000008e8       0x18 build/default/production/_ext/1390025179/tng_root_cert.o
 .note          0x00000900       0x18 build/default/production/_ext/1390025179/tnglora_cert_def_4_device.o
 .note          0x00000918       0x18 build/default/production/_ext/1390025179/tnglora_cert_def_1_signer.o
 .note          0x00000930       0x18 build/default/production/_ext/1390025179/tngtls_cert_def_3_device.o
 .note          0x00000948       0x18 build/default/production/_ext/1390025179/tng_atcacert_client.o
 .note          0x00000960       0x18 build/default/production/_ext/1390025179/tnglora_cert_def_2_device.o
 .note          0x00000978       0x18 build/default/production/_ext/1390025179/tngtls_cert_def_1_signer.o
 .note          0x00000990       0x18 build/default/production/_ext/1390025179/tngtls_cert_def_2_device.o
 .note          0x000009a8       0x18 build/default/production/_ext/701127929/atca_debug.o
 .note          0x000009c0       0x18 build/default/production/_ext/701127929/atca_cfgs.o
 .note          0x000009d8       0x18 build/default/production/_ext/701127929/atca_utils_sizes.o
 .note          0x000009f0       0x18 build/default/production/_ext/701127929/atca_device.o
 .note          0x00000a08       0x18 build/default/production/_ext/701127929/atca_helpers.o
 .note          0x00000a20       0x18 build/default/production/_ext/701127929/atca_basic.o
 .note          0x00000a38       0x18 build/default/production/_ext/701127929/atca_iface.o
 .note          0x00000a50       0x18 build/default/production/_ext/1529399856/osal_freertos.o
 .note          0x00000a68       0x18 build/default/production/_ext/1984496892/plib_clock.o
 .note          0x00000a80       0x18 build/default/production/_ext/60167341/plib_eic.o
 .note          0x00000a98       0x18 build/default/production/_ext/1986646378/plib_evsys.o
 .note          0x00000ab0       0x18 build/default/production/_ext/1865468468/plib_nvic.o
 .note          0x00000ac8       0x18 build/default/production/_ext/1593096446/plib_nvmctrl.o
 .note          0x00000ae0       0x18 build/default/production/_ext/1865521619/plib_port.o
 .note          0x00000af8       0x18 build/default/production/_ext/508257091/plib_sercom3_i2c_master.o
 .note          0x00000b10       0x18 build/default/production/_ext/17022449/plib_sercom4_spi_master.o
 .note          0x00000b28       0x18 build/default/production/_ext/504274921/plib_sercom5_usart.o
 .note          0x00000b40       0x18 build/default/production/_ext/829342655/plib_tc3.o
 .note          0x00000b58       0x18 build/default/production/_ext/163028504/xc32_monitor.o
 .note          0x00000b70       0x18 build/default/production/_ext/1376093119/sys_command.o
 .note          0x00000b88       0x18 build/default/production/_ext/1832805299/sys_console_uart.o
 .note          0x00000ba0       0x18 build/default/production/_ext/1832805299/sys_console.o
 .note          0x00000bb8       0x18 build/default/production/_ext/944882569/sys_debug.o
 .note          0x00000bd0       0x18 build/default/production/_ext/1881668453/sys_int.o
 .note          0x00000be8       0x18 build/default/production/_ext/1000052432/sys_reset.o
 .note          0x00000c00       0x18 build/default/production/_ext/101884895/sys_time.o
 .note          0x00000c18       0x18 build/default/production/_ext/1171490990/libc_syscalls.o
 .note          0x00000c30       0x18 build/default/production/_ext/1171490990/interrupts.o
 .note          0x00000c48       0x18 build/default/production/_ext/1171490990/exceptions.o
 .note          0x00000c60       0x18 build/default/production/_ext/1171490990/startup_xc32.o
 .note          0x00000c78       0x78 build/default/production/_ext/1171490990/initialization.o
 .note          0x00000cf0       0x18 build/default/production/_ext/1171490990/tasks.o
 .note          0x00000d08       0x18 build/default/production/_ext/1171490990/freertos_hooks.o
 .note          0x00000d20       0x18 build/default/production/_ext/1624415188/port.o
 .note          0x00000d38       0x18 build/default/production/_ext/1665200909/heap_1.o
 .note          0x00000d50       0x18 build/default/production/_ext/404212886/timers.o
 .note          0x00000d68       0x18 build/default/production/_ext/404212886/stream_buffer.o
 .note          0x00000d80       0x18 build/default/production/_ext/404212886/list.o
 .note          0x00000d98       0x18 build/default/production/_ext/404212886/event_groups.o
 .note          0x00000db0       0x18 build/default/production/_ext/404212886/croutine.o
 .note          0x00000dc8       0x18 build/default/production/_ext/404212886/FreeRTOS_tasks.o
 .note          0x00000de0       0x18 build/default/production/_ext/404212886/queue.o
 .note          0x00000df8       0x18 build/default/production/_ext/1834204934/fsm.o
 .note          0x00000e10       0x18 build/default/production/_ext/291186172/led_mgr.o
 .note          0x00000e28       0x18 build/default/production/_ext/1236018007/MQTTClient.o
 .note          0x00000e40       0x18 build/default/production/_ext/1522898274/MQTTConnectClient.o
 .note          0x00000e58       0x18 build/default/production/_ext/1522898274/MQTTConnectServer.o
 .note          0x00000e70       0x18 build/default/production/_ext/1522898274/MQTTDeserializePublish.o
 .note          0x00000e88       0x18 build/default/production/_ext/1522898274/MQTTFormat.o
 .note          0x00000ea0       0x18 build/default/production/_ext/1522898274/MQTTPacket.o
 .note          0x00000eb8       0x18 build/default/production/_ext/1522898274/MQTTSerializePublish.o
 .note          0x00000ed0       0x18 build/default/production/_ext/1522898274/MQTTSubscribeClient.o
 .note          0x00000ee8       0x18 build/default/production/_ext/1522898274/MQTTSubscribeServer.o
 .note          0x00000f00       0x18 build/default/production/_ext/1522898274/MQTTUnsubscribeClient.o
 .note          0x00000f18       0x18 build/default/production/_ext/1522898274/MQTTUnsubscribeServer.o
 .note          0x00000f30       0x18 build/default/production/_ext/450139845/network_interface.o
 .note          0x00000f48       0x18 build/default/production/_ext/450139845/timer_interface.o
 .note          0x00000f60       0x18 build/default/production/_ext/608252031/security_mgr.o
 .note          0x00000f78       0x18 build/default/production/_ext/1596884741/sensor_mgr.o
 .note          0x00000f90       0x18 build/default/production/_ext/1749010646/wifi_mgr.o
 .note          0x00000fa8       0x18 build/default/production/_ext/1360937237/main.o
 .note          0x00000fc0       0x18 build/default/production/_ext/1360937237/app.o
 .note          0x00000fd8       0x18 build/default/production/_ext/1721715585/timer_control.o
 .note          0x00000ff0       0x18 build/default/production/_ext/1793257801/osal_sphere.o
 .note          0x00001008       0x18 build/default/production/_ext/1749010646/cloud_task.o
 .note          0x00001020       0x18 build/default/production/_ext/1749010646/cloud_status.o
 .note          0x00001038       0x18 build/default/production/_ext/1390037109/hal_i2c_harmony.o
 .note          0x00001050       0x18 C:/Program Files/Microchip/xc32/v5.00/bin/bin/../../lib/gcc/pic32c/13.2.1/../../../../pic32c/lib/thumb/v6-m/nofp\libpic32c.a(data_init.o)
 .note          0x00001068       0x18 C:/Program Files/Microchip/xc32/v5.00/bin/bin/../../lib/gcc/pic32c/13.2.1/../../../../pic32c/lib/thumb/v6-m/nofp\libc-size-musl.a(memcmp.o)
 .note          0x00001080       0x18 C:/Program Files/Microchip/xc32/v5.00/bin/bin/../../lib/gcc/pic32c/13.2.1/../../../../pic32c/lib/thumb/v6-m/nofp\libc-size-musl.a(memcpy.o)
 .note          0x00001098       0x18 C:/Program Files/Microchip/xc32/v5.00/bin/bin/../../lib/gcc/pic32c/13.2.1/../../../../pic32c/lib/thumb/v6-m/nofp\libc-size-musl.a(memmove.o)
 .note          0x000010b0       0x18 C:/Program Files/Microchip/xc32/v5.00/bin/bin/../../lib/gcc/pic32c/13.2.1/../../../../pic32c/lib/thumb/v6-m/nofp\libc-size-musl.a(memset.o)
 .note          0x000010c8       0x18 C:/Program Files/Microchip/xc32/v5.00/bin/bin/../../lib/gcc/pic32c/13.2.1/../../../../pic32c/lib/thumb/v6-m/nofp\libc-size-musl.a(strlen.o)
 .note          0x000010e0       0x18 C:/Program Files/Microchip/xc32/v5.00/bin/bin/../../lib/gcc/pic32c/13.2.1/../../../../pic32c/lib/thumb/v6-m/nofp\libc-size-musl.a(strstr.o)
 .note          0x000010f8       0x18 C:/Program Files/Microchip/xc32/v5.00/bin/bin/../../lib/gcc/pic32c/13.2.1/../../../../pic32c/lib/thumb/v6-m/nofp\libc-size-musl.a(strcat.o)
 .note          0x00001110       0x18 C:/Program Files/Microchip/xc32/v5.00/bin/bin/../../lib/gcc/pic32c/13.2.1/../../../../pic32c/lib/thumb/v6-m/nofp\libc-size-musl.a(strchr.o)
 .note          0x00001128       0x18 C:/Program Files/Microchip/xc32/v5.00/bin/bin/../../lib/gcc/pic32c/13.2.1/../../../../pic32c/lib/thumb/v6-m/nofp\libc-size-musl.a(strchrnul.o)
 .note          0x00001140       0x18 C:/Program Files/Microchip/xc32/v5.00/bin/bin/../../lib/gcc/pic32c/13.2.1/../../../../pic32c/lib/thumb/v6-m/nofp\libc-size-musl.a(strcmp.o)
 .note          0x00001158       0x18 C:/Program Files/Microchip/xc32/v5.00/bin/bin/../../lib/gcc/pic32c/13.2.1/../../../../pic32c/lib/thumb/v6-m/nofp\libc-size-musl.a(strcpy.o)
 .note          0x00001170       0x18 C:/Program Files/Microchip/xc32/v5.00/bin/bin/../../lib/gcc/pic32c/13.2.1/../../../../pic32c/lib/thumb/v6-m/nofp\libc-size-musl.a(strncmp.o)
 .note          0x00001188       0x18 C:/Program Files/Microchip/xc32/v5.00/bin/bin/../../lib/gcc/pic32c/13.2.1/../../../../pic32c/lib/thumb/v6-m/nofp\libc-size-musl.a(strncpy.o)
 .note          0x000011a0       0x18 C:/Program Files/Microchip/xc32/v5.00/bin/bin/../../lib/gcc/pic32c/13.2.1/../../../../pic32c/lib/thumb/v6-m/nofp\libc-size-musl.a(strnlen.o)
 .note          0x000011b8       0x18 C:/Program Files/Microchip/xc32/v5.00/bin/bin/../../lib/gcc/pic32c/13.2.1/../../../../pic32c/lib/thumb/v6-m/nofp\libc-size-musl.a(strtok.o)
 .note          0x000011d0       0x18 C:/Program Files/Microchip/xc32/v5.00/bin/bin/../../lib/gcc/pic32c/13.2.1/../../../../pic32c/lib/thumb/v6-m/nofp\libc-size-musl.a(memchr.o)
 .note          0x000011e8       0x18 C:/Program Files/Microchip/xc32/v5.00/bin/bin/../../lib/gcc/pic32c/13.2.1/../../../../pic32c/lib/thumb/v6-m/nofp\libc-size-musl.a(stpcpy.o)
 .note          0x00001200       0x18 C:/Program Files/Microchip/xc32/v5.00/bin/bin/../../lib/gcc/pic32c/13.2.1/../../../../pic32c/lib/thumb/v6-m/nofp\libc-size-musl.a(stpncpy.o)
 .note          0x00001218       0x18 C:/Program Files/Microchip/xc32/v5.00/bin/bin/../../lib/gcc/pic32c/13.2.1/../../../../pic32c/lib/thumb/v6-m/nofp\libc-size-musl.a(strcspn.o)
 .note          0x00001230       0x18 C:/Program Files/Microchip/xc32/v5.00/bin/bin/../../lib/gcc/pic32c/13.2.1/../../../../pic32c/lib/thumb/v6-m/nofp\libc-size-musl.a(strspn.o)
 .note          0x00001248       0x18 C:/Program Files/Microchip/xc32/v5.00/bin/bin/../../lib/gcc/pic32c/13.2.1/../../../../pic32c/lib/thumb/v6-m/nofp\liblmalloc-musl.a(lite_free.o)
 .note          0x00001260       0x18 C:/Program Files/Microchip/xc32/v5.00/bin/bin/../../lib/gcc/pic32c/13.2.1/../../../../pic32c/lib/thumb/v6-m/nofp\liblmalloc-musl.a(lite_malloc.o)
 .note          0x00001278       0x18 C:/Program Files/Microchip/xc32/v5.00/bin/bin/../../lib/gcc/pic32c/13.2.1/../../../../pic32c/lib/thumb/v6-m/nofp\libc-musl.a(tolower.o)
 .note          0x00001290       0x18 C:/Program Files/Microchip/xc32/v5.00/bin/bin/../../lib/gcc/pic32c/13.2.1/../../../../pic32c/lib/thumb/v6-m/nofp\libc-musl.a(toupper.o)
 .note          0x000012a8       0x18 C:/Program Files/Microchip/xc32/v5.00/bin/bin/../../lib/gcc/pic32c/13.2.1/../../../../pic32c/lib/thumb/v6-m/nofp\libc-musl.a(__libc_start_main.o)
 .note          0x000012c0       0x18 C:/Program Files/Microchip/xc32/v5.00/bin/bin/../../lib/gcc/pic32c/13.2.1/../../../../pic32c/lib/thumb/v6-m/nofp\libc-musl.a(__errno_location.o)
 .note          0x000012d8       0x18 C:/Program Files/Microchip/xc32/v5.00/bin/bin/../../lib/gcc/pic32c/13.2.1/../../../../pic32c/lib/thumb/v6-m/nofp\libc-musl.a(libc.o)
 .note          0x000012f0       0x18 C:/Program Files/Microchip/xc32/v5.00/bin/bin/../../lib/gcc/pic32c/13.2.1/../../../../pic32c/lib/thumb/v6-m/nofp\libc-musl.a(expand_heap.o)
 .note          0x00001308       0x18 C:/Program Files/Microchip/xc32/v5.00/bin/bin/../../lib/gcc/pic32c/13.2.1/../../../../pic32c/lib/thumb/v6-m/nofp\libc-musl.a(fprintf.o)
 .note          0x00001320       0x18 C:/Program Files/Microchip/xc32/v5.00/bin/bin/../../lib/gcc/pic32c/13.2.1/../../../../pic32c/lib/thumb/v6-m/nofp\libc-musl.a(fflush.o)
 .note          0x00001338       0x18 C:/Program Files/Microchip/xc32/v5.00/bin/bin/../../lib/gcc/pic32c/13.2.1/../../../../pic32c/lib/thumb/v6-m/nofp\libc-musl.a(stderr.o)
 .note          0x00001350       0x18 C:/Program Files/Microchip/xc32/v5.00/bin/bin/../../lib/gcc/pic32c/13.2.1/../../../../pic32c/lib/thumb/v6-m/nofp\libc-musl.a(vfprintf.o)
 .note          0x00001368       0x18 C:/Program Files/Microchip/xc32/v5.00/bin/bin/../../lib/gcc/pic32c/13.2.1/../../../../pic32c/lib/thumb/v6-m/nofp\libc-musl.a(vsnprintf.o)
 .note          0x00001380       0x18 C:/Program Files/Microchip/xc32/v5.00/bin/bin/../../lib/gcc/pic32c/13.2.1/../../../../pic32c/lib/thumb/v6-m/nofp\libc-musl.a(snprintf.o)
 .note          0x00001398       0x18 C:/Program Files/Microchip/xc32/v5.00/bin/bin/../../lib/gcc/pic32c/13.2.1/../../../../pic32c/lib/thumb/v6-m/nofp\libc-musl.a(sprintf.o)
 .note          0x000013b0       0x18 C:/Program Files/Microchip/xc32/v5.00/bin/bin/../../lib/gcc/pic32c/13.2.1/../../../../pic32c/lib/thumb/v6-m/nofp\libc-musl.a(vsprintf.o)
 .note          0x000013c8       0x18 C:/Program Files/Microchip/xc32/v5.00/bin/bin/../../lib/gcc/pic32c/13.2.1/../../../../pic32c/lib/thumb/v6-m/nofp\libc-musl.a(gmtime.o)
 .note          0x000013e0       0x18 C:/Program Files/Microchip/xc32/v5.00/bin/bin/../../lib/gcc/pic32c/13.2.1/../../../../pic32c/lib/thumb/v6-m/nofp\libc-musl.a(gmtime_r.o)
 .note          0x000013f8       0x18 C:/Program Files/Microchip/xc32/v5.00/bin/bin/../../lib/gcc/pic32c/13.2.1/../../../../pic32c/lib/thumb/v6-m/nofp\libc-musl.a(mktime.o)
 .note          0x00001410       0x18 C:/Program Files/Microchip/xc32/v5.00/bin/bin/../../lib/gcc/pic32c/13.2.1/../../../../pic32c/lib/thumb/v6-m/nofp\libc-musl.a(__environ.o)
 .note          0x00001428       0x18 C:/Program Files/Microchip/xc32/v5.00/bin/bin/../../lib/gcc/pic32c/13.2.1/../../../../pic32c/lib/thumb/v6-m/nofp\libc-musl.a(__io_fmt_needed.o)
 .note          0x00001440       0x18 C:/Program Files/Microchip/xc32/v5.00/bin/bin/../../lib/gcc/pic32c/13.2.1/../../../../pic32c/lib/thumb/v6-m/nofp\libc-musl.a(__io_init_needed.o)
 .note          0x00001458       0x18 C:/Program Files/Microchip/xc32/v5.00/bin/bin/../../lib/gcc/pic32c/13.2.1/../../../../pic32c/lib/thumb/v6-m/nofp\libc-musl.a(__pop_float.o)
 .note          0x00001470       0x18 C:/Program Files/Microchip/xc32/v5.00/bin/bin/../../lib/gcc/pic32c/13.2.1/../../../../pic32c/lib/thumb/v6-m/nofp\libc-musl.a(__pop_int.o)
 .note          0x00001488       0x18 C:/Program Files/Microchip/xc32/v5.00/bin/bin/../../lib/gcc/pic32c/13.2.1/../../../../pic32c/lib/thumb/v6-m/nofp\libc-musl.a(__pop_ptr.o)
 .note          0x000014a0       0x18 C:/Program Files/Microchip/xc32/v5.00/bin/bin/../../lib/gcc/pic32c/13.2.1/../../../../pic32c/lib/thumb/v6-m/nofp\libc-musl.a(__printf_core.o)
 .note          0x000014b8       0x18 C:/Program Files/Microchip/xc32/v5.00/bin/bin/../../lib/gcc/pic32c/13.2.1/../../../../pic32c/lib/thumb/v6-m/nofp\libc-musl.a(atoi.o)
 .note          0x000014d0       0x18 C:/Program Files/Microchip/xc32/v5.00/bin/bin/../../lib/gcc/pic32c/13.2.1/../../../../pic32c/lib/thumb/v6-m/nofp\libc-musl.a(__tm_to_secs.o)
 .note          0x000014e8       0x18 C:/Program Files/Microchip/xc32/v5.00/bin/bin/../../lib/gcc/pic32c/13.2.1/../../../../pic32c/lib/thumb/v6-m/nofp\libc-musl.a(__year_to_secs.o)
 .note          0x00001500       0x18 C:/Program Files/Microchip/xc32/v5.00/bin/bin/../../lib/gcc/pic32c/13.2.1/../../../../pic32c/lib/thumb/v6-m/nofp\libc-musl.a(__secs_to_tm.o)
 .note          0x00001518       0x18 C:/Program Files/Microchip/xc32/v5.00/bin/bin/../../lib/gcc/pic32c/13.2.1/../../../../pic32c/lib/thumb/v6-m/nofp\libc-musl.a(__fmt_a.o)
 .note          0x00001530       0x18 C:/Program Files/Microchip/xc32/v5.00/bin/bin/../../lib/gcc/pic32c/13.2.1/../../../../pic32c/lib/thumb/v6-m/nofp\libc-musl.a(__fmt_d.o)
 .note          0x00001548       0x18 C:/Program Files/Microchip/xc32/v5.00/bin/bin/../../lib/gcc/pic32c/13.2.1/../../../../pic32c/lib/thumb/v6-m/nofp\libc-musl.a(__fmt_fp.o)
 .note          0x00001560       0x18 C:/Program Files/Microchip/xc32/v5.00/bin/bin/../../lib/gcc/pic32c/13.2.1/../../../../pic32c/lib/thumb/v6-m/nofp\libc-musl.a(__fmt_o.o)
 .note          0x00001578       0x18 C:/Program Files/Microchip/xc32/v5.00/bin/bin/../../lib/gcc/pic32c/13.2.1/../../../../pic32c/lib/thumb/v6-m/nofp\libc-musl.a(__fmt_s.o)
 .note          0x00001590       0x18 C:/Program Files/Microchip/xc32/v5.00/bin/bin/../../lib/gcc/pic32c/13.2.1/../../../../pic32c/lib/thumb/v6-m/nofp\libc-musl.a(__fmt_u.o)
 .note          0x000015a8       0x18 C:/Program Files/Microchip/xc32/v5.00/bin/bin/../../lib/gcc/pic32c/13.2.1/../../../../pic32c/lib/thumb/v6-m/nofp\libc-musl.a(__fmt_x.o)
 .note          0x000015c0       0x18 C:/Program Files/Microchip/xc32/v5.00/bin/bin/../../lib/gcc/pic32c/13.2.1/../../../../pic32c/lib/thumb/v6-m/nofp\libc-musl.a(__init_stdio.o)
 .note          0x000015d8       0x18 C:/Program Files/Microchip/xc32/v5.00/bin/bin/../../lib/gcc/pic32c/13.2.1/../../../../pic32c/lib/thumb/v6-m/nofp\libc-musl.a(__io_file_needed.o)
 .note          0x000015f0       0x18 C:/Program Files/Microchip/xc32/v5.00/bin/bin/../../lib/gcc/pic32c/13.2.1/../../../../pic32c/lib/thumb/v6-m/nofp\libc-musl.a(__out.o)
 .note          0x00001608       0x18 C:/Program Files/Microchip/xc32/v5.00/bin/bin/../../lib/gcc/pic32c/13.2.1/../../../../pic32c/lib/thumb/v6-m/nofp\libc-musl.a(__month_to_secs.o)
 .note          0x00001620       0x18 C:/Program Files/Microchip/xc32/v5.00/bin/bin/../../lib/gcc/pic32c/13.2.1/../../../../pic32c/lib/thumb/v6-m/nofp\libc-musl.a(__cvt_u.o)
 .note          0x00001638       0x18 C:/Program Files/Microchip/xc32/v5.00/bin/bin/../../lib/gcc/pic32c/13.2.1/../../../../pic32c/lib/thumb/v6-m/nofp\libpic32c.a(sbrk.o)
 .note          0x00001650       0x18 C:/Program Files/Microchip/xc32/v5.00/bin/bin/../../lib/gcc/pic32c/13.2.1/thumb/v6-m/nofp\libgcc.a(_thumb1_case_uqi.o)
 .note          0x00001668       0x18 C:/Program Files/Microchip/xc32/v5.00/bin/bin/../../lib/gcc/pic32c/13.2.1/thumb/v6-m/nofp\libgcc.a(_udivsi3.o)
 .note          0x00001680       0x18 C:/Program Files/Microchip/xc32/v5.00/bin/bin/../../lib/gcc/pic32c/13.2.1/thumb/v6-m/nofp\libgcc.a(_divsi3.o)
 .note          0x00001698       0x18 C:/Program Files/Microchip/xc32/v5.00/bin/bin/../../lib/gcc/pic32c/13.2.1/thumb/v6-m/nofp\libgcc.a(_dvmd_tls.o)
 .note          0x000016b0       0x18 C:/Program Files/Microchip/xc32/v5.00/bin/bin/../../lib/gcc/pic32c/13.2.1/thumb/v6-m/nofp\libgcc.a(_aeabi_ldivmod.o)
 .note          0x000016c8       0x18 C:/Program Files/Microchip/xc32/v5.00/bin/bin/../../lib/gcc/pic32c/13.2.1/thumb/v6-m/nofp\libgcc.a(_aeabi_uldivmod.o)
 .note          0x000016e0       0x18 C:/Program Files/Microchip/xc32/v5.00/bin/bin/../../lib/gcc/pic32c/13.2.1/thumb/v6-m/nofp\libgcc.a(_muldi3.o)
 .note          0x000016f8       0x18 C:/Program Files/Microchip/xc32/v5.00/bin/bin/../../lib/gcc/pic32c/13.2.1/thumb/v6-m/nofp\libgcc.a(_udivmoddi4.o)
 .note          0x00001710       0x18 C:/Program Files/Microchip/xc32/v5.00/bin/bin/../../lib/gcc/pic32c/13.2.1/thumb/v6-m/nofp\libgcc.a(bpabi.o)
 .note          0x00001728       0x18 C:/Program Files/Microchip/xc32/v5.00/bin/bin/../../lib/gcc/pic32c/13.2.1/thumb/v6-m/nofp\libgcc.a(_lshrdi3.o)
 .note          0x00001740       0x18 C:/Program Files/Microchip/xc32/v5.00/bin/bin/../../lib/gcc/pic32c/13.2.1/thumb/v6-m/nofp\libgcc.a(_ashldi3.o)
 .note          0x00001758       0x18 C:/Program Files/Microchip/xc32/v5.00/bin/bin/../../lib/gcc/pic32c/13.2.1/thumb/v6-m/nofp\libgcc.a(_clzdi2.o)
 .note          0x00001770       0x18 C:/Program Files/Microchip/xc32/v5.00/bin/bin/../../lib/gcc/pic32c/13.2.1/thumb/v6-m/nofp\libgcc.a(_divdi3.o)
 .note          0x00001788       0x18 C:/Program Files/Microchip/xc32/v5.00/bin/bin/../../lib/gcc/pic32c/13.2.1/thumb/v6-m/nofp\libgcc.a(_clzsi2.o)
 .note          0x000017a0       0x18 C:/Program Files/Microchip/xc32/v5.00/bin/bin/../../lib/gcc/pic32c/13.2.1/thumb/v6-m/nofp/crtend.o
 .note          0x000017b8       0x18 C:/Program Files/Microchip/xc32/v5.00/bin/bin/../../lib/gcc/pic32c/13.2.1/thumb/v6-m/nofp/crtn.o
 .note          0x000017d0       0x18 C:/Program Files/Microchip/xc32/v5.00/bin/bin/../../lib/gcc/pic32c/13.2.1/../../../../pic32c/lib/thumb/v6-m/nofp\libpic32c.a(pic32_data_init_clear.o)
 .note          0x000017e8       0x18 C:/Program Files/Microchip/xc32/v5.00/bin/bin/../../lib/gcc/pic32c/13.2.1/../../../../pic32c/lib/thumb/v6-m/nofp\libpic32c.a(pic32_data_init_copy.o)
 .note          0x00001800       0x18 C:/Program Files/Microchip/xc32/v5.00/bin/bin/../../lib/gcc/pic32c/13.2.1/../../../../pic32c/lib/thumb/v6-m/nofp\libpic32c.a(pic32_data_init_decompress.o)

.ARM.attributes
                0x00000000       0x2a
 .ARM.attributes
                0x00000000       0x1e C:/Program Files/Microchip/xc32/v5.00/bin/bin/../../lib/gcc/pic32c/13.2.1/thumb/v6-m/nofp/crti.o
 .ARM.attributes
                0x0000001e       0x2c C:/Program Files/Microchip/xc32/v5.00/bin/bin/../../lib/gcc/pic32c/13.2.1/thumb/v6-m/nofp/crtbegin.o
 .ARM.attributes
                0x0000004a       0x2c build/default/production/_ext/1068697685/wdrv_winc_eint.o
 .ARM.attributes
                0x00000076       0x2c build/default/production/_ext/1068697685/wdrv_winc_gpio.o
 .ARM.attributes
                0x000000a2       0x2c build/default/production/_ext/1697030576/wdrv_winc_spi.o
 .ARM.attributes
                0x000000ce       0x2c build/default/production/_ext/1636284884/nm_common.o
 .ARM.attributes
                0x000000fa       0x2c build/default/production/_ext/1667573777/nmasic.o
 .ARM.attributes
                0x00000126       0x2c build/default/production/_ext/1667573777/nmdrv.o
 .ARM.attributes
                0x00000152       0x2c build/default/production/_ext/1667573777/m2m_ssl.o
 .ARM.attributes
                0x0000017e       0x2c build/default/production/_ext/1667573777/nmspi.o
 .ARM.attributes
                0x000001aa       0x2c build/default/production/_ext/1667573777/nmbus.o
 .ARM.attributes
                0x000001d6       0x2c build/default/production/_ext/1667573777/m2m_hif.o
 .ARM.attributes
                0x00000202       0x2c build/default/production/_ext/1667573777/m2m_ota.o
 .ARM.attributes
                0x0000022e       0x2c build/default/production/_ext/1667573777/m2m_wifi.o
 .ARM.attributes
                0x0000025a       0x2c build/default/production/_ext/2094051164/socket.o
 .ARM.attributes
                0x00000286       0x2c build/default/production/_ext/2094051164/inet_ntop.o
 .ARM.attributes
                0x000002b2       0x2c build/default/production/_ext/1908349716/spi_flash.o
 .ARM.attributes
                0x000002de       0x2c build/default/production/_ext/1908349716/flexible_flash.o
 .ARM.attributes
                0x0000030a       0x2c build/default/production/_ext/2018374705/wdrv_winc_osal.o
 .ARM.attributes
                0x00000336       0x2c build/default/production/_ext/1954180691/wdrv_winc_host_file.o
 .ARM.attributes
                0x00000362       0x2c build/default/production/_ext/1954180691/wdrv_winc_authctx.o
 .ARM.attributes
                0x0000038e       0x2c build/default/production/_ext/1954180691/wdrv_winc_bssctx.o
 .ARM.attributes
                0x000003ba       0x2c build/default/production/_ext/1954180691/wdrv_winc_socket.o
 .ARM.attributes
                0x000003e6       0x2c build/default/production/_ext/1954180691/wdrv_winc_systime.o
 .ARM.attributes
                0x00000412       0x2c build/default/production/_ext/1954180691/wdrv_winc.o
 .ARM.attributes
                0x0000043e       0x2c build/default/production/_ext/35538813/atcacert_date.o
 .ARM.attributes
                0x0000046a       0x2c build/default/production/_ext/35538813/atcacert_pem.o
 .ARM.attributes
                0x00000496       0x2c build/default/production/_ext/35538813/atcacert_def.o
 .ARM.attributes
                0x000004c2       0x2c build/default/production/_ext/35538813/atcacert_client.o
 .ARM.attributes
                0x000004ee       0x2c build/default/production/_ext/35538813/atcacert_der.o
 .ARM.attributes
                0x0000051a       0x2c build/default/production/_ext/95446945/calib_basic.o
 .ARM.attributes
                0x00000546       0x2c build/default/production/_ext/95446945/calib_execution.o
 .ARM.attributes
                0x00000572       0x2c build/default/production/_ext/95446945/calib_sign.o
 .ARM.attributes
                0x0000059e       0x2c build/default/production/_ext/95446945/calib_ecdh.o
 .ARM.attributes
                0x000005ca       0x2c build/default/production/_ext/95446945/calib_nonce.o
 .ARM.attributes
                0x000005f6       0x2c build/default/production/_ext/95446945/calib_read.o
 .ARM.attributes
                0x00000622       0x2c build/default/production/_ext/95446945/calib_verify.o
 .ARM.attributes
                0x0000064e       0x2c build/default/production/_ext/95446945/calib_genkey.o
 .ARM.attributes
                0x0000067a       0x2c build/default/production/_ext/95446945/calib_random.o
 .ARM.attributes
                0x000006a6       0x2c build/default/production/_ext/95446945/calib_command.o
 .ARM.attributes
                0x000006d2       0x2c build/default/production/_ext/2017208766/sha1_routines.o
 .ARM.attributes
                0x000006fe       0x2c build/default/production/_ext/2017208766/sha2_routines.o
 .ARM.attributes
                0x0000072a       0x2c build/default/production/_ext/1352206537/atca_crypto_sw_sha1.o
 .ARM.attributes
                0x00000756       0x2c build/default/production/_ext/1352206537/atca_crypto_sw_sha2.o
 .ARM.attributes
                0x00000782       0x2c build/default/production/_ext/1390037109/atca_hal.o
 .ARM.attributes
                0x000007ae       0x2c build/default/production/_ext/1390037109/hal_freertos.o
 .ARM.attributes
                0x000007da       0x2c build/default/production/_ext/1390037109/hal_harmony_init.o
 .ARM.attributes
                0x00000806       0x2c build/default/production/_ext/1390037109/hal_cortex_m_delay.o
 .ARM.attributes
                0x00000832       0x2c build/default/production/_ext/1390037109/ATECC608_0.o
 .ARM.attributes
                0x0000085e       0x2c build/default/production/_ext/1390025179/tng_atca.o
 .ARM.attributes
                0x0000088a       0x2c build/default/production/_ext/1390025179/tng_root_cert.o
 .ARM.attributes
                0x000008b6       0x2c build/default/production/_ext/1390025179/tng_atcacert_client.o
 .ARM.attributes
                0x000008e2       0x2c build/default/production/_ext/1390025179/tngtls_cert_def_1_signer.o
 .ARM.attributes
                0x0000090e       0x2c build/default/production/_ext/701127929/atca_debug.o
 .ARM.attributes
                0x0000093a       0x2c build/default/production/_ext/701127929/atca_device.o
 .ARM.attributes
                0x00000966       0x2c build/default/production/_ext/701127929/atca_helpers.o
 .ARM.attributes
                0x00000992       0x2c build/default/production/_ext/701127929/atca_basic.o
 .ARM.attributes
                0x000009be       0x2c build/default/production/_ext/701127929/atca_iface.o
 .ARM.attributes
                0x000009ea       0x2c build/default/production/_ext/1529399856/osal_freertos.o
 .ARM.attributes
                0x00000a16       0x2c build/default/production/_ext/1984496892/plib_clock.o
 .ARM.attributes
                0x00000a42       0x2c build/default/production/_ext/60167341/plib_eic.o
 .ARM.attributes
                0x00000a6e       0x2c build/default/production/_ext/1865468468/plib_nvic.o
 .ARM.attributes
                0x00000a9a       0x2c build/default/production/_ext/1593096446/plib_nvmctrl.o
 .ARM.attributes
                0x00000ac6       0x2c build/default/production/_ext/1865521619/plib_port.o
 .ARM.attributes
                0x00000af2       0x2c build/default/production/_ext/508257091/plib_sercom3_i2c_master.o
 .ARM.attributes
                0x00000b1e       0x2c build/default/production/_ext/17022449/plib_sercom4_spi_master.o
 .ARM.attributes
                0x00000b4a       0x2c build/default/production/_ext/504274921/plib_sercom5_usart.o
 .ARM.attributes
                0x00000b76       0x2c build/default/production/_ext/829342655/plib_tc3.o
 .ARM.attributes
                0x00000ba2       0x2c build/default/production/_ext/163028504/xc32_monitor.o
 .ARM.attributes
                0x00000bce       0x2c build/default/production/_ext/1376093119/sys_command.o
 .ARM.attributes
                0x00000bfa       0x2c build/default/production/_ext/1832805299/sys_console_uart.o
 .ARM.attributes
                0x00000c26       0x2c build/default/production/_ext/1832805299/sys_console.o
 .ARM.attributes
                0x00000c52       0x2c build/default/production/_ext/944882569/sys_debug.o
 .ARM.attributes
                0x00000c7e       0x2c build/default/production/_ext/1881668453/sys_int.o
 .ARM.attributes
                0x00000caa       0x2c build/default/production/_ext/101884895/sys_time.o
 .ARM.attributes
                0x00000cd6       0x2c build/default/production/_ext/1171490990/interrupts.o
 .ARM.attributes
                0x00000d02       0x2c build/default/production/_ext/1171490990/exceptions.o
 .ARM.attributes
                0x00000d2e       0x2c build/default/production/_ext/1171490990/startup_xc32.o
 .ARM.attributes
                0x00000d5a       0x2c build/default/production/_ext/1171490990/initialization.o
 .ARM.attributes
                0x00000d86       0x2c build/default/production/_ext/1171490990/tasks.o
 .ARM.attributes
                0x00000db2       0x2c build/default/production/_ext/1171490990/freertos_hooks.o
 .ARM.attributes
                0x00000dde       0x2c build/default/production/_ext/1624415188/port.o
 .ARM.attributes
                0x00000e0a       0x2c build/default/production/_ext/1665200909/heap_1.o
 .ARM.attributes
                0x00000e36       0x2c build/default/production/_ext/404212886/timers.o
 .ARM.attributes
                0x00000e62       0x2c build/default/production/_ext/404212886/list.o
 .ARM.attributes
                0x00000e8e       0x2c build/default/production/_ext/404212886/FreeRTOS_tasks.o
 .ARM.attributes
                0x00000eba       0x2c build/default/production/_ext/404212886/queue.o
 .ARM.attributes
                0x00000ee6       0x2c build/default/production/_ext/1834204934/fsm.o
 .ARM.attributes
                0x00000f12       0x2c build/default/production/_ext/291186172/led_mgr.o
 .ARM.attributes
                0x00000f3e       0x2c build/default/production/_ext/1236018007/MQTTClient.o
 .ARM.attributes
                0x00000f6a       0x2c build/default/production/_ext/450139845/network_interface.o
 .ARM.attributes
                0x00000f96       0x2c build/default/production/_ext/450139845/timer_interface.o
 .ARM.attributes
                0x00000fc2       0x2c build/default/production/_ext/608252031/security_mgr.o
 .ARM.attributes
                0x00000fee       0x2c build/default/production/_ext/1749010646/wifi_mgr.o
 .ARM.attributes
                0x0000101a       0x2c build/default/production/_ext/1360937237/main.o
 .ARM.attributes
                0x00001046       0x2c build/default/production/_ext/1360937237/app.o
 .ARM.attributes
                0x00001072       0x2c build/default/production/_ext/1721715585/timer_control.o
 .ARM.attributes
                0x0000109e       0x2c build/default/production/_ext/1793257801/osal_sphere.o
 .ARM.attributes
                0x000010ca       0x2c build/default/production/_ext/1749010646/cloud_task.o
 .ARM.attributes
                0x000010f6       0x2c build/default/production/_ext/1390037109/hal_i2c_harmony.o
 .ARM.attributes
                0x00001122       0x2c C:/Program Files/Microchip/xc32/v5.00/bin/bin/../../lib/gcc/pic32c/13.2.1/../../../../pic32c/lib/thumb/v6-m/nofp\libpic32c.a(data_init.o)
 .ARM.attributes
                0x0000114e       0x2e C:/Program Files/Microchip/xc32/v5.00/bin/bin/../../lib/gcc/pic32c/13.2.1/../../../../pic32c/lib/thumb/v6-m/nofp\libc-size-musl.a(memcmp.o)
 .ARM.attributes
                0x0000117c       0x2e C:/Program Files/Microchip/xc32/v5.00/bin/bin/../../lib/gcc/pic32c/13.2.1/../../../../pic32c/lib/thumb/v6-m/nofp\libc-size-musl.a(memcpy.o)
 .ARM.attributes
                0x000011aa       0x2e C:/Program Files/Microchip/xc32/v5.00/bin/bin/../../lib/gcc/pic32c/13.2.1/../../../../pic32c/lib/thumb/v6-m/nofp\libc-size-musl.a(memmove.o)
 .ARM.attributes
                0x000011d8       0x2e C:/Program Files/Microchip/xc32/v5.00/bin/bin/../../lib/gcc/pic32c/13.2.1/../../../../pic32c/lib/thumb/v6-m/nofp\libc-size-musl.a(memset.o)
 .ARM.attributes
                0x00001206       0x2e C:/Program Files/Microchip/xc32/v5.00/bin/bin/../../lib/gcc/pic32c/13.2.1/../../../../pic32c/lib/thumb/v6-m/nofp\libc-size-musl.a(strlen.o)
 .ARM.attributes
                0x00001234       0x2e C:/Program Files/Microchip/xc32/v5.00/bin/bin/../../lib/gcc/pic32c/13.2.1/../../../../pic32c/lib/thumb/v6-m/nofp\libc-size-musl.a(strcat.o)
 .ARM.attributes
                0x00001262       0x2e C:/Program Files/Microchip/xc32/v5.00/bin/bin/../../lib/gcc/pic32c/13.2.1/../../../../pic32c/lib/thumb/v6-m/nofp\libc-size-musl.a(strcpy.o)
 .ARM.attributes
                0x00001290       0x2e C:/Program Files/Microchip/xc32/v5.00/bin/bin/../../lib/gcc/pic32c/13.2.1/../../../../pic32c/lib/thumb/v6-m/nofp\libc-size-musl.a(strnlen.o)
 .ARM.attributes
                0x000012be       0x2e C:/Program Files/Microchip/xc32/v5.00/bin/bin/../../lib/gcc/pic32c/13.2.1/../../../../pic32c/lib/thumb/v6-m/nofp\libc-size-musl.a(memchr.o)
 .ARM.attributes
                0x000012ec       0x2e C:/Program Files/Microchip/xc32/v5.00/bin/bin/../../lib/gcc/pic32c/13.2.1/../../../../pic32c/lib/thumb/v6-m/nofp\libc-size-musl.a(stpcpy.o)
 .ARM.attributes
                0x0000131a       0x2e C:/Program Files/Microchip/xc32/v5.00/bin/bin/../../lib/gcc/pic32c/13.2.1/../../../../pic32c/lib/thumb/v6-m/nofp\liblmalloc-musl.a(lite_free.o)
 .ARM.attributes
                0x00001348       0x2e C:/Program Files/Microchip/xc32/v5.00/bin/bin/../../lib/gcc/pic32c/13.2.1/../../../../pic32c/lib/thumb/v6-m/nofp\liblmalloc-musl.a(lite_malloc.o)
 .ARM.attributes
                0x00001376       0x2e C:/Program Files/Microchip/xc32/v5.00/bin/bin/../../lib/gcc/pic32c/13.2.1/../../../../pic32c/lib/thumb/v6-m/nofp\libc-musl.a(tolower.o)
 .ARM.attributes
                0x000013a4       0x2e C:/Program Files/Microchip/xc32/v5.00/bin/bin/../../lib/gcc/pic32c/13.2.1/../../../../pic32c/lib/thumb/v6-m/nofp\libc-musl.a(toupper.o)
 .ARM.attributes
                0x000013d2       0x2e C:/Program Files/Microchip/xc32/v5.00/bin/bin/../../lib/gcc/pic32c/13.2.1/../../../../pic32c/lib/thumb/v6-m/nofp\libc-musl.a(__libc_start_main.o)
 .ARM.attributes
                0x00001400       0x2e C:/Program Files/Microchip/xc32/v5.00/bin/bin/../../lib/gcc/pic32c/13.2.1/../../../../pic32c/lib/thumb/v6-m/nofp\libc-musl.a(__errno_location.o)
 .ARM.attributes
                0x0000142e       0x2e C:/Program Files/Microchip/xc32/v5.00/bin/bin/../../lib/gcc/pic32c/13.2.1/../../../../pic32c/lib/thumb/v6-m/nofp\libc-musl.a(libc.o)
 .ARM.attributes
                0x0000145c       0x2e C:/Program Files/Microchip/xc32/v5.00/bin/bin/../../lib/gcc/pic32c/13.2.1/../../../../pic32c/lib/thumb/v6-m/nofp\libc-musl.a(expand_heap.o)
 .ARM.attributes
                0x0000148a       0x2e C:/Program Files/Microchip/xc32/v5.00/bin/bin/../../lib/gcc/pic32c/13.2.1/../../../../pic32c/lib/thumb/v6-m/nofp\libc-musl.a(stderr.o)
 .ARM.attributes
                0x000014b8       0x2e C:/Program Files/Microchip/xc32/v5.00/bin/bin/../../lib/gcc/pic32c/13.2.1/../../../../pic32c/lib/thumb/v6-m/nofp\libc-musl.a(vfprintf.o)
 .ARM.attributes
                0x000014e6       0x2e C:/Program Files/Microchip/xc32/v5.00/bin/bin/../../lib/gcc/pic32c/13.2.1/../../../../pic32c/lib/thumb/v6-m/nofp\libc-musl.a(vsnprintf.o)
 .ARM.attributes
                0x00001514       0x2e C:/Program Files/Microchip/xc32/v5.00/bin/bin/../../lib/gcc/pic32c/13.2.1/../../../../pic32c/lib/thumb/v6-m/nofp\libc-musl.a(sprintf.o)
 .ARM.attributes
                0x00001542       0x2e C:/Program Files/Microchip/xc32/v5.00/bin/bin/../../lib/gcc/pic32c/13.2.1/../../../../pic32c/lib/thumb/v6-m/nofp\libc-musl.a(vsprintf.o)
 .ARM.attributes
                0x00001570       0x2e C:/Program Files/Microchip/xc32/v5.00/bin/bin/../../lib/gcc/pic32c/13.2.1/../../../../pic32c/lib/thumb/v6-m/nofp\libc-musl.a(mktime.o)
 .ARM.attributes
                0x0000159e       0x2e C:/Program Files/Microchip/xc32/v5.00/bin/bin/../../lib/gcc/pic32c/13.2.1/../../../../pic32c/lib/thumb/v6-m/nofp\libc-musl.a(__environ.o)
 .ARM.attributes
                0x000015cc       0x2e C:/Program Files/Microchip/xc32/v5.00/bin/bin/../../lib/gcc/pic32c/13.2.1/../../../../pic32c/lib/thumb/v6-m/nofp\libc-musl.a(__pop_float.o)
 .ARM.attributes
                0x000015fa       0x2e C:/Program Files/Microchip/xc32/v5.00/bin/bin/../../lib/gcc/pic32c/13.2.1/../../../../pic32c/lib/thumb/v6-m/nofp\libc-musl.a(__pop_int.o)
 .ARM.attributes
                0x00001628       0x2e C:/Program Files/Microchip/xc32/v5.00/bin/bin/../../lib/gcc/pic32c/13.2.1/../../../../pic32c/lib/thumb/v6-m/nofp\libc-musl.a(__pop_ptr.o)
 .ARM.attributes
                0x00001656       0x2e C:/Program Files/Microchip/xc32/v5.00/bin/bin/../../lib/gcc/pic32c/13.2.1/../../../../pic32c/lib/thumb/v6-m/nofp\libc-musl.a(__printf_core.o)
 .ARM.attributes
                0x00001684       0x2e C:/Program Files/Microchip/xc32/v5.00/bin/bin/../../lib/gcc/pic32c/13.2.1/../../../../pic32c/lib/thumb/v6-m/nofp\libc-musl.a(atoi.o)
 .ARM.attributes
                0x000016b2       0x2e C:/Program Files/Microchip/xc32/v5.00/bin/bin/../../lib/gcc/pic32c/13.2.1/../../../../pic32c/lib/thumb/v6-m/nofp\libc-musl.a(__tm_to_secs.o)
 .ARM.attributes
                0x000016e0       0x2e C:/Program Files/Microchip/xc32/v5.00/bin/bin/../../lib/gcc/pic32c/13.2.1/../../../../pic32c/lib/thumb/v6-m/nofp\libc-musl.a(__year_to_secs.o)
 .ARM.attributes
                0x0000170e       0x2e C:/Program Files/Microchip/xc32/v5.00/bin/bin/../../lib/gcc/pic32c/13.2.1/../../../../pic32c/lib/thumb/v6-m/nofp\libc-musl.a(__secs_to_tm.o)
 .ARM.attributes
                0x0000173c       0x2e C:/Program Files/Microchip/xc32/v5.00/bin/bin/../../lib/gcc/pic32c/13.2.1/../../../../pic32c/lib/thumb/v6-m/nofp\libc-musl.a(__fmt_a.o)
 .ARM.attributes
                0x0000176a       0x2e C:/Program Files/Microchip/xc32/v5.00/bin/bin/../../lib/gcc/pic32c/13.2.1/../../../../pic32c/lib/thumb/v6-m/nofp\libc-musl.a(__fmt_d.o)
 .ARM.attributes
                0x00001798       0x2e C:/Program Files/Microchip/xc32/v5.00/bin/bin/../../lib/gcc/pic32c/13.2.1/../../../../pic32c/lib/thumb/v6-m/nofp\libc-musl.a(__fmt_fp.o)
 .ARM.attributes
                0x000017c6       0x2e C:/Program Files/Microchip/xc32/v5.00/bin/bin/../../lib/gcc/pic32c/13.2.1/../../../../pic32c/lib/thumb/v6-m/nofp\libc-musl.a(__fmt_o.o)
 .ARM.attributes
                0x000017f4       0x2e C:/Program Files/Microchip/xc32/v5.00/bin/bin/../../lib/gcc/pic32c/13.2.1/../../../../pic32c/lib/thumb/v6-m/nofp\libc-musl.a(__fmt_s.o)
 .ARM.attributes
                0x00001822       0x2e C:/Program Files/Microchip/xc32/v5.00/bin/bin/../../lib/gcc/pic32c/13.2.1/../../../../pic32c/lib/thumb/v6-m/nofp\libc-musl.a(__fmt_u.o)
 .ARM.attributes
                0x00001850       0x2e C:/Program Files/Microchip/xc32/v5.00/bin/bin/../../lib/gcc/pic32c/13.2.1/../../../../pic32c/lib/thumb/v6-m/nofp\libc-musl.a(__fmt_x.o)
 .ARM.attributes
                0x0000187e       0x2e C:/Program Files/Microchip/xc32/v5.00/bin/bin/../../lib/gcc/pic32c/13.2.1/../../../../pic32c/lib/thumb/v6-m/nofp\libc-musl.a(__init_stdio.o)
 .ARM.attributes
                0x000018ac       0x2e C:/Program Files/Microchip/xc32/v5.00/bin/bin/../../lib/gcc/pic32c/13.2.1/../../../../pic32c/lib/thumb/v6-m/nofp\libc-musl.a(__out.o)
 .ARM.attributes
                0x000018da       0x2e C:/Program Files/Microchip/xc32/v5.00/bin/bin/../../lib/gcc/pic32c/13.2.1/../../../../pic32c/lib/thumb/v6-m/nofp\libc-musl.a(__month_to_secs.o)
 .ARM.attributes
                0x00001908       0x2e C:/Program Files/Microchip/xc32/v5.00/bin/bin/../../lib/gcc/pic32c/13.2.1/../../../../pic32c/lib/thumb/v6-m/nofp\libc-musl.a(__cvt_u.o)
 .ARM.attributes
                0x00001936       0x2c C:/Program Files/Microchip/xc32/v5.00/bin/bin/../../lib/gcc/pic32c/13.2.1/../../../../pic32c/lib/thumb/v6-m/nofp\libm-fast-emfloat.a(fma.o)
 .ARM.attributes
                0x00001962       0x2c C:/Program Files/Microchip/xc32/v5.00/bin/bin/../../lib/gcc/pic32c/13.2.1/../../../../pic32c/lib/thumb/v6-m/nofp\libm-fast-emfloat.a(floor.o)
 .ARM.attributes
                0x0000198e       0x1c C:/Program Files/Microchip/xc32/v5.00/bin/bin/../../lib/gcc/pic32c/13.2.1/../../../../pic32c/lib/thumb/v6-m/nofp\libm-fast-emfloat.a(__aeabi_fadd.o)
 .ARM.attributes
                0x000019aa       0x1c C:/Program Files/Microchip/xc32/v5.00/bin/bin/../../lib/gcc/pic32c/13.2.1/../../../../pic32c/lib/thumb/v6-m/nofp\libm-fast-emfloat.a(__aeabi_dadd.o)
 .ARM.attributes
                0x000019c6       0x1c C:/Program Files/Microchip/xc32/v5.00/bin/bin/../../lib/gcc/pic32c/13.2.1/../../../../pic32c/lib/thumb/v6-m/nofp\libm-fast-emfloat.a(__aeabi_fsub.o)
 .ARM.attributes
                0x000019e2       0x1c C:/Program Files/Microchip/xc32/v5.00/bin/bin/../../lib/gcc/pic32c/13.2.1/../../../../pic32c/lib/thumb/v6-m/nofp\libm-fast-emfloat.a(__aeabi_dsub.o)
 .ARM.attributes
                0x000019fe       0x1c C:/Program Files/Microchip/xc32/v5.00/bin/bin/../../lib/gcc/pic32c/13.2.1/../../../../pic32c/lib/thumb/v6-m/nofp\libm-fast-emfloat.a(__aeabi_fmul.o)
 .ARM.attributes
                0x00001a1a       0x1c C:/Program Files/Microchip/xc32/v5.00/bin/bin/../../lib/gcc/pic32c/13.2.1/../../../../pic32c/lib/thumb/v6-m/nofp\libm-fast-emfloat.a(__aeabi_dmul_aux.o)
 .ARM.attributes
                0x00001a36       0x1c C:/Program Files/Microchip/xc32/v5.00/bin/bin/../../lib/gcc/pic32c/13.2.1/../../../../pic32c/lib/thumb/v6-m/nofp\libm-fast-emfloat.a(__aeabi_fdiv.o)
 .ARM.attributes
                0x00001a52       0x1c C:/Program Files/Microchip/xc32/v5.00/bin/bin/../../lib/gcc/pic32c/13.2.1/../../../../pic32c/lib/thumb/v6-m/nofp\libm-fast-emfloat.a(__aeabi_ddiv.o)
 .ARM.attributes
                0x00001a6e       0x1c C:/Program Files/Microchip/xc32/v5.00/bin/bin/../../lib/gcc/pic32c/13.2.1/../../../../pic32c/lib/thumb/v6-m/nofp\libm-fast-emfloat.a(__aeabi_dcmple.o)
 .ARM.attributes
                0x00001a8a       0x1c C:/Program Files/Microchip/xc32/v5.00/bin/bin/../../lib/gcc/pic32c/13.2.1/../../../../pic32c/lib/thumb/v6-m/nofp\libm-fast-emfloat.a(__aeabi_dcmpeq.o)
 .ARM.attributes
                0x00001aa6       0x1c C:/Program Files/Microchip/xc32/v5.00/bin/bin/../../lib/gcc/pic32c/13.2.1/../../../../pic32c/lib/thumb/v6-m/nofp\libm-fast-emfloat.a(__aeabi_dcmpgt.o)
 .ARM.attributes
                0x00001ac2       0x1c C:/Program Files/Microchip/xc32/v5.00/bin/bin/../../lib/gcc/pic32c/13.2.1/../../../../pic32c/lib/thumb/v6-m/nofp\libm-fast-emfloat.a(__aeabi_dcmplt.o)
 .ARM.attributes
                0x00001ade       0x1c C:/Program Files/Microchip/xc32/v5.00/bin/bin/../../lib/gcc/pic32c/13.2.1/../../../../pic32c/lib/thumb/v6-m/nofp\libm-fast-emfloat.a(__aeabi_d2iz.o)
 .ARM.attributes
                0x00001afa       0x1c C:/Program Files/Microchip/xc32/v5.00/bin/bin/../../lib/gcc/pic32c/13.2.1/../../../../pic32c/lib/thumb/v6-m/nofp\libm-fast-emfloat.a(__aeabi_f2uiz.o)
 .ARM.attributes
                0x00001b16       0x1c C:/Program Files/Microchip/xc32/v5.00/bin/bin/../../lib/gcc/pic32c/13.2.1/../../../../pic32c/lib/thumb/v6-m/nofp\libm-fast-emfloat.a(__aeabi_d2uiz.o)
 .ARM.attributes
                0x00001b32       0x1c C:/Program Files/Microchip/xc32/v5.00/bin/bin/../../lib/gcc/pic32c/13.2.1/../../../../pic32c/lib/thumb/v6-m/nofp\libm-fast-emfloat.a(__aeabi_ui2f.o)
 .ARM.attributes
                0x00001b4e       0x2c C:/Program Files/Microchip/xc32/v5.00/bin/bin/../../lib/gcc/pic32c/13.2.1/../../../../pic32c/lib/thumb/v6-m/nofp\libpic32c.a(sbrk.o)
 .ARM.attributes
                0x00001b7a       0x1e C:/Program Files/Microchip/xc32/v5.00/bin/bin/../../lib/gcc/pic32c/13.2.1/thumb/v6-m/nofp\libgcc.a(_thumb1_case_uqi.o)
 .ARM.attributes
                0x00001b98       0x1e C:/Program Files/Microchip/xc32/v5.00/bin/bin/../../lib/gcc/pic32c/13.2.1/thumb/v6-m/nofp\libgcc.a(_udivsi3.o)
 .ARM.attributes
                0x00001bb6       0x1e C:/Program Files/Microchip/xc32/v5.00/bin/bin/../../lib/gcc/pic32c/13.2.1/thumb/v6-m/nofp\libgcc.a(_divsi3.o)
 .ARM.attributes
                0x00001bd4       0x1e C:/Program Files/Microchip/xc32/v5.00/bin/bin/../../lib/gcc/pic32c/13.2.1/thumb/v6-m/nofp\libgcc.a(_dvmd_tls.o)
 .ARM.attributes
                0x00001bf2       0x1e C:/Program Files/Microchip/xc32/v5.00/bin/bin/../../lib/gcc/pic32c/13.2.1/thumb/v6-m/nofp\libgcc.a(_aeabi_ldivmod.o)
 .ARM.attributes
                0x00001c10       0x1e C:/Program Files/Microchip/xc32/v5.00/bin/bin/../../lib/gcc/pic32c/13.2.1/thumb/v6-m/nofp\libgcc.a(_aeabi_uldivmod.o)
 .ARM.attributes
                0x00001c2e       0x2c C:/Program Files/Microchip/xc32/v5.00/bin/bin/../../lib/gcc/pic32c/13.2.1/thumb/v6-m/nofp\libgcc.a(_muldi3.o)
 .ARM.attributes
                0x00001c5a       0x2c C:/Program Files/Microchip/xc32/v5.00/bin/bin/../../lib/gcc/pic32c/13.2.1/thumb/v6-m/nofp\libgcc.a(_udivmoddi4.o)
 .ARM.attributes
                0x00001c86       0x2c C:/Program Files/Microchip/xc32/v5.00/bin/bin/../../lib/gcc/pic32c/13.2.1/thumb/v6-m/nofp\libgcc.a(bpabi.o)
 .ARM.attributes
                0x00001cb2       0x1e C:/Program Files/Microchip/xc32/v5.00/bin/bin/../../lib/gcc/pic32c/13.2.1/thumb/v6-m/nofp\libgcc.a(_lshrdi3.o)
 .ARM.attributes
                0x00001cd0       0x1e C:/Program Files/Microchip/xc32/v5.00/bin/bin/../../lib/gcc/pic32c/13.2.1/thumb/v6-m/nofp\libgcc.a(_ashldi3.o)
 .ARM.attributes
                0x00001cee       0x1e C:/Program Files/Microchip/xc32/v5.00/bin/bin/../../lib/gcc/pic32c/13.2.1/thumb/v6-m/nofp\libgcc.a(_clzdi2.o)
 .ARM.attributes
                0x00001d0c       0x2c C:/Program Files/Microchip/xc32/v5.00/bin/bin/../../lib/gcc/pic32c/13.2.1/thumb/v6-m/nofp\libgcc.a(_divdi3.o)
 .ARM.attributes
                0x00001d38       0x1e C:/Program Files/Microchip/xc32/v5.00/bin/bin/../../lib/gcc/pic32c/13.2.1/thumb/v6-m/nofp\libgcc.a(_clzsi2.o)
 .ARM.attributes
                0x00001d56       0x1e C:/Program Files/Microchip/xc32/v5.00/bin/bin/../../lib/gcc/pic32c/13.2.1/thumb/v6-m/nofp/crtn.o
 .ARM.attributes
                0x00001d74       0x2c C:/Program Files/Microchip/xc32/v5.00/bin/bin/../../lib/gcc/pic32c/13.2.1/../../../../pic32c/lib/thumb/v6-m/nofp\libpic32c.a(pic32_data_init_clear.o)
 .ARM.attributes
                0x00001da0       0x2c C:/Program Files/Microchip/xc32/v5.00/bin/bin/../../lib/gcc/pic32c/13.2.1/../../../../pic32c/lib/thumb/v6-m/nofp\libpic32c.a(pic32_data_init_copy.o)
 .ARM.attributes
                0x00001dcc       0x2c C:/Program Files/Microchip/xc32/v5.00/bin/bin/../../lib/gcc/pic32c/13.2.1/../../../../pic32c/lib/thumb/v6-m/nofp\libpic32c.a(pic32_data_init_decompress.o)

.comment        0x00000000       0x35
 .comment       0x00000000       0x35 C:/Program Files/Microchip/xc32/v5.00/bin/bin/../../lib/gcc/pic32c/13.2.1/thumb/v6-m/nofp/crtbegin.o
                                 0x36 (size before relaxing)
 .comment       0x00000035       0x36 build/default/production/_ext/1068697685/wdrv_winc_eint.o
 .comment       0x00000035       0x36 build/default/production/_ext/1068697685/wdrv_winc_gpio.o
 .comment       0x00000035       0x36 build/default/production/_ext/1697030576/wdrv_winc_spi.o
 .comment       0x00000035       0x36 build/default/production/_ext/1636284884/nm_common.o
 .comment       0x00000035       0x36 build/default/production/_ext/1667573777/nmasic.o
 .comment       0x00000035       0x36 build/default/production/_ext/1667573777/nmdrv.o
 .comment       0x00000035       0x36 build/default/production/_ext/1667573777/m2m_ssl.o
 .comment       0x00000035       0x36 build/default/production/_ext/1667573777/nmspi.o
 .comment       0x00000035       0x36 build/default/production/_ext/1667573777/nmbus.o
 .comment       0x00000035       0x36 build/default/production/_ext/1667573777/m2m_hif.o
 .comment       0x00000035       0x36 build/default/production/_ext/1667573777/m2m_ota.o
 .comment       0x00000035       0x36 build/default/production/_ext/1667573777/m2m_wifi.o
 .comment       0x00000035       0x36 build/default/production/_ext/2094051164/socket.o
 .comment       0x00000035       0x36 build/default/production/_ext/2094051164/inet_ntop.o
 .comment       0x00000035       0x36 build/default/production/_ext/1908349716/spi_flash.o
 .comment       0x00000035       0x36 build/default/production/_ext/1908349716/flexible_flash.o
 .comment       0x00000035       0x36 build/default/production/_ext/2018374705/wdrv_winc_osal.o
 .comment       0x00000035       0x36 build/default/production/_ext/1954180691/wdrv_winc_host_file.o
 .comment       0x00000035       0x36 build/default/production/_ext/1954180691/wdrv_winc_authctx.o
 .comment       0x00000035       0x36 build/default/production/_ext/1954180691/wdrv_winc_bssctx.o
 .comment       0x00000035       0x36 build/default/production/_ext/1954180691/wdrv_winc_socket.o
 .comment       0x00000035       0x36 build/default/production/_ext/1954180691/wdrv_winc_systime.o
 .comment       0x00000035       0x36 build/default/production/_ext/1954180691/wdrv_winc.o
 .comment       0x00000035       0x36 build/default/production/_ext/35538813/atcacert_date.o
 .comment       0x00000035       0x36 build/default/production/_ext/35538813/atcacert_pem.o
 .comment       0x00000035       0x36 build/default/production/_ext/35538813/atcacert_def.o
 .comment       0x00000035       0x36 build/default/production/_ext/35538813/atcacert_client.o
 .comment       0x00000035       0x36 build/default/production/_ext/35538813/atcacert_der.o
 .comment       0x00000035       0x36 build/default/production/_ext/95446945/calib_basic.o
 .comment       0x00000035       0x36 build/default/production/_ext/95446945/calib_execution.o
 .comment       0x00000035       0x36 build/default/production/_ext/95446945/calib_sign.o
 .comment       0x00000035       0x36 build/default/production/_ext/95446945/calib_ecdh.o
 .comment       0x00000035       0x36 build/default/production/_ext/95446945/calib_nonce.o
 .comment       0x00000035       0x36 build/default/production/_ext/95446945/calib_read.o
 .comment       0x00000035       0x36 build/default/production/_ext/95446945/calib_verify.o
 .comment       0x00000035       0x36 build/default/production/_ext/95446945/calib_genkey.o
 .comment       0x00000035       0x36 build/default/production/_ext/95446945/calib_random.o
 .comment       0x00000035       0x36 build/default/production/_ext/95446945/calib_command.o
 .comment       0x00000035       0x36 build/default/production/_ext/2017208766/sha1_routines.o
 .comment       0x00000035       0x36 build/default/production/_ext/2017208766/sha2_routines.o
 .comment       0x00000035       0x36 build/default/production/_ext/1352206537/atca_crypto_sw_sha1.o
 .comment       0x00000035       0x36 build/default/production/_ext/1352206537/atca_crypto_sw_sha2.o
 .comment       0x00000035       0x36 build/default/production/_ext/1390037109/atca_hal.o
 .comment       0x00000035       0x36 build/default/production/_ext/1390037109/hal_freertos.o
 .comment       0x00000035       0x36 build/default/production/_ext/1390037109/hal_harmony_init.o
 .comment       0x00000035       0x36 build/default/production/_ext/1390037109/hal_cortex_m_delay.o
 .comment       0x00000035       0x36 build/default/production/_ext/1390037109/ATECC608_0.o
 .comment       0x00000035       0x36 build/default/production/_ext/1390025179/tng_atca.o
 .comment       0x00000035       0x36 build/default/production/_ext/1390025179/tng_root_cert.o
 .comment       0x00000035       0x36 build/default/production/_ext/1390025179/tng_atcacert_client.o
 .comment       0x00000035       0x36 build/default/production/_ext/1390025179/tngtls_cert_def_1_signer.o
 .comment       0x00000035       0x36 build/default/production/_ext/701127929/atca_debug.o
 .comment       0x00000035       0x36 build/default/production/_ext/701127929/atca_device.o
 .comment       0x00000035       0x36 build/default/production/_ext/701127929/atca_helpers.o
 .comment       0x00000035       0x36 build/default/production/_ext/701127929/atca_basic.o
 .comment       0x00000035       0x36 build/default/production/_ext/701127929/atca_iface.o
 .comment       0x00000035       0x36 build/default/production/_ext/1529399856/osal_freertos.o
 .comment       0x00000035       0x36 build/default/production/_ext/1984496892/plib_clock.o
 .comment       0x00000035       0x36 build/default/production/_ext/60167341/plib_eic.o
 .comment       0x00000035       0x36 build/default/production/_ext/1865468468/plib_nvic.o
 .comment       0x00000035       0x36 build/default/production/_ext/1593096446/plib_nvmctrl.o
 .comment       0x00000035       0x36 build/default/production/_ext/1865521619/plib_port.o
 .comment       0x00000035       0x36 build/default/production/_ext/508257091/plib_sercom3_i2c_master.o
 .comment       0x00000035       0x36 build/default/production/_ext/17022449/plib_sercom4_spi_master.o
 .comment       0x00000035       0x36 build/default/production/_ext/504274921/plib_sercom5_usart.o
 .comment       0x00000035       0x36 build/default/production/_ext/829342655/plib_tc3.o
 .comment       0x00000035       0x36 build/default/production/_ext/163028504/xc32_monitor.o
 .comment       0x00000035       0x36 build/default/production/_ext/1376093119/sys_command.o
 .comment       0x00000035       0x36 build/default/production/_ext/1832805299/sys_console_uart.o
 .comment       0x00000035       0x36 build/default/production/_ext/1832805299/sys_console.o
 .comment       0x00000035       0x36 build/default/production/_ext/944882569/sys_debug.o
 .comment       0x00000035       0x36 build/default/production/_ext/1881668453/sys_int.o
 .comment       0x00000035       0x36 build/default/production/_ext/101884895/sys_time.o
 .comment       0x00000035       0x36 build/default/production/_ext/1171490990/interrupts.o
 .comment       0x00000035       0x36 build/default/production/_ext/1171490990/exceptions.o
 .comment       0x00000035       0x36 build/default/production/_ext/1171490990/startup_xc32.o
 .comment       0x00000035       0x36 build/default/production/_ext/1171490990/initialization.o
 .comment       0x00000035       0x36 build/default/production/_ext/1171490990/tasks.o
 .comment       0x00000035       0x36 build/default/production/_ext/1171490990/freertos_hooks.o
 .comment       0x00000035       0x36 build/default/production/_ext/1624415188/port.o
 .comment       0x00000035       0x36 build/default/production/_ext/1665200909/heap_1.o
 .comment       0x00000035       0x36 build/default/production/_ext/404212886/timers.o
 .comment       0x00000035       0x36 build/default/production/_ext/404212886/list.o
 .comment       0x00000035       0x36 build/default/production/_ext/404212886/FreeRTOS_tasks.o
 .comment       0x00000035       0x36 build/default/production/_ext/404212886/queue.o
 .comment       0x00000035       0x36 build/default/production/_ext/1834204934/fsm.o
 .comment       0x00000035       0x36 build/default/production/_ext/291186172/led_mgr.o
 .comment       0x00000035       0x36 build/default/production/_ext/1236018007/MQTTClient.o
 .comment       0x00000035       0x36 build/default/production/_ext/450139845/network_interface.o
 .comment       0x00000035       0x36 build/default/production/_ext/450139845/timer_interface.o
 .comment       0x00000035       0x36 build/default/production/_ext/608252031/security_mgr.o
 .comment       0x00000035       0x36 build/default/production/_ext/1749010646/wifi_mgr.o
 .comment       0x00000035       0x36 build/default/production/_ext/1360937237/main.o
 .comment       0x00000035       0x36 build/default/production/_ext/1360937237/app.o
 .comment       0x00000035       0x36 build/default/production/_ext/1721715585/timer_control.o
 .comment       0x00000035       0x36 build/default/production/_ext/1793257801/osal_sphere.o
 .comment       0x00000035       0x36 build/default/production/_ext/1749010646/cloud_task.o
 .comment       0x00000035       0x36 build/default/production/_ext/1390037109/hal_i2c_harmony.o
 .comment       0x00000035       0x36 C:/Program Files/Microchip/xc32/v5.00/bin/bin/../../lib/gcc/pic32c/13.2.1/../../../../pic32c/lib/thumb/v6-m/nofp\libpic32c.a(data_init.o)
 .comment       0x00000035       0x36 C:/Program Files/Microchip/xc32/v5.00/bin/bin/../../lib/gcc/pic32c/13.2.1/../../../../pic32c/lib/thumb/v6-m/nofp\libc-size-musl.a(memcmp.o)
 .comment       0x00000035       0x36 C:/Program Files/Microchip/xc32/v5.00/bin/bin/../../lib/gcc/pic32c/13.2.1/../../../../pic32c/lib/thumb/v6-m/nofp\libc-size-musl.a(memcpy.o)
 .comment       0x00000035       0x36 C:/Program Files/Microchip/xc32/v5.00/bin/bin/../../lib/gcc/pic32c/13.2.1/../../../../pic32c/lib/thumb/v6-m/nofp\libc-size-musl.a(memmove.o)
 .comment       0x00000035       0x36 C:/Program Files/Microchip/xc32/v5.00/bin/bin/../../lib/gcc/pic32c/13.2.1/../../../../pic32c/lib/thumb/v6-m/nofp\libc-size-musl.a(memset.o)
 .comment       0x00000035       0x36 C:/Program Files/Microchip/xc32/v5.00/bin/bin/../../lib/gcc/pic32c/13.2.1/../../../../pic32c/lib/thumb/v6-m/nofp\libc-size-musl.a(strlen.o)
 .comment       0x00000035       0x36 C:/Program Files/Microchip/xc32/v5.00/bin/bin/../../lib/gcc/pic32c/13.2.1/../../../../pic32c/lib/thumb/v6-m/nofp\libc-size-musl.a(strcat.o)
 .comment       0x00000035       0x36 C:/Program Files/Microchip/xc32/v5.00/bin/bin/../../lib/gcc/pic32c/13.2.1/../../../../pic32c/lib/thumb/v6-m/nofp\libc-size-musl.a(strcpy.o)
 .comment       0x00000035       0x36 C:/Program Files/Microchip/xc32/v5.00/bin/bin/../../lib/gcc/pic32c/13.2.1/../../../../pic32c/lib/thumb/v6-m/nofp\libc-size-musl.a(strnlen.o)
 .comment       0x00000035       0x36 C:/Program Files/Microchip/xc32/v5.00/bin/bin/../../lib/gcc/pic32c/13.2.1/../../../../pic32c/lib/thumb/v6-m/nofp\libc-size-musl.a(memchr.o)
 .comment       0x00000035       0x36 C:/Program Files/Microchip/xc32/v5.00/bin/bin/../../lib/gcc/pic32c/13.2.1/../../../../pic32c/lib/thumb/v6-m/nofp\libc-size-musl.a(stpcpy.o)
 .comment       0x00000035       0x36 C:/Program Files/Microchip/xc32/v5.00/bin/bin/../../lib/gcc/pic32c/13.2.1/../../../../pic32c/lib/thumb/v6-m/nofp\liblmalloc-musl.a(lite_free.o)
 .comment       0x00000035       0x36 C:/Program Files/Microchip/xc32/v5.00/bin/bin/../../lib/gcc/pic32c/13.2.1/../../../../pic32c/lib/thumb/v6-m/nofp\liblmalloc-musl.a(lite_malloc.o)
 .comment       0x00000035       0x36 C:/Program Files/Microchip/xc32/v5.00/bin/bin/../../lib/gcc/pic32c/13.2.1/../../../../pic32c/lib/thumb/v6-m/nofp\libc-musl.a(tolower.o)
 .comment       0x00000035       0x36 C:/Program Files/Microchip/xc32/v5.00/bin/bin/../../lib/gcc/pic32c/13.2.1/../../../../pic32c/lib/thumb/v6-m/nofp\libc-musl.a(toupper.o)
 .comment       0x00000035       0x36 C:/Program Files/Microchip/xc32/v5.00/bin/bin/../../lib/gcc/pic32c/13.2.1/../../../../pic32c/lib/thumb/v6-m/nofp\libc-musl.a(__libc_start_main.o)
 .comment       0x00000035       0x36 C:/Program Files/Microchip/xc32/v5.00/bin/bin/../../lib/gcc/pic32c/13.2.1/../../../../pic32c/lib/thumb/v6-m/nofp\libc-musl.a(__errno_location.o)
 .comment       0x00000035       0x36 C:/Program Files/Microchip/xc32/v5.00/bin/bin/../../lib/gcc/pic32c/13.2.1/../../../../pic32c/lib/thumb/v6-m/nofp\libc-musl.a(libc.o)
 .comment       0x00000035       0x36 C:/Program Files/Microchip/xc32/v5.00/bin/bin/../../lib/gcc/pic32c/13.2.1/../../../../pic32c/lib/thumb/v6-m/nofp\libc-musl.a(expand_heap.o)
 .comment       0x00000035       0x36 C:/Program Files/Microchip/xc32/v5.00/bin/bin/../../lib/gcc/pic32c/13.2.1/../../../../pic32c/lib/thumb/v6-m/nofp\libc-musl.a(stderr.o)
 .comment       0x00000035       0x36 C:/Program Files/Microchip/xc32/v5.00/bin/bin/../../lib/gcc/pic32c/13.2.1/../../../../pic32c/lib/thumb/v6-m/nofp\libc-musl.a(vfprintf.o)
 .comment       0x00000035       0x36 C:/Program Files/Microchip/xc32/v5.00/bin/bin/../../lib/gcc/pic32c/13.2.1/../../../../pic32c/lib/thumb/v6-m/nofp\libc-musl.a(vsnprintf.o)
 .comment       0x00000035       0x36 C:/Program Files/Microchip/xc32/v5.00/bin/bin/../../lib/gcc/pic32c/13.2.1/../../../../pic32c/lib/thumb/v6-m/nofp\libc-musl.a(sprintf.o)
 .comment       0x00000035       0x36 C:/Program Files/Microchip/xc32/v5.00/bin/bin/../../lib/gcc/pic32c/13.2.1/../../../../pic32c/lib/thumb/v6-m/nofp\libc-musl.a(vsprintf.o)
 .comment       0x00000035       0x36 C:/Program Files/Microchip/xc32/v5.00/bin/bin/../../lib/gcc/pic32c/13.2.1/../../../../pic32c/lib/thumb/v6-m/nofp\libc-musl.a(mktime.o)
 .comment       0x00000035       0x36 C:/Program Files/Microchip/xc32/v5.00/bin/bin/../../lib/gcc/pic32c/13.2.1/../../../../pic32c/lib/thumb/v6-m/nofp\libc-musl.a(__environ.o)
 .comment       0x00000035       0x36 C:/Program Files/Microchip/xc32/v5.00/bin/bin/../../lib/gcc/pic32c/13.2.1/../../../../pic32c/lib/thumb/v6-m/nofp\libc-musl.a(__pop_float.o)
 .comment       0x00000035       0x36 C:/Program Files/Microchip/xc32/v5.00/bin/bin/../../lib/gcc/pic32c/13.2.1/../../../../pic32c/lib/thumb/v6-m/nofp\libc-musl.a(__pop_int.o)
 .comment       0x00000035       0x36 C:/Program Files/Microchip/xc32/v5.00/bin/bin/../../lib/gcc/pic32c/13.2.1/../../../../pic32c/lib/thumb/v6-m/nofp\libc-musl.a(__pop_ptr.o)
 .comment       0x00000035       0x36 C:/Program Files/Microchip/xc32/v5.00/bin/bin/../../lib/gcc/pic32c/13.2.1/../../../../pic32c/lib/thumb/v6-m/nofp\libc-musl.a(__printf_core.o)
 .comment       0x00000035       0x36 C:/Program Files/Microchip/xc32/v5.00/bin/bin/../../lib/gcc/pic32c/13.2.1/../../../../pic32c/lib/thumb/v6-m/nofp\libc-musl.a(atoi.o)
 .comment       0x00000035       0x36 C:/Program Files/Microchip/xc32/v5.00/bin/bin/../../lib/gcc/pic32c/13.2.1/../../../../pic32c/lib/thumb/v6-m/nofp\libc-musl.a(__tm_to_secs.o)
 .comment       0x00000035       0x36 C:/Program Files/Microchip/xc32/v5.00/bin/bin/../../lib/gcc/pic32c/13.2.1/../../../../pic32c/lib/thumb/v6-m/nofp\libc-musl.a(__year_to_secs.o)
 .comment       0x00000035       0x36 C:/Program Files/Microchip/xc32/v5.00/bin/bin/../../lib/gcc/pic32c/13.2.1/../../../../pic32c/lib/thumb/v6-m/nofp\libc-musl.a(__secs_to_tm.o)
 .comment       0x00000035       0x36 C:/Program Files/Microchip/xc32/v5.00/bin/bin/../../lib/gcc/pic32c/13.2.1/../../../../pic32c/lib/thumb/v6-m/nofp\libc-musl.a(__fmt_a.o)
 .comment       0x00000035       0x36 C:/Program Files/Microchip/xc32/v5.00/bin/bin/../../lib/gcc/pic32c/13.2.1/../../../../pic32c/lib/thumb/v6-m/nofp\libc-musl.a(__fmt_d.o)
 .comment       0x00000035       0x36 C:/Program Files/Microchip/xc32/v5.00/bin/bin/../../lib/gcc/pic32c/13.2.1/../../../../pic32c/lib/thumb/v6-m/nofp\libc-musl.a(__fmt_fp.o)
 .comment       0x00000035       0x36 C:/Program Files/Microchip/xc32/v5.00/bin/bin/../../lib/gcc/pic32c/13.2.1/../../../../pic32c/lib/thumb/v6-m/nofp\libc-musl.a(__fmt_o.o)
 .comment       0x00000035       0x36 C:/Program Files/Microchip/xc32/v5.00/bin/bin/../../lib/gcc/pic32c/13.2.1/../../../../pic32c/lib/thumb/v6-m/nofp\libc-musl.a(__fmt_s.o)
 .comment       0x00000035       0x36 C:/Program Files/Microchip/xc32/v5.00/bin/bin/../../lib/gcc/pic32c/13.2.1/../../../../pic32c/lib/thumb/v6-m/nofp\libc-musl.a(__fmt_u.o)
 .comment       0x00000035       0x36 C:/Program Files/Microchip/xc32/v5.00/bin/bin/../../lib/gcc/pic32c/13.2.1/../../../../pic32c/lib/thumb/v6-m/nofp\libc-musl.a(__fmt_x.o)
 .comment       0x00000035       0x36 C:/Program Files/Microchip/xc32/v5.00/bin/bin/../../lib/gcc/pic32c/13.2.1/../../../../pic32c/lib/thumb/v6-m/nofp\libc-musl.a(__init_stdio.o)
 .comment       0x00000035       0x36 C:/Program Files/Microchip/xc32/v5.00/bin/bin/../../lib/gcc/pic32c/13.2.1/../../../../pic32c/lib/thumb/v6-m/nofp\libc-musl.a(__out.o)
 .comment       0x00000035       0x36 C:/Program Files/Microchip/xc32/v5.00/bin/bin/../../lib/gcc/pic32c/13.2.1/../../../../pic32c/lib/thumb/v6-m/nofp\libc-musl.a(__month_to_secs.o)
 .comment       0x00000035       0x36 C:/Program Files/Microchip/xc32/v5.00/bin/bin/../../lib/gcc/pic32c/13.2.1/../../../../pic32c/lib/thumb/v6-m/nofp\libc-musl.a(__cvt_u.o)
 .comment       0x00000035       0x36 C:/Program Files/Microchip/xc32/v5.00/bin/bin/../../lib/gcc/pic32c/13.2.1/../../../../pic32c/lib/thumb/v6-m/nofp\libm-fast-emfloat.a(fma.o)
 .comment       0x00000035       0x36 C:/Program Files/Microchip/xc32/v5.00/bin/bin/../../lib/gcc/pic32c/13.2.1/../../../../pic32c/lib/thumb/v6-m/nofp\libm-fast-emfloat.a(floor.o)
 .comment       0x00000035       0x36 C:/Program Files/Microchip/xc32/v5.00/bin/bin/../../lib/gcc/pic32c/13.2.1/../../../../pic32c/lib/thumb/v6-m/nofp\libpic32c.a(sbrk.o)
 .comment       0x00000035       0x36 C:/Program Files/Microchip/xc32/v5.00/bin/bin/../../lib/gcc/pic32c/13.2.1/thumb/v6-m/nofp\libgcc.a(_muldi3.o)
 .comment       0x00000035       0x36 C:/Program Files/Microchip/xc32/v5.00/bin/bin/../../lib/gcc/pic32c/13.2.1/thumb/v6-m/nofp\libgcc.a(_udivmoddi4.o)
 .comment       0x00000035       0x36 C:/Program Files/Microchip/xc32/v5.00/bin/bin/../../lib/gcc/pic32c/13.2.1/thumb/v6-m/nofp\libgcc.a(bpabi.o)
 .comment       0x00000035       0x36 C:/Program Files/Microchip/xc32/v5.00/bin/bin/../../lib/gcc/pic32c/13.2.1/thumb/v6-m/nofp\libgcc.a(_divdi3.o)
 .comment       0x00000035       0x36 C:/Program Files/Microchip/xc32/v5.00/bin/bin/../../lib/gcc/pic32c/13.2.1/../../../../pic32c/lib/thumb/v6-m/nofp\libpic32c.a(pic32_data_init_clear.o)
 .comment       0x00000035       0x36 C:/Program Files/Microchip/xc32/v5.00/bin/bin/../../lib/gcc/pic32c/13.2.1/../../../../pic32c/lib/thumb/v6-m/nofp\libpic32c.a(pic32_data_init_copy.o)
 .comment       0x00000035       0x36 C:/Program Files/Microchip/xc32/v5.00/bin/bin/../../lib/gcc/pic32c/13.2.1/../../../../pic32c/lib/thumb/v6-m/nofp\libpic32c.a(pic32_data_init_decompress.o)

.debug_info     0x00000000    0x5d74f
 .debug_info    0x00000000      0x200 build/default/production/_ext/1068697685/wdrv_winc_eint.o
 .debug_info    0x00000200      0x2b0 build/default/production/_ext/1068697685/wdrv_winc_gpio.o
 .debug_info    0x000004b0      0x687 build/default/production/_ext/1697030576/wdrv_winc_spi.o
 .debug_info    0x00000b37      0x211 build/default/production/_ext/1636284884/nm_common.o
 .debug_info    0x00000d48     0x13b5 build/default/production/_ext/1667573777/nmasic.o
 .debug_info    0x000020fd      0xb7e build/default/production/_ext/1667573777/nmdrv.o
 .debug_info    0x00002c7b     0x10b9 build/default/production/_ext/1667573777/m2m_ssl.o
 .debug_info    0x00003d34     0x1a8c build/default/production/_ext/1667573777/nmspi.o
 .debug_info    0x000057c0      0x70e build/default/production/_ext/1667573777/nmbus.o
 .debug_info    0x00005ece     0x1176 build/default/production/_ext/1667573777/m2m_hif.o
 .debug_info    0x00007044     0x1729 build/default/production/_ext/1667573777/m2m_ota.o
 .debug_info    0x0000876d     0x5be0 build/default/production/_ext/1667573777/m2m_wifi.o
 .debug_info    0x0000e34d     0x2887 build/default/production/_ext/2094051164/socket.o
 .debug_info    0x00010bd4      0x1fe build/default/production/_ext/2094051164/inet_ntop.o
 .debug_info    0x00010dd2     0x13ce build/default/production/_ext/1908349716/spi_flash.o