Archive member included to satisfy reference by file (symbol)

C:/Program Files/Microchip/xc32/v5.00/bin/bin/../../lib/gcc/pic32c/13.2.1/../../../../pic32c/lib/thumb/v6-m/nofp\libpic32c.a(data_init.o)
                              build/default/debug/_ext/1171490990/startup_xc32.o (__pic32c_data_initialization)
C:/Program Files/Microchip/xc32/v5.00/bin/bin/../../lib/gcc/pic32c/13.2.1/../../../../pic32c/lib/thumb/v6-m/nofp\libc-size-musl.a(memcmp.o)
                              build/default/debug/_ext/95446945/calib_read.o (memcmp)
C:/Program Files/Microchip/xc32/v5.00/bin/bin/../../lib/gcc/pic32c/13.2.1/../../../../pic32c/lib/thumb/v6-m/nofp\libc-size-musl.a(memcpy.o)
                              build/default/debug/_ext/1697030576/wdrv_winc_spi.o (memcpy)
C:/Program Files/Microchip/xc32/v5.00/bin/bin/../../lib/gcc/pic32c/13.2.1/../../../../pic32c/lib/thumb/v6-m/nofp\libc-size-musl.a(memmove.o)
                              build/default/debug/_ext/35538813/atcacert_def.o (memmove)
C:/Program Files/Microchip/xc32/v5.00/bin/bin/../../lib/gcc/pic32c/13.2.1/../../../../pic32c/lib/thumb/v6-m/nofp\libc-size-musl.a(memset.o)
                              build/default/debug/_ext/1667573777/nmdrv.o (memset)
C:/Program Files/Microchip/xc32/v5.00/bin/bin/../../lib/gcc/pic32c/13.2.1/../../../../pic32c/lib/thumb/v6-m/nofp\libc-size-musl.a(strlen.o)
                              build/default/debug/_ext/1667573777/m2m_ota.o (strlen)
C:/Program Files/Microchip/xc32/v5.00/bin/bin/../../lib/gcc/pic32c/13.2.1/../../../../pic32c/lib/thumb/v6-m/nofp\libc-size-musl.a(strstr.o)
                              build/default/debug/_ext/35538813/atcacert_pem.o (strstr)
C:/Program Files/Microchip/xc32/v5.00/bin/bin/../../lib/gcc/pic32c/13.2.1/../../../../pic32c/lib/thumb/v6-m/nofp\libc-size-musl.a(strchr.o)
                              build/default/debug/_ext/1954180691/wdrv_winc_authctx.o (strchr)
C:/Program Files/Microchip/xc32/v5.00/bin/bin/../../lib/gcc/pic32c/13.2.1/../../../../pic32c/lib/thumb/v6-m/nofp\libc-size-musl.a(strchrnul.o)
                              C:/Program Files/Microchip/xc32/v5.00/bin/bin/../../lib/gcc/pic32c/13.2.1/../../../../pic32c/lib/thumb/v6-m/nofp\libc-size-musl.a(strchr.o) (__strchrnul)
C:/Program Files/Microchip/xc32/v5.00/bin/bin/../../lib/gcc/pic32c/13.2.1/../../../../pic32c/lib/thumb/v6-m/nofp\libc-size-musl.a(strcmp.o)
                              build/default/debug/_ext/1376093119/sys_command.o (strcmp)
C:/Program Files/Microchip/xc32/v5.00/bin/bin/../../lib/gcc/pic32c/13.2.1/../../../../pic32c/lib/thumb/v6-m/nofp\libc-size-musl.a(strcpy.o)
                              build/default/debug/_ext/1376093119/sys_command.o (strcpy)
C:/Program Files/Microchip/xc32/v5.00/bin/bin/../../lib/gcc/pic32c/13.2.1/../../../../pic32c/lib/thumb/v6-m/nofp\libc-size-musl.a(strncmp.o)
                              build/default/debug/_ext/1376093119/sys_command.o (strncmp)
C:/Program Files/Microchip/xc32/v5.00/bin/bin/../../lib/gcc/pic32c/13.2.1/../../../../pic32c/lib/thumb/v6-m/nofp\libc-size-musl.a(strncpy.o)
                              build/default/debug/_ext/1376093119/sys_command.o (strncpy)
C:/Program Files/Microchip/xc32/v5.00/bin/bin/../../lib/gcc/pic32c/13.2.1/../../../../pic32c/lib/thumb/v6-m/nofp\libc-size-musl.a(strnlen.o)
                              build/default/debug/_ext/1667573777/m2m_ota.o (strnlen)
C:/Program Files/Microchip/xc32/v5.00/bin/bin/../../lib/gcc/pic32c/13.2.1/../../../../pic32c/lib/thumb/v6-m/nofp\libc-size-musl.a(strtok.o)
                              build/default/debug/_ext/1376093119/sys_command.o (strtok)
C:/Program Files/Microchip/xc32/v5.00/bin/bin/../../lib/gcc/pic32c/13.2.1/../../../../pic32c/lib/thumb/v6-m/nofp\libc-size-musl.a(memchr.o)
                              C:/Program Files/Microchip/xc32/v5.00/bin/bin/../../lib/gcc/pic32c/13.2.1/../../../../pic32c/lib/thumb/v6-m/nofp\libc-size-musl.a(strnlen.o) (memchr)
C:/Program Files/Microchip/xc32/v5.00/bin/bin/../../lib/gcc/pic32c/13.2.1/../../../../pic32c/lib/thumb/v6-m/nofp\libc-size-musl.a(stpcpy.o)
                              C:/Program Files/Microchip/xc32/v5.00/bin/bin/../../lib/gcc/pic32c/13.2.1/../../../../pic32c/lib/thumb/v6-m/nofp\libc-size-musl.a(strcpy.o) (__stpcpy)
C:/Program Files/Microchip/xc32/v5.00/bin/bin/../../lib/gcc/pic32c/13.2.1/../../../../pic32c/lib/thumb/v6-m/nofp\libc-size-musl.a(stpncpy.o)
                              C:/Program Files/Microchip/xc32/v5.00/bin/bin/../../lib/gcc/pic32c/13.2.1/../../../../pic32c/lib/thumb/v6-m/nofp\libc-size-musl.a(strncpy.o) (__stpncpy)
C:/Program Files/Microchip/xc32/v5.00/bin/bin/../../lib/gcc/pic32c/13.2.1/../../../../pic32c/lib/thumb/v6-m/nofp\libc-size-musl.a(strcspn.o)
                              C:/Program Files/Microchip/xc32/v5.00/bin/bin/../../lib/gcc/pic32c/13.2.1/../../../../pic32c/lib/thumb/v6-m/nofp\libc-size-musl.a(strtok.o) (strcspn)
[...]
Memory Configuration

Name             Origin             Length             Attributes
rom              0x00000000         0x00040000         xrl
ram              0x20000000         0x00008000         xw!r
config_00804000  0x00804000         0x00000004
config_00804004  0x00804004         0x00000004
*default*        0x00000000         0xffffffff

Linker script and memory map

LOAD C:/Program Files/Microchip/xc32/v5.00/bin/bin/../../lib/gcc/pic32c/13.2.1/thumb/v6-m/nofp/crti.o
LOAD C:/Program Files/Microchip/xc32/v5.00/bin/bin/../../lib/gcc/pic32c/13.2.1/thumb/v6-m/nofp/crtbegin.o
LOAD build/default/debug/_ext/1068697685/wdrv_winc_eint.o
LOAD build/default/debug/_ext/1068697685/wdrv_winc_gpio.o
LOAD build/default/debug/_ext/1697030576/wdrv_winc_spi.o
LOAD build/default/debug/_ext/1636284884/nm_common.o
LOAD build/default/debug/_ext/1667573777/nmasic.o
LOAD build/default/debug/_ext/1667573777/nmdrv.o
LOAD build/default/debug/_ext/1667573777/m2m_ssl.o
LOAD build/default/debug/_ext/1667573777/nmspi.o
LOAD build/default/debug/_ext/1667573777/nmbus.o
LOAD build/default/debug/_ext/1667573777/m2m_periph.o
LOAD build/default/debug/_ext/1667573777/m2m_hif.o
LOAD build/default/debug/_ext/1667573777/m2m_ota.o
LOAD build/default/debug/_ext/1667573777/m2m_wifi.o
LOAD build/default/debug/_ext/2094051164/socket.o
LOAD build/default/debug/_ext/2094051164/inet_ntop.o
LOAD build/default/debug/_ext/2094051164/inet_addr.o
LOAD build/default/debug/_ext/1908349716/spi_flash.o
LOAD build/default/debug/_ext/1908349716/flexible_flash.o
LOAD build/default/debug/_ext/2018374705/wdrv_winc_osal.o
LOAD build/default/debug/_ext/1954180691/wdrv_winc_softap.o
LOAD build/default/debug/_ext/1954180691/wdrv_winc_bssfind.o
LOAD build/default/debug/_ext/1954180691/wdrv_winc_host_file.o
LOAD build/default/debug/_ext/1954180691/wdrv_winc_powersave.o
LOAD build/default/debug/_ext/1954180691/wdrv_winc_authctx.o
LOAD build/default/debug/_ext/1954180691/wdrv_winc_enterprise.o
LOAD build/default/debug/_ext/1954180691/wdrv_winc_ssl.o
LOAD build/default/debug/_ext/1954180691/wdrv_winc_bssctx.o
LOAD build/default/debug/_ext/1954180691/wdrv_winc_custie.o
LOAD build/default/debug/_ext/1954180691/wdrv_winc_assoc.o
LOAD build/default/debug/_ext/1954180691/wdrv_winc_socket.o
LOAD build/default/debug/_ext/1954180691/wdrv_winc_sta.o
LOAD build/default/debug/_ext/1954180691/wdrv_winc_nvm.o
LOAD build/default/debug/_ext/1954180691/wdrv_winc_systime.o
LOAD build/default/debug/_ext/1954180691/wdrv_winc.o
LOAD build/default/debug/_ext/1954180691/wdrv_winc_wps.o
LOAD build/default/debug/_ext/1954180691/wdrv_winc_httpprovctx.o
LOAD build/default/debug/_ext/35538813/atcacert_date.o
LOAD build/default/debug/_ext/35538813/atcacert_pem.o
LOAD build/default/debug/_ext/35538813/atcacert_def.o
LOAD build/default/debug/_ext/35538813/atcacert_client.o
LOAD build/default/debug/_ext/35538813/atcacert_host_sw.o
LOAD build/default/debug/_ext/35538813/atcacert_der.o
LOAD build/default/debug/_ext/35538813/atcacert_host_hw.o
LOAD build/default/debug/_ext/95446945/calib_mac.o
LOAD build/default/debug/_ext/95446945/calib_aes.o
LOAD build/default/debug/_ext/95446945/calib_sha.o
LOAD build/default/debug/_ext/95446945/calib_basic.o
LOAD build/default/debug/_ext/95446945/calib_execution.o
LOAD build/default/debug/_ext/95446945/calib_gendig.o
LOAD build/default/debug/_ext/95446945/calib_lock.o
LOAD build/default/debug/_ext/95446945/calib_info.o
LOAD build/default/debug/_ext/95446945/calib_kdf.o
LOAD build/default/debug/_ext/95446945/calib_updateextra.o
LOAD build/default/debug/_ext/95446945/calib_write.o
LOAD build/default/debug/_ext/95446945/calib_privwrite.o
LOAD build/default/debug/_ext/95446945/calib_sign.o
LOAD build/default/debug/_ext/95446945/calib_checkmac.o
LOAD build/default/debug/_ext/95446945/calib_derivekey.o
LOAD build/default/debug/_ext/95446945/calib_secureboot.o
LOAD build/default/debug/_ext/95446945/calib_ecdh.o
LOAD build/default/debug/_ext/95446945/calib_aes_gcm.o
LOAD build/default/debug/_ext/95446945/calib_nonce.o
LOAD build/default/debug/_ext/95446945/calib_selftest.o
LOAD build/default/debug/_ext/95446945/calib_counter.o
LOAD build/default/debug/_ext/95446945/calib_read.o
LOAD build/default/debug/_ext/95446945/calib_delete.o
LOAD build/default/debug/_ext/95446945/calib_verify.o
LOAD build/default/debug/_ext/95446945/calib_genkey.o
LOAD build/default/debug/_ext/95446945/calib_random.o
LOAD build/default/debug/_ext/95446945/calib_helpers.o
LOAD build/default/debug/_ext/95446945/calib_command.o
LOAD build/default/debug/_ext/95446945/calib_hmac.o
LOAD build/default/debug/_ext/2017208766/sha1_routines.o
LOAD build/default/debug/_ext/2017208766/sha2_routines.o
LOAD build/default/debug/_ext/1352206537/atca_crypto_pad.o
LOAD build/default/debug/_ext/1352206537/atca_crypto_sw_sha1.o
LOAD build/default/debug/_ext/1352206537/atca_crypto_hw_aes_ccm.o
LOAD build/default/debug/_ext/1352206537/atca_crypto_hw_aes_cbcmac.o
LOAD build/default/debug/_ext/1352206537/atca_crypto_hw_aes_cbc.o
LOAD build/default/debug/_ext/1352206537/atca_crypto_pbkdf2.o
LOAD build/default/debug/_ext/1352206537/atca_crypto_hw_aes_cmac.o
LOAD build/default/debug/_ext/1352206537/atca_crypto_sw_sha2.o
LOAD build/default/debug/_ext/1352206537/atca_crypto_hw_aes_ctr.o
LOAD build/default/debug/_ext/1390037109/atca_hal.o
LOAD build/default/debug/_ext/1390037109/hal_freertos.o
LOAD build/default/debug/_ext/1390037109/hal_harmony_init.o
LOAD build/default/debug/_ext/1390037109/hal_gpio_harmony.o
LOAD build/default/debug/_ext/1390037109/hal_cortex_m_delay.o
LOAD build/default/debug/_ext/141463632/atca_host.o
LOAD build/default/debug/_ext/1390034497/atca_jwt.o
LOAD build/default/debug/_ext/701127929/atca_debug.o
LOAD build/default/debug/_ext/701127929/atca_cfgs.o
LOAD build/default/debug/_ext/701127929/atca_utils_sizes.o
LOAD build/default/debug/_ext/701127929/atca_device.o
LOAD build/default/debug/_ext/701127929/atca_helpers.o
LOAD build/default/debug/_ext/701127929/atca_basic.o
LOAD build/default/debug/_ext/701127929/atca_iface.o
LOAD build/default/debug/_ext/1529399856/osal_freertos.o
LOAD build/default/debug/_ext/1984496892/plib_clock.o
LOAD build/default/debug/_ext/60167341/plib_eic.o
LOAD build/default/debug/_ext/1986646378/plib_evsys.o
LOAD build/default/debug/_ext/1865468468/plib_nvic.o
LOAD build/default/debug/_ext/1593096446/plib_nvmctrl.o
LOAD build/default/debug/_ext/1865521619/plib_port.o
LOAD build/default/debug/_ext/17022449/plib_sercom4_spi_master.o
LOAD build/default/debug/_ext/504274921/plib_sercom5_usart.o
LOAD build/default/debug/_ext/829342655/plib_tc3.o
LOAD build/default/debug/_ext/163028504/xc32_monitor.o
LOAD build/default/debug/_ext/1376093119/sys_command.o
LOAD build/default/debug/_ext/1832805299/sys_console_uart.o
LOAD build/default/debug/_ext/1832805299/sys_console.o
LOAD build/default/debug/_ext/944882569/sys_debug.o
LOAD build/default/debug/_ext/1881668453/sys_int.o
LOAD build/default/debug/_ext/1000052432/sys_reset.o
LOAD build/default/debug/_ext/101884895/sys_time.o
LOAD build/default/debug/_ext/1171490990/libc_syscalls.o
LOAD build/default/debug/_ext/1171490990/interrupts.o
LOAD build/default/debug/_ext/1171490990/exceptions.o
LOAD build/default/debug/_ext/1171490990/startup_xc32.o
LOAD build/default/debug/_ext/1171490990/initialization.o
LOAD build/default/debug/_ext/1171490990/tasks.o
LOAD build/default/debug/_ext/1171490990/freertos_hooks.o
LOAD build/default/debug/_ext/1624415188/port.o
LOAD build/default/debug/_ext/1665200909/heap_1.o
LOAD build/default/debug/_ext/404212886/timers.o
LOAD build/default/debug/_ext/404212886/stream_buffer.o
LOAD build/default/debug/_ext/404212886/list.o
LOAD build/default/debug/_ext/404212886/event_groups.o
LOAD build/default/debug/_ext/404212886/croutine.o
LOAD build/default/debug/_ext/404212886/FreeRTOS_tasks.o
LOAD build/default/debug/_ext/404212886/queue.o
LOAD build/default/debug/_ext/1834204934/fsm.o
LOAD build/default/debug/_ext/291186172/led_mgr.o
LOAD build/default/debug/_ext/608252031/security_mgr.o
LOAD build/default/debug/_ext/1596884741/sensor_mgr.o
LOAD build/default/debug/_ext/1749010646/wifi_mgr.o
LOAD build/default/debug/_ext/1360937237/main.o
LOAD build/default/debug/_ext/1360937237/app.o
LOAD build/default/debug/_ext/1721715585/timer_control.o
LOAD build/default/debug/_ext/1793257801/osal_sphere.o
LOAD build/default/debug/_ext/1749010646/cloud_task.o
LOAD build/default/debug/_ext/1749010646/cloud_status.o
                0x00000001                        __MPLAB_BUILD = 0x1
                0x00040000                        __rom_end = (ORIGIN (rom) + LENGTH (rom))
                0x20008000                        __ram_end = (ORIGIN (ram) + LENGTH (ram))

.config_00804000
                0x00804000        0x4
 *(.config_00804000)
 .config_00804000
                0x00804000        0x4 build/default/debug/_ext/1171490990/initialization.o
                0x00804000                __config_00804000

.config_00804004
                0x00804004        0x4
 *(.config_00804004)
 .config_00804004
                0x00804004        0x4 build/default/debug/_ext/1171490990/initialization.o
                0x00804004                __config_00804004

.vectors        0x00000000       0xb0
                0x00000000                        . = ALIGN (0x4)
                0x00000000                        _sfixed = .
 *(.vectors .vectors.* .vectors_default .vectors_default.*)
 .vectors       0x00000000       0xb0 build/default/debug/_ext/1171490990/interrupts.o
                0x00000000                exception_table
 *(.isr_vector)
 *(.reset*)
 *(.after_vectors)

.text           0x000000b0       0x20
                0x000000b0                        . = ALIGN (0x4)
 *(.glue_7t)
 .glue_7t       0x000000b0        0x0 linker stubs
 *(.glue_7)
 .glue_7        0x000000b0        0x0 linker stubs
 *(.gnu.linkonce.r.*)
 *(.ARM.extab* .gnu.linkonce.armextab.*)
                0x000000b0                        . = ALIGN (0x4)
 *(.init)
 .init          0x000000b0        0x4 C:/Program Files/Microchip/xc32/v5.00/bin/bin/../../lib/gcc/pic32c/13.2.1/thumb/v6-m/nofp/crti.o
                0x000000b0                _init
 .init          0x000000b4        0x8 C:/Program Files/Microchip/xc32/v5.00/bin/bin/../../lib/gcc/pic32c/13.2.1/thumb/v6-m/nofp/crtn.o
                0x000000bc                        . = ALIGN (0x4)
                0x000000bc                        __preinit_array_start = .
 *(.preinit_array)
                0x000000bc                        __preinit_array_end = .
                0x000000bc                        . = ALIGN (0x4)
                0x000000bc                        __init_array_start = .
 *(SORT_BY_NAME(.init_array.*))
 *(.init_array)
 .init_array    0x000000bc        0x4 C:/Program Files/Microchip/xc32/v5.00/bin/bin/../../lib/gcc/pic32c/13.2.1/thumb/v6-m/nofp/crtbegin.o
                0x000000c0                        __init_array_end = .
                0x000000c0                        . = ALIGN (0x4)
 *crtbegin.o(.ctors)
 *(EXCLUDE_FILE(*crtend.o) .ctors)
 *(SORT_BY_NAME(.ctors.*))
 *crtend.o(.ctors)
                0x000000c0                        . = ALIGN (0x4)
 *(.fini)
 .fini          0x000000c0        0x4 C:/Program Files/Microchip/xc32/v5.00/bin/bin/../../lib/gcc/pic32c/13.2.1/thumb/v6-m/nofp/crti.o
                0x000000c0                _fini
 .fini          0x000000c4        0x8 C:/Program Files/Microchip/xc32/v5.00/bin/bin/../../lib/gcc/pic32c/13.2.1/thumb/v6-m/nofp/crtn.o
                0x000000cc                        . = ALIGN (0x4)
                0x000000cc                        __fini_array_start = .
 *(.fini_array)
 .fini_array    0x000000cc        0x4 C:/Program Files/Microchip/xc32/v5.00/bin/bin/../../lib/gcc/pic32c/13.2.1/thumb/v6-m/nofp/crtbegin.o
 *(SORT_BY_NAME(.fini_array.*))
                0x000000d0                        __fini_array_end = .
 *crtbegin.o(.dtors)
 *(EXCLUDE_FILE(*crtend.o) .dtors)
 *(SORT_BY_NAME(.dtors.*))
 *crtend.o(.dtors)
                0x000000d0                        . = ALIGN (0x4)
                0x000000d0                        _efixed = .
                [!provide]                        PROVIDE (__exidx_start = .)

.ARM.exidx      0x000000d0       0x10
 *(.ARM.exidx* .gnu.linkonce.armexidx.*)
 .ARM.exidx     0x000000d0        0x8 C:/Program Files/Microchip/xc32/v5.00/bin/bin/../../lib/gcc/pic32c/13.2.1/thumb/v6-m/nofp\libgcc.a(_divdi3.o)
 .ARM.exidx     0x000000d8        0x8 C:/Program Files/Microchip/xc32/v5.00/bin/bin/../../lib/gcc/pic32c/13.2.1/thumb/v6-m/nofp\libgcc.a(_udivmoddi4.o)
                [!provide]                        PROVIDE (__exidx_end = .)
                0x000000e0                        . = ALIGN (0x4)
                0x000000e0                        _etext = .

.bss            0x20000000        0x0
                0x20000000                        . = ALIGN (0x4)
                0x20000000                        __bss_start__ = .
                0x20000000                        _sbss = .
                0x20000000                        _szero = .
 *(COMMON)
                0x20000000                        . = ALIGN (0x4)
                0x20000000                        __bss_end__ = .
                0x20000000                        _ebss = .
                0x20000000                        _ezero = .
                0x20000000                        . = ALIGN (0x4)
                0x20000000                        _end = .
                0x20007fff                        _ram_end_ = ((ORIGIN (ram) + LENGTH (ram)) - 0x1)
                0x00000001                        __ICD2RAM = 0x1
                0x00000001                        __MPLAB_DEBUG = 0x1
                0x00000001                        __DEBUG = 0x1
                0x00000400                        _min_heap_size = 0x400
START GROUP
LOAD C:/Program Files/Microchip/xc32/v5.00/bin/bin/../../lib/gcc/pic32c/13.2.1/../../../../pic32c/lib/thumb/v6-m/nofp\libpic32c.a
LOAD C:/Program Files/Microchip/xc32/v5.00/bin/bin/../../lib/gcc/pic32c/13.2.1/../../../../pic32c/lib/thumb/v6-m/nofp\libc-size-musl.a
LOAD C:/Program Files/Microchip/xc32/v5.00/bin/bin/../../lib/gcc/pic32c/13.2.1/../../../../pic32c/lib/thumb/v6-m/nofp\liblmalloc-musl.a
LOAD C:/Program Files/Microchip/xc32/v5.00/bin/bin/../../lib/gcc/pic32c/13.2.1/../../../../pic32c/lib/thumb/v6-m/nofp\libg-musl.a
LOAD C:/Program Files/Microchip/xc32/v5.00/bin/bin/../../lib/gcc/pic32c/13.2.1/../../../../pic32c/lib/thumb/v6-m/nofp\libc-musl.a
LOAD C:/Program Files/Microchip/xc32/v5.00/bin/bin/../../lib/gcc/pic32c/13.2.1/../../../../pic32c/lib/thumb/v6-m/nofp\libm-fast-emfloat.a
LOAD C:/Program Files/Microchip/xc32/v5.00/bin/bin/../../lib/gcc/pic32c/13.2.1/../../../../pic32c/lib/thumb/v6-m/nofp\libm-musl.a
END GROUP
LOAD C:/Program Files/Microchip/xc32/v5.00/bin/bin/../../lib/gcc/pic32c/13.2.1/thumb/v6-m/nofp\libgcc.a
LOAD C:/Program Files/Microchip/xc32/v5.00/bin/bin/../../lib/gcc/pic32c/13.2.1/thumb/v6-m/nofp/crtend.o
LOAD C:/Program Files/Microchip/xc32/v5.00/bin/bin/../../lib/gcc/pic32c/13.2.1/thumb/v6-m/nofp/crtn.o
OUTPUT(dist/default/debug/sam_connectivity.X.debug.elf elf32-littlearm)
LOAD linker stubs
LOAD data_init

.note           0x00000000     0x1530
 .note          0x00000000       0x18 C:/Program Files/Microchip/xc32/v5.00/bin/bin/../../lib/gcc/pic32c/13.2.1/thumb/v6-m/nofp/crti.o
 .note          0x00000018       0x18 C:/Program Files/Microchip/xc32/v5.00/bin/bin/../../lib/gcc/pic32c/13.2.1/thumb/v6-m/nofp/crtbegin.o
 .note          0x00000030       0x18 build/default/debug/_ext/1068697685/wdrv_winc_eint.o
 .note          0x00000048       0x18 build/default/debug/_ext/1068697685/wdrv_winc_gpio.o
 .note          0x00000060       0x18 build/default/debug/_ext/1697030576/wdrv_winc_spi.o
 .note          0x00000078       0x18 build/default/debug/_ext/1636284884/nm_common.o
 .note          0x00000090       0x18 build/default/debug/_ext/1667573777/nmasic.o
 .note          0x000000a8       0x18 build/default/debug/_ext/1667573777/nmdrv.o
 .note          0x000000c0       0x18 build/default/debug/_ext/1667573777/m2m_ssl.o
 .note          0x000000d8       0x18 build/default/debug/_ext/1667573777/nmspi.o
 .note          0x000000f0       0x18 build/default/debug/_ext/1667573777/nmbus.o
 .note          0x00000108       0x18 build/default/debug/_ext/1667573777/m2m_periph.o
 .note          0x00000120       0x18 build/default/debug/_ext/1667573777/m2m_hif.o
 .note          0x00000138       0x18 build/default/debug/_ext/1667573777/m2m_ota.o
 .note          0x00000150       0x18 build/default/debug/_ext/1667573777/m2m_wifi.o
 .note          0x00000168       0x18 build/default/debug/_ext/2094051164/socket.o
 .note          0x00000180       0x18 build/default/debug/_ext/2094051164/inet_ntop.o
 .note          0x00000198       0x18 build/default/debug/_ext/2094051164/inet_addr.o
 .note          0x000001b0       0x18 build/default/debug/_ext/1908349716/spi_flash.o
 .note          0x000001c8       0x18 build/default/debug/_ext/1908349716/flexible_flash.o
 .note          0x000001e0       0x18 build/default/debug/_ext/2018374705/wdrv_winc_osal.o
 .note          0x000001f8       0x18 build/default/debug/_ext/1954180691/wdrv_winc_softap.o
 .note          0x00000210       0x18 build/default/debug/_ext/1954180691/wdrv_winc_bssfind.o
 .note          0x00000228       0x18 build/default/debug/_ext/1954180691/wdrv_winc_host_file.o
 .note          0x00000240       0x18 build/default/debug/_ext/1954180691/wdrv_winc_powersave.o
 .note          0x00000258       0x18 build/default/debug/_ext/1954180691/wdrv_winc_authctx.o
 .note          0x00000270       0x18 build/default/debug/_ext/1954180691/wdrv_winc_enterprise.o
 .note          0x00000288       0x18 build/default/debug/_ext/1954180691/wdrv_winc_ssl.o
 .note          0x000002a0       0x18 build/default/debug/_ext/1954180691/wdrv_winc_bssctx.o
 .note          0x000002b8       0x18 build/default/debug/_ext/1954180691/wdrv_winc_custie.o
 .note          0x000002d0       0x18 build/default/debug/_ext/1954180691/wdrv_winc_assoc.o
 .note          0x000002e8       0x18 build/default/debug/_ext/1954180691/wdrv_winc_socket.o
 .note          0x00000300       0x18 build/default/debug/_ext/1954180691/wdrv_winc_sta.o
 .note          0x00000318       0x18 build/default/debug/_ext/1954180691/wdrv_winc_nvm.o
 .note          0x00000330       0x18 build/default/debug/_ext/1954180691/wdrv_winc_systime.o
 .note          0x00000348       0x18 build/default/debug/_ext/1954180691/wdrv_winc.o
 .note          0x00000360       0x18 build/default/debug/_ext/1954180691/wdrv_winc_wps.o
 .note          0x00000378       0x18 build/default/debug/_ext/1954180691/wdrv_winc_httpprovctx.o
 .note          0x00000390       0x18 build/default/debug/_ext/35538813/atcacert_date.o
 .note          0x000003a8       0x18 build/default/debug/_ext/35538813/atcacert_pem.o
 .note          0x000003c0       0x18 build/default/debug/_ext/35538813/atcacert_def.o
 .note          0x000003d8       0x18 build/default/debug/_ext/35538813/atcacert_client.o
 .note          0x000003f0       0x18 build/default/debug/_ext/35538813/atcacert_host_sw.o
 .note          0x00000408       0x18 build/default/debug/_ext/35538813/atcacert_der.o
 .note          0x00000420       0x18 build/default/debug/_ext/35538813/atcacert_host_hw.o
 .note          0x00000438       0x18 build/default/debug/_ext/95446945/calib_mac.o
 .note          0x00000450       0x18 build/default/debug/_ext/95446945/calib_aes.o
 .note          0x00000468       0x18 build/default/debug/_ext/95446945/calib_sha.o
 .note          0x00000480       0x18 build/default/debug/_ext/95446945/calib_basic.o
 .note          0x00000498       0x18 build/default/debug/_ext/95446945/calib_execution.o
 .note          0x000004b0       0x18 build/default/debug/_ext/95446945/calib_gendig.o
 .note          0x000004c8       0x18 build/default/debug/_ext/95446945/calib_lock.o
 .note          0x000004e0       0x18 build/default/debug/_ext/95446945/calib_info.o
 .note          0x000004f8       0x18 build/default/debug/_ext/95446945/calib_kdf.o
 .note          0x00000510       0x18 build/default/debug/_ext/95446945/calib_updateextra.o
 .note          0x00000528       0x18 build/default/debug/_ext/95446945/calib_write.o
 .note          0x00000540       0x18 build/default/debug/_ext/95446945/calib_privwrite.o
 .note          0x00000558       0x18 build/default/debug/_ext/95446945/calib_sign.o
 .note          0x00000570       0x18 build/default/debug/_ext/95446945/calib_checkmac.o
 .note          0x00000588       0x18 build/default/debug/_ext/95446945/calib_derivekey.o
 .note          0x000005a0       0x18 build/default/debug/_ext/95446945/calib_secureboot.o
 .note          0x000005b8       0x18 build/default/debug/_ext/95446945/calib_ecdh.o
 .note          0x000005d0       0x18 build/default/debug/_ext/95446945/calib_aes_gcm.o
 .note          0x000005e8       0x18 build/default/debug/_ext/95446945/calib_nonce.o
 .note          0x00000600       0x18 build/default/debug/_ext/95446945/calib_selftest.o
 .note          0x00000618       0x18 build/default/debug/_ext/95446945/calib_counter.o
 .note          0x00000630       0x18 build/default/debug/_ext/95446945/calib_read.o
 .note          0x00000648       0x18 build/default/debug/_ext/95446945/calib_delete.o
 .note          0x00000660       0x18 build/default/debug/_ext/95446945/calib_verify.o
 .note          0x00000678       0x18 build/default/debug/_ext/95446945/calib_genkey.o
 .note          0x00000690       0x18 build/default/debug/_ext/95446945/calib_random.o
 .note          0x000006a8       0x18 build/default/debug/_ext/95446945/calib_helpers.o
 .note          0x000006c0       0x18 build/default/debug/_ext/95446945/calib_command.o
 .note          0x000006d8       0x18 build/default/debug/_ext/95446945/calib_hmac.o
 .note          0x000006f0       0x18 build/default/debug/_ext/2017208766/sha1_routines.o
 .note          0x00000708       0x18 build/default/debug/_ext/2017208766/sha2_routines.o
 .note          0x00000720       0x18 build/default/debug/_ext/1352206537/atca_crypto_pad.o
 .note          0x00000738       0x18 build/default/debug/_ext/1352206537/atca_crypto_sw_sha1.o
 .note          0x00000750       0x18 build/default/debug/_ext/1352206537/atca_crypto_hw_aes_ccm.o
 .note          0x00000768       0x18 build/default/debug/_ext/1352206537/atca_crypto_hw_aes_cbcmac.o
 .note          0x00000780       0x18 build/default/debug/_ext/1352206537/atca_crypto_hw_aes_cbc.o
 .note          0x00000798       0x18 build/default/debug/_ext/1352206537/atca_crypto_pbkdf2.o
 .note          0x000007b0       0x18 build/default/debug/_ext/1352206537/atca_crypto_hw_aes_cmac.o
 .note          0x000007c8       0x18 build/default/debug/_ext/1352206537/atca_crypto_sw_sha2.o
 .note          0x000007e0       0x18 build/default/debug/_ext/1352206537/atca_crypto_hw_aes_ctr.o
 .note          0x000007f8       0x18 build/default/debug/_ext/1390037109/atca_hal.o
 .note          0x00000810       0x18 build/default/debug/_ext/1390037109/hal_freertos.o
 .note          0x00000828       0x18 build/default/debug/_ext/1390037109/hal_harmony_init.o
 .note          0x00000840       0x18 build/default/debug/_ext/1390037109/hal_gpio_harmony.o
 .note          0x00000858       0x18 build/default/debug/_ext/1390037109/hal_cortex_m_delay.o
 .note          0x00000870       0x18 build/default/debug/_ext/141463632/atca_host.o
 .note          0x00000888       0x18 build/default/debug/_ext/1390034497/atca_jwt.o
 .note          0x000008a0       0x18 build/default/debug/_ext/701127929/atca_debug.o
 .note          0x000008b8       0x18 build/default/debug/_ext/701127929/atca_cfgs.o
 .note          0x000008d0       0x18 build/default/debug/_ext/701127929/atca_utils_sizes.o
 .note          0x000008e8       0x18 build/default/debug/_ext/701127929/atca_device.o
 .note          0x00000900       0x18 build/default/debug/_ext/701127929/atca_helpers.o
 .note          0x00000918       0x18 build/default/debug/_ext/701127929/atca_basic.o
 .note          0x00000930       0x18 build/default/debug/_ext/701127929/atca_iface.o
 .note          0x00000948       0x18 build/default/debug/_ext/1529399856/osal_freertos.o
 .note          0x00000960       0x18 build/default/debug/_ext/1984496892/plib_clock.o
 .note          0x00000978       0x18 build/default/debug/_ext/60167341/plib_eic.o
 .note          0x00000990       0x18 build/default/debug/_ext/1986646378/plib_evsys.o
 .note          0x000009a8       0x18 build/default/debug/_ext/1865468468/plib_nvic.o
 .note          0x000009c0       0x18 build/default/debug/_ext/1593096446/plib_nvmctrl.o
 .note          0x000009d8       0x18 build/default/debug/_ext/1865521619/plib_port.o
 .note          0x000009f0       0x18 build/default/debug/_ext/17022449/plib_sercom4_spi_master.o
 .note          0x00000a08       0x18 build/default/debug/_ext/504274921/plib_sercom5_usart.o
 .note          0x00000a20       0x18 build/default/debug/_ext/829342655/plib_tc3.o
 .note          0x00000a38       0x18 build/default/debug/_ext/163028504/xc32_monitor.o
 .note          0x00000a50       0x18 build/default/debug/_ext/1376093119/sys_command.o
 .note          0x00000a68       0x18 build/default/debug/_ext/1832805299/sys_console_uart.o
 .note          0x00000a80       0x18 build/default/debug/_ext/1832805299/sys_console.o
 .note          0x00000a98       0x18 build/default/debug/_ext/944882569/sys_debug.o
 .note          0x00000ab0       0x18 build/default/debug/_ext/1881668453/sys_int.o
 .note          0x00000ac8       0x18 build/default/debug/_ext/1000052432/sys_reset.o
 .note          0x00000ae0       0x18 build/default/debug/_ext/101884895/sys_time.o
 .note          0x00000af8       0x18 build/default/debug/_ext/1171490990/libc_syscalls.o
 .note          0x00000b10       0x18 build/default/debug/_ext/1171490990/interrupts.o
 .note          0x00000b28       0x18 build/default/debug/_ext/1171490990/exceptions.o
 .note          0x00000b40       0x18 build/default/debug/_ext/1171490990/startup_xc32.o
 .note          0x00000b58       0x78 build/default/debug/_ext/1171490990/initialization.o
 .note          0x00000bd0       0x18 build/default/debug/_ext/1171490990/tasks.o
 .note          0x00000be8       0x18 build/default/debug/_ext/1171490990/freertos_hooks.o
 .note          0x00000c00       0x18 build/default/debug/_ext/1624415188/port.o
 .note          0x00000c18       0x18 build/default/debug/_ext/1665200909/heap_1.o
 .note          0x00000c30       0x18 build/default/debug/_ext/404212886/timers.o
 .note          0x00000c48       0x18 build/default/debug/_ext/404212886/stream_buffer.o
 .note          0x00000c60       0x18 build/default/debug/_ext/404212886/list.o
 .note          0x00000c78       0x18 build/default/debug/_ext/404212886/event_groups.o
 .note          0x00000c90       0x18 build/default/debug/_ext/404212886/croutine.o
 .note          0x00000ca8       0x18 build/default/debug/_ext/404212886/FreeRTOS_tasks.o
 .note          0x00000cc0       0x18 build/default/debug/_ext/404212886/queue.o
 .note          0x00000cd8       0x18 build/default/debug/_ext/1834204934/fsm.o
 .note          0x00000cf0       0x18 build/default/debug/_ext/291186172/led_mgr.o
 .note          0x00000d08       0x18 build/default/debug/_ext/608252031/security_mgr.o
 .note          0x00000d20       0x18 build/default/debug/_ext/1596884741/sensor_mgr.o
 .note          0x00000d38       0x18 build/default/debug/_ext/1749010646/wifi_mgr.o
 .note          0x00000d50       0x18 build/default/debug/_ext/1360937237/main.o
 .note          0x00000d68       0x18 build/default/debug/_ext/1360937237/app.o
 .note          0x00000d80       0x18 build/default/debug/_ext/1721715585/timer_control.o
 .note          0x00000d98       0x18 build/default/debug/_ext/1793257801/osal_sphere.o
 .note          0x00000db0       0x18 build/default/debug/_ext/1749010646/cloud_task.o
 .note          0x00000dc8       0x18 build/default/debug/_ext/1749010646/cloud_status.o
 .note          0x00000de0       0x18 C:/Program Files/Microchip/xc32/v5.00/bin/bin/../../lib/gcc/pic32c/13.2.1/../../../../pic32c/lib/thumb/v6-m/nofp\libpic32c.a(data_init.o)
 .note          0x00000df8       0x18 C:/Program Files/Microchip/xc32/v5.00/bin/bin/../../lib/gcc/pic32c/13.2.1/../../../../pic32c/lib/thumb/v6-m/nofp\libc-size-musl.a(memcmp.o)
 .note          0x00000e10       0x18 C:/Program Files/Microchip/xc32/v5.00/bin/bin/../../lib/gcc/pic32c/13.2.1/../../../../pic32c/lib/thumb/v6-m/nofp\libc-size-musl.a(memcpy.o)
 .note          0x00000e28       0x18 C:/Program Files/Microchip/xc32/v5.00/bin/bin/../../lib/gcc/pic32c/13.2.1/../../../../pic32c/lib/thumb/v6-m/nofp\libc-size-musl.a(memmove.o)
 .note          0x00000e40       0x18 C:/Program Files/Microchip/xc32/v5.00/bin/bin/../../lib/gcc/pic32c/13.2.1/../../../../pic32c/lib/thumb/v6-m/nofp\libc-size-musl.a(memset.o)
 .note          0x00000e58       0x18 C:/Program Files/Microchip/xc32/v5.00/bin/bin/../../lib/gcc/pic32c/13.2.1/../../../../pic32c/lib/thumb/v6-m/nofp\libc-size-musl.a(strlen.o)
 .note          0x00000e70       0x18 C:/Program Files/Microchip/xc32/v5.00/bin/bin/../../lib/gcc/pic32c/13.2.1/../../../../pic32c/lib/thumb/v6-m/nofp\libc-size-musl.a(strstr.o)
 .note          0x00000e88       0x18 C:/Program Files/Microchip/xc32/v5.00/bin/bin/../../lib/gcc/pic32c/13.2.1/../../../../pic32c/lib/thumb/v6-m/nofp\libc-size-musl.a(strchr.o)
 .note          0x00000ea0       0x18 C:/Program Files/Microchip/xc32/v5.00/bin/bin/../../lib/gcc/pic32c/13.2.1/../../../../pic32c/lib/thumb/v6-m/nofp\libc-size-musl.a(strchrnul.o)
 .note          0x00000eb8       0x18 C:/Program Files/Microchip/xc32/v5.00/bin/bin/../../lib/gcc/pic32c/13.2.1/../../../../pic32c/lib/thumb/v6-m/nofp\libc-size-musl.a(strcmp.o)
 .note          0x00000ed0       0x18 C:/Program Files/Microchip/xc32/v5.00/bin/bin/../../lib/gcc/pic32c/13.2.1/../../../../pic32c/lib/thumb/v6-m/nofp\libc-size-musl.a(strcpy.o)
 .note          0x00000ee8       0x18 C:/Program Files/Microchip/xc32/v5.00/bin/bin/../../lib/gcc/pic32c/13.2.1/../../../../pic32c/lib/thumb/v6-m/nofp\libc-size-musl.a(strncmp.o)
 .note          0x00000f00       0x18 C:/Program Files/Microchip/xc32/v5.00/bin/bin/../../lib/gcc/pic32c/13.2.1/../../../../pic32c/lib/thumb/v6-m/nofp\libc-size-musl.a(strncpy.o)
 .note          0x00000f18       0x18 C:/Program Files/Microchip/xc32/v5.00/bin/bin/../../lib/gcc/pic32c/13.2.1/../../../../pic32c/lib/thumb/v6-m/nofp\libc-size-musl.a(strnlen.o)
 .note          0x00000f30       0x18 C:/Program Files/Microchip/xc32/v5.00/bin/bin/../../lib/gcc/pic32c/13.2.1/../../../../pic32c/lib/thumb/v6-m/nofp\libc-size-musl.a(strtok.o)
 .note          0x00000f48       0x18 C:/Program Files/Microchip/xc32/v5.00/bin/bin/../../lib/gcc/pic32c/13.2.1/../../../../pic32c/lib/thumb/v6-m/nofp\libc-size-musl.a(memchr.o)
 .note          0x00000f60       0x18 C:/Program Files/Microchip/xc32/v5.00/bin/bin/../../lib/gcc/pic32c/13.2.1/../../../../pic32c/lib/thumb/v6-m/nofp\libc-size-musl.a(stpcpy.o)
 .note          0x00000f78       0x18 C:/Program Files/Microchip/xc32/v5.00/bin/bin/../../lib/gcc/pic32c/13.2.1/../../../../pic32c/lib/thumb/v6-m/nofp\libc-size-musl.a(stpncpy.o)
 .note          0x00000f90       0x18 C:/Program Files/Microchip/xc32/v5.00/bin/bin/../../lib/gcc/pic32c/13.2.1/../../../../pic32c/lib/thumb/v6-m/nofp\libc-size-musl.a(strcspn.o)
 .note          0x00000fa8       0x18 C:/Program Files/Microchip/xc32/v5.00/bin/bin/../../lib/gcc/pic32c/13.2.1/../../../../pic32c/lib/thumb/v6-m/nofp\libc-size-musl.a(strspn.o)
 .note          0x00000fc0       0x18 C:/Program Files/Microchip/xc32/v5.00/bin/bin/../../lib/gcc/pic32c/13.2.1/../../../../pic32c/lib/thumb/v6-m/nofp\liblmalloc-musl.a(lite_free.o)
 .note          0x00000fd8       0x18 C:/Program Files/Microchip/xc32/v5.00/bin/bin/../../lib/gcc/pic32c/13.2.1/../../../../pic32c/lib/thumb/v6-m/nofp\libg-musl.a(tolower.o)
 .note          0x00000ff0       0x18 C:/Program Files/Microchip/xc32/v5.00/bin/bin/../../lib/gcc/pic32c/13.2.1/../../../../pic32c/lib/thumb/v6-m/nofp\libg-musl.a(toupper.o)
 .note          0x00001008       0x18 C:/Program Files/Microchip/xc32/v5.00/bin/bin/../../lib/gcc/pic32c/13.2.1/../../../../pic32c/lib/thumb/v6-m/nofp\libg-musl.a(__libc_start_main.o)
 .note          0x00001020       0x18 C:/Program Files/Microchip/xc32/v5.00/bin/bin/../../lib/gcc/pic32c/13.2.1/../../../../pic32c/lib/thumb/v6-m/nofp\libg-musl.a(libc.o)
 .note          0x00001038       0x18 C:/Program Files/Microchip/xc32/v5.00/bin/bin/../../lib/gcc/pic32c/13.2.1/../../../../pic32c/lib/thumb/v6-m/nofp\libg-musl.a(fprintf.o)
 .note          0x00001050       0x18 C:/Program Files/Microchip/xc32/v5.00/bin/bin/../../lib/gcc/pic32c/13.2.1/../../../../pic32c/lib/thumb/v6-m/nofp\libg-musl.a(fflush.o)
 .note          0x00001068       0x18 C:/Program Files/Microchip/xc32/v5.00/bin/bin/../../lib/gcc/pic32c/13.2.1/../../../../pic32c/lib/thumb/v6-m/nofp\libg-musl.a(stderr.o)
 .note          0x00001080       0x18 C:/Program Files/Microchip/xc32/v5.00/bin/bin/../../lib/gcc/pic32c/13.2.1/../../../../pic32c/lib/thumb/v6-m/nofp\libg-musl.a(vfprintf.o)
 .note          0x00001098       0x18 C:/Program Files/Microchip/xc32/v5.00/bin/bin/../../lib/gcc/pic32c/13.2.1/../../../../pic32c/lib/thumb/v6-m/nofp\libg-musl.a(vsnprintf.o)
 .note          0x000010b0       0x18 C:/Program Files/Microchip/xc32/v5.00/bin/bin/../../lib/gcc/pic32c/13.2.1/../../../../pic32c/lib/thumb/v6-m/nofp\libg-musl.a(snprintf.o)
 .note          0x000010c8       0x18 C:/Program Files/Microchip/xc32/v5.00/bin/bin/../../lib/gcc/pic32c/13.2.1/../../../../pic32c/lib/thumb/v6-m/nofp\libg-musl.a(sprintf.o)
 .note          0x000010e0       0x18 C:/Program Files/Microchip/xc32/v5.00/bin/bin/../../lib/gcc/pic32c/13.2.1/../../../../pic32c/lib/thumb/v6-m/nofp\libg-musl.a(vsprintf.o)
 .note          0x000010f8       0x18 C:/Program Files/Microchip/xc32/v5.00/bin/bin/../../lib/gcc/pic32c/13.2.1/../../../../pic32c/lib/thumb/v6-m/nofp\libg-musl.a(gmtime.o)
 .note          0x00001110       0x18 C:/Program Files/Microchip/xc32/v5.00/bin/bin/../../lib/gcc/pic32c/13.2.1/../../../../pic32c/lib/thumb/v6-m/nofp\libg-musl.a(gmtime_r.o)
 .note          0x00001128       0x18 C:/Program Files/Microchip/xc32/v5.00/bin/bin/../../lib/gcc/pic32c/13.2.1/../../../../pic32c/lib/thumb/v6-m/nofp\libg-musl.a(mktime.o)
 .note          0x00001140       0x18 C:/Program Files/Microchip/xc32/v5.00/bin/bin/../../lib/gcc/pic32c/13.2.1/../../../../pic32c/lib/thumb/v6-m/nofp\libg-musl.a(__environ.o)
 .note          0x00001158       0x18 C:/Program Files/Microchip/xc32/v5.00/bin/bin/../../lib/gcc/pic32c/13.2.1/../../../../pic32c/lib/thumb/v6-m/nofp\libg-musl.a(__errno_location.o)
 .note          0x00001170       0x18 C:/Program Files/Microchip/xc32/v5.00/bin/bin/../../lib/gcc/pic32c/13.2.1/../../../../pic32c/lib/thumb/v6-m/nofp\libg-musl.a(__io_fmt_needed.o)
 .note          0x00001188       0x18 C:/Program Files/Microchip/xc32/v5.00/bin/bin/../../lib/gcc/pic32c/13.2.1/../../../../pic32c/lib/thumb/v6-m/nofp\libg-musl.a(__io_init_needed.o)
 .note          0x000011a0       0x18 C:/Program Files/Microchip/xc32/v5.00/bin/bin/../../lib/gcc/pic32c/13.2.1/../../../../pic32c/lib/thumb/v6-m/nofp\libg-musl.a(__pop_float.o)
 .note          0x000011b8       0x18 C:/Program Files/Microchip/xc32/v5.00/bin/bin/../../lib/gcc/pic32c/13.2.1/../../../../pic32c/lib/thumb/v6-m/nofp\libg-musl.a(__pop_int.o)
 .note          0x000011d0       0x18 C:/Program Files/Microchip/xc32/v5.00/bin/bin/../../lib/gcc/pic32c/13.2.1/../../../../pic32c/lib/thumb/v6-m/nofp\libg-musl.a(__pop_ptr.o)
 .note          0x000011e8       0x18 C:/Program Files/Microchip/xc32/v5.00/bin/bin/../../lib/gcc/pic32c/13.2.1/../../../../pic32c/lib/thumb/v6-m/nofp\libg-musl.a(__printf_core.o)
 .note          0x00001200       0x18 C:/Program Files/Microchip/xc32/v5.00/bin/bin/../../lib/gcc/pic32c/13.2.1/../../../../pic32c/lib/thumb/v6-m/nofp\libg-musl.a(atoi.o)
 .note          0x00001218       0x18 C:/Program Files/Microchip/xc32/v5.00/bin/bin/../../lib/gcc/pic32c/13.2.1/../../../../pic32c/lib/thumb/v6-m/nofp\libg-musl.a(__tm_to_secs.o)
 .note          0x00001230       0x18 C:/Program Files/Microchip/xc32/v5.00/bin/bin/../../lib/gcc/pic32c/13.2.1/../../../../pic32c/lib/thumb/v6-m/nofp\libg-musl.a(__year_to_secs.o)
 .note          0x00001248       0x18 C:/Program Files/Microchip/xc32/v5.00/bin/bin/../../lib/gcc/pic32c/13.2.1/../../../../pic32c/lib/thumb/v6-m/nofp\libg-musl.a(__secs_to_tm.o)
 .note          0x00001260       0x18 C:/Program Files/Microchip/xc32/v5.00/bin/bin/../../lib/gcc/pic32c/13.2.1/../../../../pic32c/lib/thumb/v6-m/nofp\libg-musl.a(__fmt_a.o)
 .note          0x00001278       0x18 C:/Program Files/Microchip/xc32/v5.00/bin/bin/../../lib/gcc/pic32c/13.2.1/../../../../pic32c/lib/thumb/v6-m/nofp\libg-musl.a(__fmt_d.o)
 .note          0x00001290       0x18 C:/Program Files/Microchip/xc32/v5.00/bin/bin/../../lib/gcc/pic32c/13.2.1/../../../../pic32c/lib/thumb/v6-m/nofp\libg-musl.a(__fmt_fp.o)
 .note          0x000012a8       0x18 C:/Program Files/Microchip/xc32/v5.00/bin/bin/../../lib/gcc/pic32c/13.2.1/../../../../pic32c/lib/thumb/v6-m/nofp\libg-musl.a(__fmt_o.o)
 .note          0x000012c0       0x18 C:/Program Files/Microchip/xc32/v5.00/bin/bin/../../lib/gcc/pic32c/13.2.1/../../../../pic32c/lib/thumb/v6-m/nofp\libg-musl.a(__fmt_s.o)
 .note          0x000012d8       0x18 C:/Program Files/Microchip/xc32/v5.00/bin/bin/../../lib/gcc/pic32c/13.2.1/../../../../pic32c/lib/thumb/v6-m/nofp\libg-musl.a(__fmt_u.o)
 .note          0x000012f0       0x18 C:/Program Files/Microchip/xc32/v5.00/bin/bin/../../lib/gcc/pic32c/13.2.1/../../../../pic32c/lib/thumb/v6-m/nofp\libg-musl.a(__fmt_x.o)
 .note          0x00001308       0x18 C:/Program Files/Microchip/xc32/v5.00/bin/bin/../../lib/gcc/pic32c/13.2.1/../../../../pic32c/lib/thumb/v6-m/nofp\libg-musl.a(__init_stdio.o)
 .note          0x00001320       0x18 C:/Program Files/Microchip/xc32/v5.00/bin/bin/../../lib/gcc/pic32c/13.2.1/../../../../pic32c/lib/thumb/v6-m/nofp\libg-musl.a(__io_file_needed.o)
 .note          0x00001338       0x18 C:/Program Files/Microchip/xc32/v5.00/bin/bin/../../lib/gcc/pic32c/13.2.1/../../../../pic32c/lib/thumb/v6-m/nofp\libg-musl.a(__out.o)
 .note          0x00001350       0x18 C:/Program Files/Microchip/xc32/v5.00/bin/bin/../../lib/gcc/pic32c/13.2.1/../../../../pic32c/lib/thumb/v6-m/nofp\libg-musl.a(__month_to_secs.o)
 .note          0x00001368       0x18 C:/Program Files/Microchip/xc32/v5.00/bin/bin/../../lib/gcc/pic32c/13.2.1/../../../../pic32c/lib/thumb/v6-m/nofp\libg-musl.a(__cvt_u.o)
 .note          0x00001380       0x18 C:/Program Files/Microchip/xc32/v5.00/bin/bin/../../lib/gcc/pic32c/13.2.1/thumb/v6-m/nofp\libgcc.a(_thumb1_case_uqi.o)
 .note          0x00001398       0x18 C:/Program Files/Microchip/xc32/v5.00/bin/bin/../../lib/gcc/pic32c/13.2.1/thumb/v6-m/nofp\libgcc.a(_udivsi3.o)
 .note          0x000013b0       0x18 C:/Program Files/Microchip/xc32/v5.00/bin/bin/../../lib/gcc/pic32c/13.2.1/thumb/v6-m/nofp\libgcc.a(_divsi3.o)
 .note          0x000013c8       0x18 C:/Program Files/Microchip/xc32/v5.00/bin/bin/../../lib/gcc/pic32c/13.2.1/thumb/v6-m/nofp\libgcc.a(_dvmd_tls.o)
 .note          0x000013e0       0x18 C:/Program Files/Microchip/xc32/v5.00/bin/bin/../../lib/gcc/pic32c/13.2.1/thumb/v6-m/nofp\libgcc.a(_aeabi_ldivmod.o)
 .note          0x000013f8       0x18 C:/Program Files/Microchip/xc32/v5.00/bin/bin/../../lib/gcc/pic32c/13.2.1/thumb/v6-m/nofp\libgcc.a(_aeabi_uldivmod.o)
 .note          0x00001410       0x18 C:/Program Files/Microchip/xc32/v5.00/bin/bin/../../lib/gcc/pic32c/13.2.1/thumb/v6-m/nofp\libgcc.a(_muldi3.o)
 .note          0x00001428       0x18 C:/Program Files/Microchip/xc32/v5.00/bin/bin/../../lib/gcc/pic32c/13.2.1/thumb/v6-m/nofp\libgcc.a(_udivmoddi4.o)
 .note          0x00001440       0x18 C:/Program Files/Microchip/xc32/v5.00/bin/bin/../../lib/gcc/pic32c/13.2.1/thumb/v6-m/nofp\libgcc.a(bpabi.o)
 .note          0x00001458       0x18 C:/Program Files/Microchip/xc32/v5.00/bin/bin/../../lib/gcc/pic32c/13.2.1/thumb/v6-m/nofp\libgcc.a(_lshrdi3.o)
 .note          0x00001470       0x18 C:/Program Files/Microchip/xc32/v5.00/bin/bin/../../lib/gcc/pic32c/13.2.1/thumb/v6-m/nofp\libgcc.a(_ashldi3.o)
 .note          0x00001488       0x18 C:/Program Files/Microchip/xc32/v5.00/bin/bin/../../lib/gcc/pic32c/13.2.1/thumb/v6-m/nofp\libgcc.a(_clzdi2.o)
 .note          0x000014a0       0x18 C:/Program Files/Microchip/xc32/v5.00/bin/bin/../../lib/gcc/pic32c/13.2.1/thumb/v6-m/nofp\libgcc.a(_divdi3.o)
 .note          0x000014b8       0x18 C:/Program Files/Microchip/xc32/v5.00/bin/bin/../../lib/gcc/pic32c/13.2.1/thumb/v6-m/nofp\libgcc.a(_clzsi2.o)
 .note          0x000014d0       0x18 C:/Program Files/Microchip/xc32/v5.00/bin/bin/../../lib/gcc/pic32c/13.2.1/thumb/v6-m/nofp/crtend.o
 .note          0x000014e8       0x18 C:/Program Files/Microchip/xc32/v5.00/bin/bin/../../lib/gcc/pic32c/13.2.1/thumb/v6-m/nofp/crtn.o
 .note          0x00001500       0x18 C:/Program Files/Microchip/xc32/v5.00/bin/bin/../../lib/gcc/pic32c/13.2.1/../../../../pic32c/lib/thumb/v6-m/nofp\libpic32c.a(pic32_data_init_clear.o)
 .note          0x00001518       0x18 C:/Program Files/Microchip/xc32/v5.00/bin/bin/../../lib/gcc/pic32c/13.2.1/../../../../pic32c/lib/thumb/v6-m/nofp\libpic32c.a(pic32_data_init_copy.o)

.ARM.attributes
                0x00000000       0x2a
 .ARM.attributes
                0x00000000       0x1e C:/Program Files/Microchip/xc32/v5.00/bin/bin/../../lib/gcc/pic32c/13.2.1/thumb/v6-m/nofp/crti.o
 .ARM.attributes
                0x0000001e       0x2c C:/Program Files/Microchip/xc32/v5.00/bin/bin/../../lib/gcc/pic32c/13.2.1/thumb/v6-m/nofp/crtbegin.o
 .ARM.attributes
                0x0000004a       0x2c build/default/debug/_ext/1068697685/wdrv_winc_eint.o
 .ARM.attributes
                0x00000076       0x2c build/default/debug/_ext/1068697685/wdrv_winc_gpio.o
 .ARM.attributes
                0x000000a2       0x2c build/default/debug/_ext/1697030576/wdrv_winc_spi.o
 .ARM.attributes
                0x000000ce       0x2c build/default/debug/_ext/1636284884/nm_common.o
 .ARM.attributes
                0x000000fa       0x2c build/default/debug/_ext/1667573777/nmasic.o
 .ARM.attributes
                0x00000126       0x2c build/default/debug/_ext/1667573777/nmdrv.o
 .ARM.attributes
                0x00000152       0x2c build/default/debug/_ext/1667573777/m2m_ssl.o
 .ARM.attributes
                0x0000017e       0x2c build/default/debug/_ext/1667573777/nmspi.o
 .ARM.attributes
                0x000001aa       0x2c build/default/debug/_ext/1667573777/nmbus.o
 .ARM.attributes
                0x000001d6       0x2c build/default/debug/_ext/1667573777/m2m_hif.o
 .ARM.attributes
                0x00000202       0x2c build/default/debug/_ext/1667573777/m2m_ota.o
 .ARM.attributes
                0x0000022e       0x2c build/default/debug/_ext/1667573777/m2m_wifi.o
 .ARM.attributes
                0x0000025a       0x2c build/default/debug/_ext/2094051164/socket.o
 .ARM.attributes
                0x00000286       0x2c build/default/debug/_ext/1908349716/spi_flash.o
 .ARM.attributes
                0x000002b2       0x2c build/default/debug/_ext/1908349716/flexible_flash.o
 .ARM.attributes
                0x000002de       0x2c build/default/debug/_ext/2018374705/wdrv_winc_osal.o
 .ARM.attributes
                0x0000030a       0x2c build/default/debug/_ext/1954180691/wdrv_winc_host_file.o
 .ARM.attributes
                0x00000336       0x2c build/default/debug/_ext/1954180691/wdrv_winc_authctx.o
 .ARM.attributes
                0x00000362       0x2c build/default/debug/_ext/1954180691/wdrv_winc_bssctx.o
 .ARM.attributes
                0x0000038e       0x2c build/default/debug/_ext/1954180691/wdrv_winc_systime.o
 .ARM.attributes
                0x000003ba       0x2c build/default/debug/_ext/1954180691/wdrv_winc.o
 .ARM.attributes
                0x000003e6       0x2c build/default/debug/_ext/1529399856/osal_freertos.o
 .ARM.attributes
                0x00000412       0x2c build/default/debug/_ext/1984496892/plib_clock.o
 .ARM.attributes
                0x0000043e       0x2c build/default/debug/_ext/60167341/plib_eic.o
 .ARM.attributes
                0x0000046a       0x2c build/default/debug/_ext/1865468468/plib_nvic.o
 .ARM.attributes
                0x00000496       0x2c build/default/debug/_ext/1593096446/plib_nvmctrl.o
 .ARM.attributes
                0x000004c2       0x2c build/default/debug/_ext/1865521619/plib_port.o
 .ARM.attributes
                0x000004ee       0x2c build/default/debug/_ext/17022449/plib_sercom4_spi_master.o
 .ARM.attributes
                0x0000051a       0x2c build/default/debug/_ext/504274921/plib_sercom5_usart.o
 .ARM.attributes
                0x00000546       0x2c build/default/debug/_ext/829342655/plib_tc3.o
 .ARM.attributes
                0x00000572       0x2c build/default/debug/_ext/163028504/xc32_monitor.o
 .ARM.attributes
                0x0000059e       0x2c build/default/debug/_ext/1376093119/sys_command.o
 .ARM.attributes
                0x000005ca       0x2c build/default/debug/_ext/1832805299/sys_console_uart.o
 .ARM.attributes
                0x000005f6       0x2c build/default/debug/_ext/1832805299/sys_console.o
 .ARM.attributes
                0x00000622       0x2c build/default/debug/_ext/944882569/sys_debug.o
 .ARM.attributes
                0x0000064e       0x2c build/default/debug/_ext/1881668453/sys_int.o
 .ARM.attributes
                0x0000067a       0x2c build/default/debug/_ext/1000052432/sys_reset.o
 .ARM.attributes
                0x000006a6       0x2c build/default/debug/_ext/101884895/sys_time.o
 .ARM.attributes
                0x000006d2       0x2c build/default/debug/_ext/1171490990/interrupts.o
 .ARM.attributes
                0x000006fe       0x2c build/default/debug/_ext/1171490990/exceptions.o
 .ARM.attributes
                0x0000072a       0x2c build/default/debug/_ext/1171490990/startup_xc32.o
 .ARM.attributes
                0x00000756       0x2c build/default/debug/_ext/1171490990/initialization.o
 .ARM.attributes
                0x00000782       0x2c build/default/debug/_ext/1171490990/tasks.o
 .ARM.attributes
                0x000007ae       0x2c build/default/debug/_ext/1171490990/freertos_hooks.o
 .ARM.attributes
                0x000007da       0x2c build/default/debug/_ext/1624415188/port.o
 .ARM.attributes
                0x00000806       0x2c build/default/debug/_ext/1665200909/heap_1.o
 .ARM.attributes
                0x00000832       0x2c build/default/debug/_ext/404212886/timers.o
 .ARM.attributes
                0x0000085e       0x2c build/default/debug/_ext/404212886/list.o
 .ARM.attributes
                0x0000088a       0x2c build/default/debug/_ext/404212886/FreeRTOS_tasks.o
 .ARM.attributes
                0x000008b6       0x2c build/default/debug/_ext/404212886/queue.o
 .ARM.attributes
                0x000008e2       0x2c build/default/debug/_ext/1360937237/main.o
 .ARM.attributes
                0x0000090e       0x2c build/default/debug/_ext/1360937237/app.o
 .ARM.attributes
                0x0000093a       0x2c C:/Program Files/Microchip/xc32/v5.00/bin/bin/../../lib/gcc/pic32c/13.2.1/../../../../pic32c/lib/thumb/v6-m/nofp\libpic32c.a(data_init.o)
 .ARM.attributes
                0x00000966       0x2e C:/Program Files/Microchip/xc32/v5.00/bin/bin/../../lib/gcc/pic32c/13.2.1/../../../../pic32c/lib/thumb/v6-m/nofp\libc-size-musl.a(memcpy.o)
 .ARM.attributes
                0x00000994       0x2e C:/Program Files/Microchip/xc32/v5.00/bin/bin/../../lib/gcc/pic32c/13.2.1/../../../../pic32c/lib/thumb/v6-m/nofp\libc-size-musl.a(memset.o)
 .ARM.attributes
                0x000009c2       0x2e C:/Program Files/Microchip/xc32/v5.00/bin/bin/../../lib/gcc/pic32c/13.2.1/../../../../pic32c/lib/thumb/v6-m/nofp\libc-size-musl.a(strlen.o)
 .ARM.attributes
                0x000009f0       0x2e C:/Program Files/Microchip/xc32/v5.00/bin/bin/../../lib/gcc/pic32c/13.2.1/../../../../pic32c/lib/thumb/v6-m/nofp\libc-size-musl.a(strchr.o)
 .ARM.attributes
                0x00000a1e       0x2e C:/Program Files/Microchip/xc32/v5.00/bin/bin/../../lib/gcc/pic32c/13.2.1/../../../../pic32c/lib/thumb/v6-m/nofp\libc-size-musl.a(strchrnul.o)
 .ARM.attributes
                0x00000a4c       0x2e C:/Program Files/Microchip/xc32/v5.00/bin/bin/../../lib/gcc/pic32c/13.2.1/../../../../pic32c/lib/thumb/v6-m/nofp\libc-size-musl.a(strcmp.o)
 .ARM.attributes
                0x00000a7a       0x2e C:/Program Files/Microchip/xc32/v5.00/bin/bin/../../lib/gcc/pic32c/13.2.1/../../../../pic32c/lib/thumb/v6-m/nofp\libc-size-musl.a(strcpy.o)
 .ARM.attributes
                0x00000aa8       0x2e C:/Program Files/Microchip/xc32/v5.00/bin/bin/../../lib/gcc/pic32c/13.2.1/../../../../pic32c/lib/thumb/v6-m/nofp\libc-size-musl.a(strncmp.o)
 .ARM.attributes
                0x00000ad6       0x2e C:/Program Files/Microchip/xc32/v5.00/bin/bin/../../lib/gcc/pic32c/13.2.1/../../../../pic32c/lib/thumb/v6-m/nofp\libc-size-musl.a(strncpy.o)
 .ARM.attributes
                0x00000b04       0x2e C:/Program Files/Microchip/xc32/v5.00/bin/bin/../../lib/gcc/pic32c/13.2.1/../../../../pic32c/lib/thumb/v6-m/nofp\libc-size-musl.a(strnlen.o)
 .ARM.attributes
                0x00000b32       0x2e C:/Program Files/Microchip/xc32/v5.00/bin/bin/../../lib/gcc/pic32c/13.2.1/../../../../pic32c/lib/thumb/v6-m/nofp\libc-size-musl.a(strtok.o)
 .ARM.attributes
                0x00000b60       0x2e C:/Program Files/Microchip/xc32/v5.00/bin/bin/../../lib/gcc/pic32c/13.2.1/../../../../pic32c/lib/thumb/v6-m/nofp\libc-size-musl.a(memchr.o)
 .ARM.attributes
                0x00000b8e       0x2e C:/Program Files/Microchip/xc32/v5.00/bin/bin/../../lib/gcc/pic32c/13.2.1/../../../../pic32c/lib/thumb/v6-m/nofp\libc-size-musl.a(stpcpy.o)
 .ARM.attributes
                0x00000bbc       0x2e C:/Program Files/Microchip/xc32/v5.00/bin/bin/../../lib/gcc/pic32c/13.2.1/../../../../pic32c/lib/thumb/v6-m/nofp\libc-size-musl.a(stpncpy.o)
 .ARM.attributes
                0x00000bea       0x2e C:/Program Files/Microchip/xc32/v5.00/bin/bin/../../lib/gcc/pic32c/13.2.1/../../../../pic32c/lib/thumb/v6-m/nofp\libc-size-musl.a(strcspn.o)
 .ARM.attributes
                0x00000c18       0x2e C:/Program Files/Microchip/xc32/v5.00/bin/bin/../../lib/gcc/pic32c/13.2.1/../../../../pic32c/lib/thumb/v6-m/nofp\libc-size-musl.a(strspn.o)
 .ARM.attributes
                0x00000c46       0x2e C:/Program Files/Microchip/xc32/v5.00/bin/bin/../../lib/gcc/pic32c/13.2.1/../../../../pic32c/lib/thumb/v6-m/nofp\liblmalloc-musl.a(lite_free.o)
 .ARM.attributes
                0x00000c74       0x2e C:/Program Files/Microchip/xc32/v5.00/bin/bin/../../lib/gcc/pic32c/13.2.1/../../../../pic32c/lib/thumb/v6-m/nofp\libg-musl.a(tolower.o)
 .ARM.attributes
                0x00000ca2       0x2e C:/Program Files/Microchip/xc32/v5.00/bin/bin/../../lib/gcc/pic32c/13.2.1/../../../../pic32c/lib/thumb/v6-m/nofp\libg-musl.a(toupper.o)
 .ARM.attributes
                0x00000cd0       0x2e C:/Program Files/Microchip/xc32/v5.00/bin/bin/../../lib/gcc/pic32c/13.2.1/../../../../pic32c/lib/thumb/v6-m/nofp\libg-musl.a(__libc_start_main.o)
 .ARM.attributes
                0x00000cfe       0x2e C:/Program Files/Microchip/xc32/v5.00/bin/bin/../../lib/gcc/pic32c/13.2.1/../../../../pic32c/lib/thumb/v6-m/nofp\libg-musl.a(libc.o)
 .ARM.attributes
                0x00000d2c       0x2e C:/Program Files/Microchip/xc32/v5.00/bin/bin/../../lib/gcc/pic32c/13.2.1/../../../../pic32c/lib/thumb/v6-m/nofp\libg-musl.a(stderr.o)
 .ARM.attributes
                0x00000d5a       0x2e C:/Program Files/Microchip/xc32/v5.00/bin/bin/../../lib/gcc/pic32c/13.2.1/../../../../pic32c/lib/thumb/v6-m/nofp\libg-musl.a(vfprintf.o)
 .ARM.attributes
                0x00000d88       0x2e C:/Program Files/Microchip/xc32/v5.00/bin/bin/../../lib/gcc/pic32c/13.2.1/../../../../pic32c/lib/thumb/v6-m/nofp\libg-musl.a(vsnprintf.o)
 .ARM.attributes
                0x00000db6       0x2e C:/Program Files/Microchip/xc32/v5.00/bin/bin/../../lib/gcc/pic32c/13.2.1/../../../../pic32c/lib/thumb/v6-m/nofp\libg-musl.a(sprintf.o)
 .ARM.attributes
                0x00000de4       0x2e C:/Program Files/Microchip/xc32/v5.00/bin/bin/../../lib/gcc/pic32c/13.2.1/../../../../pic32c/lib/thumb/v6-m/nofp\libg-musl.a(vsprintf.o)
 .ARM.attributes
                0x00000e12       0x2e C:/Program Files/Microchip/xc32/v5.00/bin/bin/../../lib/gcc/pic32c/13.2.1/../../../../pic32c/lib/thumb/v6-m/nofp\libg-musl.a(mktime.o)
 .ARM.attributes
                0x00000e40       0x2e C:/Program Files/Microchip/xc32/v5.00/bin/bin/../../lib/gcc/pic32c/13.2.1/../../../../pic32c/lib/thumb/v6-m/nofp\libg-musl.a(__environ.o)
 .ARM.attributes
                0x00000e6e       0x2e C:/Program Files/Microchip/xc32/v5.00/bin/bin/../../lib/gcc/pic32c/13.2.1/../../../../pic32c/lib/thumb/v6-m/nofp\libg-musl.a(__errno_location.o)
 .ARM.attributes
                0x00000e9c       0x2e C:/Program Files/Microchip/xc32/v5.00/bin/bin/../../lib/gcc/pic32c/13.2.1/../../../../pic32c/lib/thumb/v6-m/nofp\libg-musl.a(__pop_float.o)
 .ARM.attributes
                0x00000eca       0x2e C:/Program Files/Microchip/xc32/v5.00/bin/bin/../../lib/gcc/pic32c/13.2.1/../../../../pic32c/lib/thumb/v6-m/nofp\libg-musl.a(__pop_int.o)
 .ARM.attributes
                0x00000ef8       0x2e C:/Program Files/Microchip/xc32/v5.00/bin/bin/../../lib/gcc/pic32c/13.2.1/../../../../pic32c/lib/thumb/v6-m/nofp\libg-musl.a(__pop_ptr.o)
 .ARM.attributes
                0x00000f26       0x2e C:/Program Files/Microchip/xc32/v5.00/bin/bin/../../lib/gcc/pic32c/13.2.1/../../../../pic32c/lib/thumb/v6-m/nofp\libg-musl.a(__printf_core.o)
 .ARM.attributes
                0x00000f54       0x2e C:/Program Files/Microchip/xc32/v5.00/bin/bin/../../lib/gcc/pic32c/13.2.1/../../../../pic32c/lib/thumb/v6-m/nofp\libg-musl.a(atoi.o)
 .ARM.attributes
                0x00000f82       0x2e C:/Program Files/Microchip/xc32/v5.00/bin/bin/../../lib/gcc/pic32c/13.2.1/../../../../pic32c/lib/thumb/v6-m/nofp\libg-musl.a(__tm_to_secs.o)
 .ARM.attributes
                0x00000fb0       0x2e C:/Program Files/Microchip/xc32/v5.00/bin/bin/../../lib/gcc/pic32c/13.2.1/../../../../pic32c/lib/thumb/v6-m/nofp\libg-musl.a(__year_to_secs.o)
 .ARM.attributes
                0x00000fde       0x2e C:/Program Files/Microchip/xc32/v5.00/bin/bin/../../lib/gcc/pic32c/13.2.1/../../../../pic32c/lib/thumb/v6-m/nofp\libg-musl.a(__secs_to_tm.o)
 .ARM.attributes
                0x0000100c       0x2e C:/Program Files/Microchip/xc32/v5.00/bin/bin/../../lib/gcc/pic32c/13.2.1/../../../../pic32c/lib/thumb/v6-m/nofp\libg-musl.a(__fmt_a.o)
 .ARM.attributes
                0x0000103a       0x2e C:/Program Files/Microchip/xc32/v5.00/bin/bin/../../lib/gcc/pic32c/13.2.1/../../../../pic32c/lib/thumb/v6-m/nofp\libg-musl.a(__fmt_d.o)
 .ARM.attributes
                0x00001068       0x2e C:/Program Files/Microchip/xc32/v5.00/bin/bin/../../lib/gcc/pic32c/13.2.1/../../../../pic32c/lib/thumb/v6-m/nofp\libg-musl.a(__fmt_fp.o)
 .ARM.attributes
                0x00001096       0x2e C:/Program Files/Microchip/xc32/v5.00/bin/bin/../../lib/gcc/pic32c/13.2.1/../../../../pic32c/lib/thumb/v6-m/nofp\libg-musl.a(__fmt_o.o)
 .ARM.attributes
                0x000010c4       0x2e C:/Program Files/Microchip/xc32/v5.00/bin/bin/../../lib/gcc/pic32c/13.2.1/../../../../pic32c/lib/thumb/v6-m/nofp\libg-musl.a(__fmt_s.o)
 .ARM.attributes
                0x000010f2       0x2e C:/Program Files/Microchip/xc32/v5.00/bin/bin/../../lib/gcc/pic32c/13.2.1/../../../../pic32c/lib/thumb/v6-m/nofp\libg-musl.a(__fmt_u.o)
 .ARM.attributes
                0x00001120       0x2e C:/Program Files/Microchip/xc32/v5.00/bin/bin/../../lib/gcc/pic32c/13.2.1/../../../../pic32c/lib/thumb/v6-m/nofp\libg-musl.a(__fmt_x.o)
 .ARM.attributes
                0x0000114e       0x2e C:/Program Files/Microchip/xc32/v5.00/bin/bin/../../lib/gcc/pic32c/13.2.1/../../../../pic32c/lib/thumb/v6-m/nofp\libg-musl.a(__init_stdio.o)
 .ARM.attributes
                0x0000117c       0x2e C:/Program Files/Microchip/xc32/v5.00/bin/bin/../../lib/gcc/pic32c/13.2.1/../../../../pic32c/lib/thumb/v6-m/nofp\libg-musl.a(__out.o)
 .ARM.attributes
                0x000011aa       0x2e C:/Program Files/Microchip/xc32/v5.00/bin/bin/../../lib/gcc/pic32c/13.2.1/../../../../pic32c/lib/thumb/v6-m/nofp\libg-musl.a(__month_to_secs.o)
 .ARM.attributes
                0x000011d8       0x2e C:/Program Files/Microchip/xc32/v5.00/bin/bin/../../lib/gcc/pic32c/13.2.1/../../../../pic32c/lib/thumb/v6-m/nofp\libg-musl.a(__cvt_u.o)
 .ARM.attributes
                0x00001206       0x2c C:/Program Files/Microchip/xc32/v5.00/bin/bin/../../lib/gcc/pic32c/13.2.1/../../../../pic32c/lib/thumb/v6-m/nofp\libm-fast-emfloat.a(fma.o)
 .ARM.attributes
                0x00001232       0x2c C:/Program Files/Microchip/xc32/v5.00/bin/bin/../../lib/gcc/pic32c/13.2.1/../../../../pic32c/lib/thumb/v6-m/nofp\libm-fast-emfloat.a(floor.o)
 .ARM.attributes
                0x0000125e       0x1c C:/Program Files/Microchip/xc32/v5.00/bin/bin/../../lib/gcc/pic32c/13.2.1/../../../../pic32c/lib/thumb/v6-m/nofp\libm-fast-emfloat.a(__aeabi_dadd.o)
 .ARM.attributes
                0x0000127a       0x1c C:/Program Files/Microchip/xc32/v5.00/bin/bin/../../lib/gcc/pic32c/13.2.1/../../../../pic32c/lib/thumb/v6-m/nofp\libm-fast-emfloat.a(__aeabi_dsub.o)
 .ARM.attributes
                0x00001296       0x1c C:/Program Files/Microchip/xc32/v5.00/bin/bin/../../lib/gcc/pic32c/13.2.1/../../../../pic32c/lib/thumb/v6-m/nofp\libm-fast-emfloat.a(__aeabi_dmul_aux.o)
 .ARM.attributes
                0x000012b2       0x1c C:/Program Files/Microchip/xc32/v5.00/bin/bin/../../lib/gcc/pic32c/13.2.1/../../../../pic32c/lib/thumb/v6-m/nofp\libm-fast-emfloat.a(__aeabi_ddiv.o)
 .ARM.attributes
                0x000012ce       0x1c C:/Program Files/Microchip/xc32/v5.00/bin/bin/../../lib/gcc/pic32c/13.2.1/../../../../pic32c/lib/thumb/v6-m/nofp\libm-fast-emfloat.a(__aeabi_dcmple.o)
 .ARM.attributes
                0x000012ea       0x1c C:/Program Files/Microchip/xc32/v5.00/bin/bin/../../lib/gcc/pic32c/13.2.1/../../../../pic32c/lib/thumb/v6-m/nofp\libm-fast-emfloat.a(__aeabi_dcmpeq.o)
 .ARM.attributes
                0x00001306       0x1c C:/Program Files/Microchip/xc32/v5.00/bin/bin/../../lib/gcc/pic32c/13.2.1/../../../../pic32c/lib/thumb/v6-m/nofp\libm-fast-emfloat.a(__aeabi_dcmpgt.o)
 .ARM.attributes
                0x00001322       0x1c C:/Program Files/Microchip/xc32/v5.00/bin/bin/../../lib/gcc/pic32c/13.2.1/../../../../pic32c/lib/thumb/v6-m/nofp\libm-fast-emfloat.a(__aeabi_dcmplt.o)
 .ARM.attributes
                0x0000133e       0x1c C:/Program Files/Microchip/xc32/v5.00/bin/bin/../../lib/gcc/pic32c/13.2.1/../../../../pic32c/lib/thumb/v6-m/nofp\libm-fast-emfloat.a(__aeabi_d2iz.o)
 .ARM.attributes
                0x0000135a       0x1c C:/Program Files/Microchip/xc32/v5.00/bin/bin/../../lib/gcc/pic32c/13.2.1/../../../../pic32c/lib/thumb/v6-m/nofp\libm-fast-emfloat.a(__aeabi_d2uiz.o)
 .ARM.attributes
                0x00001376       0x1e C:/Program Files/Microchip/xc32/v5.00/bin/bin/../../lib/gcc/pic32c/13.2.1/thumb/v6-m/nofp\libgcc.a(_thumb1_case_uqi.o)
 .ARM.attributes
                0x00001394       0x1e C:/Program Files/Microchip/xc32/v5.00/bin/bin/../../lib/gcc/pic32c/13.2.1/thumb/v6-m/nofp\libgcc.a(_divsi3.o)
 .ARM.attributes
                0x000013b2       0x1e C:/Program Files/Microchip/xc32/v5.00/bin/bin/../../lib/gcc/pic32c/13.2.1/thumb/v6-m/nofp\libgcc.a(_dvmd_tls.o)
 .ARM.attributes
                0x000013d0       0x1e C:/Program Files/Microchip/xc32/v5.00/bin/bin/../../lib/gcc/pic32c/13.2.1/thumb/v6-m/nofp\libgcc.a(_aeabi_ldivmod.o)
 .ARM.attributes
                0x000013ee       0x1e C:/Program Files/Microchip/xc32/v5.00/bin/bin/../../lib/gcc/pic32c/13.2.1/thumb/v6-m/nofp\libgcc.a(_aeabi_uldivmod.o)
 .ARM.attributes
                0x0000140c       0x2c C:/Program Files/Microchip/xc32/v5.00/bin/bin/../../lib/gcc/pic32c/13.2.1/thumb/v6-m/nofp\libgcc.a(_muldi3.o)
 .ARM.attributes
                0x00001438       0x2c C:/Program Files/Microchip/xc32/v5.00/bin/bin/../../lib/gcc/pic32c/13.2.1/thumb/v6-m/nofp\libgcc.a(_udivmoddi4.o)
 .ARM.attributes
                0x00001464       0x2c C:/Program Files/Microchip/xc32/v5.00/bin/bin/../../lib/gcc/pic32c/13.2.1/thumb/v6-m/nofp\libgcc.a(bpabi.o)
 .ARM.attributes
                0x00001490       0x1e C:/Program Files/Microchip/xc32/v5.00/bin/bin/../../lib/gcc/pic32c/13.2.1/thumb/v6-m/nofp\libgcc.a(_lshrdi3.o)
 .ARM.attributes
                0x000014ae       0x1e C:/Program Files/Microchip/xc32/v5.00/bin/bin/../../lib/gcc/pic32c/13.2.1/thumb/v6-m/nofp\libgcc.a(_ashldi3.o)
 .ARM.attributes
                0x000014cc       0x1e C:/Program Files/Microchip/xc32/v5.00/bin/bin/../../lib/gcc/pic32c/13.2.1/thumb/v6-m/nofp\libgcc.a(_clzdi2.o)
 .ARM.attributes
                0x000014ea       0x2c C:/Program Files/Microchip/xc32/v5.00/bin/bin/../../lib/gcc/pic32c/13.2.1/thumb/v6-m/nofp\libgcc.a(_divdi3.o)
 .ARM.attributes
                0x00001516       0x1e C:/Program Files/Microchip/xc32/v5.00/bin/bin/../../lib/gcc/pic32c/13.2.1/thumb/v6-m/nofp\libgcc.a(_clzsi2.o)
 .ARM.attributes
                0x00001534       0x1e C:/Program Files/Microchip/xc32/v5.00/bin/bin/../../lib/gcc/pic32c/13.2.1/thumb/v6-m/nofp/crtn.o
 .ARM.attributes
                0x00001552       0x2c C:/Program Files/Microchip/xc32/v5.00/bin/bin/../../lib/gcc/pic32c/13.2.1/../../../../pic32c/lib/thumb/v6-m/nofp\libpic32c.a(pic32_data_init_clear.o)
 .ARM.attributes
                0x0000157e       0x2c C:/Program Files/Microchip/xc32/v5.00/bin/bin/../../lib/gcc/pic32c/13.2.1/../../../../pic32c/lib/thumb/v6-m/nofp\libpic32c.a(pic32_data_init_copy.o)

.comment        0x00000000       0x35
 .comment       0x00000000       0x35 C:/Program Files/Microchip/xc32/v5.00/bin/bin/../../lib/gcc/pic32c/13.2.1/thumb/v6-m/nofp/crtbegin.o
                                 0x36 (size before relaxing)
 .comment       0x00000035       0x36 build/default/debug/_ext/1068697685/wdrv_winc_eint.o
 .comment       0x00000035       0x36 build/default/debug/_ext/1068697685/wdrv_winc_gpio.o
 .comment       0x00000035       0x36 build/default/debug/_ext/1697030576/wdrv_winc_spi.o
 .comment       0x00000035       0x36 build/default/debug/_ext/1636284884/nm_common.o
 .comment       0x00000035       0x36 build/default/debug/_ext/1667573777/nmasic.o
 .comment       0x00000035       0x36 build/default/debug/_ext/1667573777/nmdrv.o
 .comment       0x00000035       0x36 build/default/debug/_ext/1667573777/m2m_ssl.o
 .comment       0x00000035       0x36 build/default/debug/_ext/1667573777/nmspi.o
 .comment       0x00000035       0x36 build/default/debug/_ext/1667573777/nmbus.o
 .comment       0x00000035       0x36 build/default/debug/_ext/1667573777/m2m_hif.o
 .comment       0x00000035       0x36 build/default/debug/_ext/1667573777/m2m_ota.o
 .comment       0x00000035       0x36 build/default/debug/_ext/1667573777/m2m_wifi.o
 .comment       0x00000035       0x36 build/default/debug/_ext/2094051164/socket.o
 .comment       0x00000035       0x36 build/default/debug/_ext/1908349716/spi_flash.o
 .comment       0x00000035       0x36 build/default/debug/_ext/1908349716/flexible_flash.o
 .comment       0x00000035       0x36 build/default/debug/_ext/2018374705/wdrv_winc_osal.o
 .comment       0x00000035       0x36 build/default/debug/_ext/1954180691/wdrv_winc_host_file.o
 .comment       0x00000035       0x36 build/default/debug/_ext/1954180691/wdrv_winc_authctx.o
 .comment       0x00000035       0x36 build/default/debug/_ext/1954180691/wdrv_winc_bssctx.o
 .comment       0x00000035       0x36 build/default/debug/_ext/1954180691/wdrv_winc_systime.o
 .comment       0x00000035       0x36 build/default/debug/_ext/1954180691/wdrv_winc.o
 .comment       0x00000035       0x36 build/default/debug/_ext/1529399856/osal_freertos.o
 .comment       0x00000035       0x36 build/default/debug/_ext/1984496892/plib_clock.o
 .comment       0x00000035       0x36 build/default/debug/_ext/60167341/plib_eic.o
 .comment       0x00000035       0x36 build/default/debug/_ext/1865468468/plib_nvic.o
 .comment       0x00000035       0x36 build/default/debug/_ext/1593096446/plib_nvmctrl.o
 .comment       0x00000035       0x36 build/default/debug/_ext/1865521619/plib_port.o
 .comment       0x00000035       0x36 build/default/debug/_ext/17022449/plib_sercom4_spi_master.o
 .comment       0x00000035       0x36 build/default/debug/_ext/504274921/plib_sercom5_usart.o
 .comment       0x00000035       0x36 build/default/debug/_ext/829342655/plib_tc3.o
 .comment       0x00000035       0x36 build/default/debug/_ext/163028504/xc32_monitor.o
 .comment       0x00000035       0x36 build/default/debug/_ext/1376093119/sys_command.o
 .comment       0x00000035       0x36 build/default/debug/_ext/1832805299/sys_console_uart.o
 .comment       0x00000035       0x36 build/default/debug/_ext/1832805299/sys_console.o
 .comment       0x00000035       0x36 build/default/debug/_ext/944882569/sys_debug.o
 .comment       0x00000035       0x36 build/default/debug/_ext/1881668453/sys_int.o
 .comment       0x00000035       0x36 build/default/debug/_ext/1000052432/sys_reset.o
 .comment       0x00000035       0x36 build/default/debug/_ext/101884895/sys_time.o
 .comment       0x00000035       0x36 build/default/debug/_ext/1171490990/interrupts.o
 .comment       0x00000035       0x36 build/default/debug/_ext/1171490990/exceptions.o
 .comment       0x00000035       0x36 build/default/debug/_ext/1171490990/startup_xc32.o
 .comment       0x00000035       0x36 build/default/debug/_ext/1171490990/initialization.o
 .comment       0x00000035       0x36 build/default/debug/_ext/1171490990/tasks.o
 .comment       0x00000035       0x36 build/default/debug/_ext/1171490990/freertos_hooks.o
 .comment       0x00000035       0x36 build/default/debug/_ext/1624415188/port.o
 .comment       0x00000035       0x36 build/default/debug/_ext/1665200909/heap_1.o
 .comment       0x00000035       0x36 build/default/debug/_ext/404212886/timers.o
 .comment       0x00000035       0x36 build/default/debug/_ext/404212886/list.o
 .comment       0x00000035       0x36 build/default/debug/_ext/404212886/FreeRTOS_tasks.o
 .comment       0x00000035       0x36 build/default/debug/_ext/404212886/queue.o
 .comment       0x00000035       0x36 build/default/debug/_ext/1360937237/main.o
 .comment       0x00000035       0x36 build/default/debug/_ext/1360937237/app.o
 .comment       0x00000035       0x36 C:/Program Files/Microchip/xc32/v5.00/bin/bin/../../lib/gcc/pic32c/13.2.1/../../../../pic32c/lib/thumb/v6-m/nofp\libpic32c.a(data_init.o)
 .comment       0x00000035       0x36 C:/Program Files/Microchip/xc32/v5.00/bin/bin/../../lib/gcc/pic32c/13.2.1/../../../../pic32c/lib/thumb/v6-m/nofp\libc-size-musl.a(memcpy.o)
 .comment       0x00000035       0x36 C:/Program Files/Microchip/xc32/v5.00/bin/bin/../../lib/gcc/pic32c/13.2.1/../../../../pic32c/lib/thumb/v6-m/nofp\libc-size-musl.a(memset.o)
 .comment       0x00000035       0x36 C:/Program Files/Microchip/xc32/v5.00/bin/bin/../../lib/gcc/pic32c/13.2.1/../../../../pic32c/lib/thumb/v6-m/nofp\libc-size-musl.a(strlen.o)
 .comment       0x00000035       0x36 C:/Program Files/Microchip/xc32/v5.00/bin/bin/../../lib/gcc/pic32c/13.2.1/../../../../pic32c/lib/thumb/v6-m/nofp\libc-size-musl.a(strchr.o)
 .comment       0x00000035       0x36 C:/Program Files/Microchip/xc32/v5.00/bin/bin/../../lib/gcc/pic32c/13.2.1/../../../../pic32c/lib/thumb/v6-m/nofp\libc-size-musl.a(strchrnul.o)
 .comment       0x00000035       0x36 C:/Program Files/Microchip/xc32/v5.00/bin/bin/../../lib/gcc/pic32c/13.2.1/../../../../pic32c/lib/thumb/v6-m/nofp\libc-size-musl.a(strcmp.o)
 .comment       0x00000035       0x36 C:/Program Files/Microchip/xc32/v5.00/bin/bin/../../lib/gcc/pic32c/13.2.1/../../../../pic32c/lib/thumb/v6-m/nofp\libc-size-musl.a(strcpy.o)
 .comment       0x00000035       0x36 C:/Program Files/Microchip/xc32/v5.00/bin/bin/../../lib/gcc/pic32c/13.2.1/../../../../pic32c/lib/thumb/v6-m/nofp\libc-size-musl.a(strncmp.o)
 .comment       0x00000035       0x36 C:/Program Files/Microchip/xc32/v5.00/bin/bin/../../lib/gcc/pic32c/13.2.1/../../../../pic32c/lib/thumb/v6-m/nofp\libc-size-musl.a(strncpy.o)
 .comment       0x00000035       0x36 C:/Program Files/Microchip/xc32/v5.00/bin/bin/../../lib/gcc/pic32c/13.2.1/../../../../pic32c/lib/thumb/v6-m/nofp\libc-size-musl.a(strnlen.o)
 .comment       0x00000035       0x36 C:/Program Files/Microchip/xc32/v5.00/bin/bin/../../lib/gcc/pic32c/13.2.1/../../../../pic32c/lib/thumb/v6-m/nofp\libc-size-musl.a(strtok.o)
 .comment       0x00000035       0x36 C:/Program Files/Microchip/xc32/v5.00/bin/bin/../../lib/gcc/pic32c/13.2.1/../../../../pic32c/lib/thumb/v6-m/nofp\libc-size-musl.a(memchr.o)
 .comment       0x00000035       0x36 C:/Program Files/Microchip/xc32/v5.00/bin/bin/../../lib/gcc/pic32c/13.2.1/../../../../pic32c/lib/thumb/v6-m/nofp\libc-size-musl.a(stpcpy.o)
 .comment       0x00000035       0x36 C:/Program Files/Microchip/xc32/v5.00/bin/bin/../../lib/gcc/pic32c/13.2.1/../../../../pic32c/lib/thumb/v6-m/nofp\libc-size-musl.a(stpncpy.o)
 .comment       0x00000035       0x36 C:/Program Files/Microchip/xc32/v5.00/bin/bin/../../lib/gcc/pic32c/13.2.1/../../../../pic32c/lib/thumb/v6-m/nofp\libc-size-musl.a(strcspn.o)
 .comment       0x00000035       0x36 C:/Program Files/Microchip/xc32/v5.00/bin/bin/../../lib/gcc/pic32c/13.2.1/../../../../pic32c/lib/thumb/v6-m/nofp\libc-size-musl.a(strspn.o)
 .comment       0x00000035       0x36 C:/Program Files/Microchip/xc32/v5.00/bin/bin/../../lib/gcc/pic32c/13.2.1/../../../../pic32c/lib/thumb/v6-m/nofp\liblmalloc-musl.a(lite_free.o)
 .comment       0x00000035       0x36 C:/Program Files/Microchip/xc32/v5.00/bin/bin/../../lib/gcc/pic32c/13.2.1/../../../../pic32c/lib/thumb/v6-m/nofp\libg-musl.a(tolower.o)
 .comment       0x00000035       0x36 C:/Program Files/Microchip/xc32/v5.00/bin/bin/../../lib/gcc/pic32c/13.2.1/../../../../pic32c/lib/thumb/v6-m/nofp\libg-musl.a(toupper.o)
 .comment       0x00000035       0x36 C:/Program Files/Microchip/xc32/v5.00/bin/bin/../../lib/gcc/pic32c/13.2.1/../../../../pic32c/lib/thumb/v6-m/nofp\libg-musl.a(__libc_start_main.o)
 .comment       0x00000035       0x36 C:/Program Files/Microchip/xc32/v5.00/bin/bin/../../lib/gcc/pic32c/13.2.1/../../../../pic32c/lib/thumb/v6-m/nofp\libg-musl.a(libc.o)
 .comment       0x00000035       0x36 C:/Program Files/Microchip/xc32/v5.00/bin/bin/../../lib/gcc/pic32c/13.2.1/../../../../pic32c/lib/thumb/v6-m/nofp\libg-musl.a(stderr.o)
 .comment       0x00000035       0x36 C:/Program Files/Microchip/xc32/v5.00/bin/bin/../../lib/gcc/pic32c/13.2.1/../../../../pic32c/lib/thumb/v6-m/nofp\libg-musl.a(vfprintf.o)
 .comment       0x00000035       0x36 C:/Program Files/Microchip/xc32/v5.00/bin/bin/../../lib/gcc/pic32c/13.2.1/../../../../pic32c/lib/thumb/v6-m/nofp\libg-musl.a(vsnprintf.o)
 .comment       0x00000035       0x36 C:/Program Files/Microchip/xc32/v5.00/bin/bin/../../lib/gcc/pic32c/13.2.1/../../../../pic32c/lib/thumb/v6-m/nofp\libg-musl.a(sprintf.o)
 .comment       0x00000035       0x36 C:/Program Files/Microchip/xc32/v5.00/bin/bin/../../lib/gcc/pic32c/13.2.1/../../../../pic32c/lib/thumb/v6-m/nofp\libg-musl.a(vsprintf.o)
 .comment       0x00000035       0x36 C:/Program Files/Microchip/xc32/v5.00/bin/bin/../../lib/gcc/pic32c/13.2.1/../../../../pic32c/lib/thumb/v6-m/nofp\libg-musl.a(mktime.o)
 .comment       0x00000035       0x36 C:/Program Files/Microchip/xc32/v5.00/bin/bin/../../lib/gcc/pic32c/13.2.1/../../../../pic32c/lib/thumb/v6-m/nofp\libg-musl.a(__environ.o)
 .comment       0x00000035       0x36 C:/Program Files/Microchip/xc32/v5.00/bin/bin/../../lib/gcc/pic32c/13.2.1/../../../../pic32c/lib/thumb/v6-m/nofp\libg-musl.a(__errno_location.o)
 .comment       0x00000035       0x36 C:/Program Files/Microchip/xc32/v5.00/bin/bin/../../lib/gcc/pic32c/13.2.1/../../../../pic32c/lib/thumb/v6-m/nofp\libg-musl.a(__pop_float.o)
 .comment       0x00000035       0x36 C:/Program Files/Microchip/xc32/v5.00/bin/bin/../../lib/gcc/pic32c/13.2.1/../../../../pic32c/lib/thumb/v6-m/nofp\libg-musl.a(__pop_int.o)
 .comment       0x00000035       0x36 C:/Program Files/Microchip/xc32/v5.00/bin/bin/../../lib/gcc/pic32c/13.2.1/../../../../pic32c/lib/thumb/v6-m/nofp\libg-musl.a(__pop_ptr.o)
 .comment       0x00000035       0x36 C:/Program Files/Microchip/xc32/v5.00/bin/bin/../../lib/gcc/pic32c/13.2.1/../../../../pic32c/lib/thumb/v6-m/nofp\libg-musl.a(__printf_core.o)
 .comment       0x00000035       0x36 C:/Program Files/Microchip/xc32/v5.00/bin/bin/../../lib/gcc/pic32c/13.2.1/../../../../pic32c/lib/thumb/v6-m/nofp\libg-musl.a(atoi.o)
 .comment       0x00000035       0x36 C:/Program Files/Microchip/xc32/v5.00/bin/bin/../../lib/gcc/pic32c/13.2.1/../../../../pic32c/lib/thumb/v6-m/nofp\libg-musl.a(__tm_to_secs.o)
 .comment       0x00000035       0x36 C:/Program Files/Microchip/xc32/v5.00/bin/bin/../../lib/gcc/pic32c/13.2.1/../../../../pic32c/lib/thumb/v6-m/nofp\libg-musl.a(__year_to_secs.o)
 .comment       0x00000035       0x36 C:/Program Files/Microchip/xc32/v5.00/bin/bin/../../lib/gcc/pic32c/13.2.1/../../../../pic32c/lib/thumb/v6-m/nofp\libg-musl.a(__secs_to_tm.o)
 .comment       0x00000035       0x36 C:/Program Files/Microchip/xc32/v5.00/bin/bin/../../lib/gcc/pic32c/13.2.1/../../../../pic32c/lib/thumb/v6-m/nofp\libg-musl.a(__fmt_a.o)
 .comment       0x00000035       0x36 C:/Program Files/Microchip/xc32/v5.00/bin/bin/../../lib/gcc/pic32c/13.2.1/../../../../pic32c/lib/thumb/v6-m/nofp\libg-musl.a(__fmt_d.o)
 .comment       0x00000035       0x36 C:/Program Files/Microchip/xc32/v5.00/bin/bin/../../lib/gcc/pic32c/13.2.1/../../../../pic32c/lib/thumb/v6-m/nofp\libg-musl.a(__fmt_fp.o)
 .comment       0x00000035       0x36 C:/Program Files/Microchip/xc32/v5.00/bin/bin/../../lib/gcc/pic32c/13.2.1/../../../../pic32c/lib/thumb/v6-m/nofp\libg-musl.a(__fmt_o.o)
 .comment       0x00000035       0x36 C:/Program Files/Microchip/xc32/v5.00/bin/bin/../../lib/gcc/pic32c/13.2.1/../../../../pic32c/lib/thumb/v6-m/nofp\libg-musl.a(__fmt_s.o)
 .comment       0x00000035       0x36 C:/Program Files/Microchip/xc32/v5.00/bin/bin/../../lib/gcc/pic32c/13.2.1/../../../../pic32c/lib/thumb/v6-m/nofp\libg-musl.a(__fmt_u.o)
 .comment       0x00000035       0x36 C:/Program Files/Microchip/xc32/v5.00/bin/bin/../../lib/gcc/pic32c/13.2.1/../../../../pic32c/lib/thumb/v6-m/nofp\libg-musl.a(__fmt_x.o)
 .comment       0x00000035       0x36 C:/Program Files/Microchip/xc32/v5.00/bin/bin/../../lib/gcc/pic32c/13.2.1/../../../../pic32c/lib/thumb/v6-m/nofp\libg-musl.a(__init_stdio.o)
 .comment       0x00000035       0x36 C:/Program Files/Microchip/xc32/v5.00/bin/bin/../../lib/gcc/pic32c/13.2.1/../../../../pic32c/lib/thumb/v6-m/nofp\libg-musl.a(__out.o)
 .comment       0x00000035       0x36 C:/Program Files/Microchip/xc32/v5.00/bin/bin/../../lib/gcc/pic32c/13.2.1/../../../../pic32c/lib/thumb/v6-m/nofp\libg-musl.a(__month_to_secs.o)
 .comment       0x00000035       0x36 C:/Program Files/Microchip/xc32/v5.00/bin/bin/../../lib/gcc/pic32c/13.2.1/../../../../pic32c/lib/thumb/v6-m/nofp\libg-musl.a(__cvt_u.o)
 .comment       0x00000035       0x36 C:/Program Files/Microchip/xc32/v5.00/bin/bin/../../lib/gcc/pic32c/13.2.1/../../../../pic32c/lib/thumb/v6-m/nofp\libm-fast-emfloat.a(fma.o)
 .comment       0x00000035       0x36 C:/Program Files/Microchip/xc32/v5.00/bin/bin/../../lib/gcc/pic32c/13.2.1/../../../../pic32c/lib/thumb/v6-m/nofp\libm-fast-emfloat.a(floor.o)
 .comment       0x00000035       0x36 C:/Program Files/Microchip/xc32/v5.00/bin/bin/../../lib/gcc/pic32c/13.2.1/thumb/v6-m/nofp\libgcc.a(_muldi3.o)
 .comment       0x00000035       0x36 C:/Program Files/Microchip/xc32/v5.00/bin/bin/../../lib/gcc/pic32c/13.2.1/thumb/v6-m/nofp\libgcc.a(_udivmoddi4.o)
 .comment       0x00000035       0x36 C:/Program Files/Microchip/xc32/v5.00/bin/bin/../../lib/gcc/pic32c/13.2.1/thumb/v6-m/nofp\libgcc.a(bpabi.o)
 .comment       0x00000035       0x36 C:/Program Files/Microchip/xc32/v5.00/bin/bin/../../lib/gcc/pic32c/13.2.1/thumb/v6-m/nofp\libgcc.a(_divdi3.o)
 .comment       0x00000035       0x36 C:/Program Files/Microchip/xc32/v5.00/bin/bin/../../lib/gcc/pic32c/13.2.1/../../../../pic32c/lib/thumb/v6-m/nofp\libpic32c.a(pic32_data_init_clear.o)
 .comment       0x00000035       0x36 C:/Program Files/Microchip/xc32/v5.00/bin/bin/../../lib/gcc/pic32c/13.2.1/../../../../pic32c/lib/thumb/v6-m/nofp\libpic32c.a(pic32_data_init_copy.o)

.debug_info     0x00000000    0x35612
 .debug_info    0x00000000      0x200 build/default/debug/_ext/1068697685/wdrv_winc_eint.o
 .debug_info    0x00000200      0x2b0 build/default/debug/_ext/1068697685/wdrv_winc_gpio.o
 .debug_info    0x000004b0      0x687 build/default/debug/_ext/1697030576/wdrv_winc_spi.o
 .debug_info    0x00000b37      0x211 build/default/debug/_ext/1636284884/nm_common.o
 .debug_info    0x00000d48     0x13b5 build/default/debug/_ext/1667573777/nmasic.o
 .debug_info    0x000020fd      0xb7e build/default/debug/_ext/1667573777/nmdrv.o
 .debug_info    0x00002c7b     0x10b9 build/default/debug/_ext/1667573777/m2m_ssl.o
 .debug_info    0x00003d34     0x1a8c build/default/debug/_ext/1667573777/nmspi.o
 .debug_info    0x000057c0      0x70e build/default/debug/_ext/1667573777/nmbus.o
 .debug_info    0x00005ece     0x1176 build/default/debug/_ext/1667573777/m2m_hif.o
 .debug_info    0x00007044     0x1729 build/default/debug/_ext/1667573777/m2m_ota.o
 .debug_info    0x0000876d     0x5be0 build/default/debug/_ext/1667573777/m2m_wifi.o
 .debug_info    0x0000e34d     0x2887 build/default/debug/_ext/2094051164/socket.o
 .debug_info    0x00010bd4     0x13ce build/default/debug/_ext/1908349716/spi_flash.o
 .debug_info    0x00011fa2      0x205 build/default/debug/_ext/1908349716/flexible_flash.o
 .debug_info    0x000121a7       0xf4 build/default/debug/_ext/2018374705/wdrv_winc_osal.o
 .debug_info    0x0001229b     0x1885 build/default/debug/_ext/1954180691/wdrv_winc_host_file.o
 .debug_info    0x00013b20      0xc21 build/default/debug/_ext/1954180691/wdrv_winc_authctx.o
 .debug_info    0x00014741      0x5ba build/default/debug/_ext/1954180691/wdrv_winc_bssctx.o
 .debug_info    0x00014cfb     0x15f4 build/default/debug/_ext/1954180691/wdrv_winc_systime.o
 .debug_info    0x000162ef     0x407c build/default/debug/_ext/1954180691/wdrv_winc.o
 .debug_info    0x0001a36b      0x828 build/default/debug/_ext/1529399856/osal_freertos.o
 .debug_info    0x0001ab93      0x5a1 build/default/debug/_ext/1984496892/plib_clock.o
 .debug_info    0x0001b134      0x34b build/default/debug/_ext/60167341/plib_eic.o
 .debug_info    0x0001b47f      0x6d8 build/default/debug/_ext/1865468468/plib_nvic.o
 .debug_info    0x0001bb57      0x5ed build/default/debug/_ext/1593096446/plib_nvmctrl.o
 .debug_info    0x0001c144      0x686 build/default/debug/_ext/1865521619/plib_port.o
 .debug_info    0x0001c7ca      0xf46 build/default/debug/_ext/17022449/plib_sercom4_spi_master.o
 .debug_info    0x0001d710     0x17d4 build/default/debug/_ext/504274921/plib_sercom5_usart.o
 .debug_info    0x0001eee4      0x79d build/default/debug/_ext/829342655/plib_tc3.o
 .debug_info    0x0001f681       0xf5 build/default/debug/_ext/163028504/xc32_monitor.o
 .debug_info    0x0001f776     0x250b build/default/debug/_ext/1376093119/sys_command.o
 .debug_info    0x00021c81      0xc0d build/default/debug/_ext/1832805299/sys_console_uart.o
 .debug_info    0x0002288e      0xc99 build/default/debug/_ext/1832805299/sys_console.o
 .debug_info    0x00023527      0x36a build/default/debug/_ext/944882569/sys_debug.o
 .debug_info    0x00023891      0x567 build/default/debug/_ext/1881668453/sys_int.o
 .debug_info    0x00023df8      0x1c7 build/default/debug/_ext/1000052432/sys_reset.o
 .debug_info    0x00023fbf     0x1dca build/default/debug/_ext/101884895/sys_time.o
 .debug_info    0x00025d89      0x420 build/default/debug/_ext/1171490990/interrupts.o
 .debug_info    0x000261a9       0xba build/default/debug/_ext/1171490990/exceptions.o
 .debug_info    0x00026263      0x200 build/default/debug/_ext/1171490990/startup_xc32.o
 .debug_info    0x00026463      0xf9d build/default/debug/_ext/1171490990/initialization.o
 .debug_info    0x00027400      0x48a build/default/debug/_ext/1171490990/tasks.o
 .debug_info    0x0002788a      0x1a6 build/default/debug/_ext/1171490990/freertos_hooks.o
 .debug_info    0x00027a30      0x32a build/default/debug/_ext/1624415188/port.o
 .debug_info    0x00027d5a      0x210 build/default/debug/_ext/1665200909/heap_1.o
 .debug_info    0x00027f6a     0x12ce build/default/debug/_ext/404212886/timers.o
 .debug_info    0x00029238      0x304 build/default/debug/_ext/404212886/list.o
 .debug_info    0x0002953c     0x25f2 build/default/debug/_ext/404212886/FreeRTOS_tasks.o
 .debug_info    0x0002bb2e     0x1c55 build/default/debug/_ext/404212886/queue.o
 .debug_info    0x0002d783       0xe6 build/default/debug/_ext/1360937237/main.o
 .debug_info    0x0002d869      0x147 build/default/debug/_ext/1360937237/app.o
 .debug_info    0x0002d9b0      0x212 C:/Program Files/Microchip/xc32/v5.00/bin/bin/../../lib/gcc/pic32c/13.2.1/../../../../pic32c/lib/thumb/v6-m/nofp\libpic32c.a(data_init.o)
 .debug_info    0x0002dbc2       0xed C:/Program Files/Microchip/xc32/v5.00/bin/bin/../../lib/gcc/pic32c/13.2.1/../../../../pic32c/lib/thumb/v6-m/nofp\libc-size-musl.a(memcpy.o)
 .debug_info    0x0002dcaf       0xc2 C:/Program Files/Microchip/xc32/v5.00/bin/bin/../../lib/gcc/pic32c/13.2.1/../../../../pic32c/lib/thumb/v6-m/nofp\libc-size-musl.a(memset.o)
 .debug_info    0x0002dd71       0xab C:/Program Files/Microchip/xc32/v5.00/bin/bin/../../lib/gcc/pic32c/13.2.1/../../../../pic32c/lib/thumb/v6-m/nofp\libc-size-musl.a(strlen.o)
 .debug_info    0x0002de1c       0xeb C:/Program Files/Microchip/xc32/v5.00/bin/bin/../../lib/gcc/pic32c/13.2.1/../../../../pic32c/lib/thumb/v6-m/nofp\libc-size-musl.a(strchr.o)
 .debug_info    0x0002df07      0x13a C:/Program Files/Microchip/xc32/v5.00/bin/bin/../../lib/gcc/pic32c/13.2.1/../../../../pic32c/lib/thumb/v6-m/nofp\libc-size-musl.a(strchrnul.o)
 .debug_info    0x0002e041       0x95 C:/Program Files/Microchip/xc32/v5.00/bin/bin/../../lib/gcc/pic32c/13.2.1/../../../../pic32c/lib/thumb/v6-m/nofp\libc-size-musl.a(strcmp.o)
 .debug_info    0x0002e0d6       0xdd C:/Program Files/Microchip/xc32/v5.00/bin/bin/../../lib/gcc/pic32c/13.2.1/../../../../pic32c/lib/thumb/v6-m/nofp\libc-size-musl.a(strcpy.o)
 .debug_info    0x0002e1b3       0xec C:/Program Files/Microchip/xc32/v5.00/bin/bin/../../lib/gcc/pic32c/13.2.1/../../../../pic32c/lib/thumb/v6-m/nofp\libc-size-musl.a(strncmp.o)
 .debug_info    0x0002e29f      0x109 C:/Program Files/Microchip/xc32/v5.00/bin/bin/../../lib/gcc/pic32c/13.2.1/../../../../pic32c/lib/thumb/v6-m/nofp\libc-size-musl.a(strncpy.o)
 .debug_info    0x0002e3a8      0x101 C:/Program Files/Microchip/xc32/v5.00/bin/bin/../../lib/gcc/pic32c/13.2.1/../../../../pic32c/lib/thumb/v6-m/nofp\libc-size-musl.a(strnlen.o)
 .debug_info    0x0002e4a9      0x12c C:/Program Files/Microchip/xc32/v5.00/bin/bin/../../lib/gcc/pic32c/13.2.1/../../../../pic32c/lib/thumb/v6-m/nofp\libc-size-musl.a(strtok.o)
 .debug_info    0x0002e5d5       0xec C:/Program Files/Microchip/xc32/v5.00/bin/bin/../../lib/gcc/pic32c/13.2.1/../../../../pic32c/lib/thumb/v6-m/nofp\libc-size-musl.a(memchr.o)
 .debug_info    0x0002e6c1       0xb3 C:/Program Files/Microchip/xc32/v5.00/bin/bin/../../lib/gcc/pic32c/13.2.1/../../../../pic32c/lib/thumb/v6-m/nofp\libc-size-musl.a(stpcpy.o)
 .debug_info    0x0002e774       0xe1 C:/Program Files/Microchip/xc32/v5.00/bin/bin/../../lib/gcc/pic32c/13.2.1/../../../../pic32c/lib/thumb/v6-m/nofp\libc-size-musl.a(stpncpy.o)
 .debug_info    0x0002e855      0x14d C:/Program Files/Microchip/xc32/v5.00/bin/bin/../../lib/gcc/pic32c/13.2.1/../../../../pic32c/lib/thumb/v6-m/nofp\libc-size-musl.a(strcspn.o)
 .debug_info    0x0002e9a2      0x101 C:/Program Files/Microchip/xc32/v5.00/bin/bin/../../lib/gcc/pic32c/13.2.1/../../../../pic32c/lib/thumb/v6-m/nofp\libc-size-musl.a(strspn.o)
 .debug_info    0x0002eaa3      0x276 C:/Program Files/Microchip/xc32/v5.00/bin/bin/../../lib/gcc/pic32c/13.2.1/../../../../pic32c/lib/thumb/v6-m/nofp\liblmalloc-musl.a(lite_free.o)
 .debug_info    0x0002ed19      0x13e C:/Program Files/Microchip/xc32/v5.00/bin/bin/../../lib/gcc/pic32c/13.2.1/../../../../pic32c/lib/thumb/v6-m/nofp\libg-musl.a(tolower.o)
 .debug_info    0x0002ee57      0x13e C:/Program Files/Microchip/xc32/v5.00/bin/bin/../../lib/gcc/pic32c/13.2.1/../../../../pic32c/lib/thumb/v6-m/nofp\libg-musl.a(toupper.o)
 .debug_info    0x0002ef95      0x2fb C:/Program Files/Microchip/xc32/v5.00/bin/bin/../../lib/gcc/pic32c/13.2.1/../../../../pic32c/lib/thumb/v6-m/nofp\libg-musl.a(__libc_start_main.o)
 .debug_info    0x0002f290      0x276 C:/Program Files/Microchip/xc32/v5.00/bin/bin/../../lib/gcc/pic32c/13.2.1/../../../../pic32c/lib/thumb/v6-m/nofp\libg-musl.a(libc.o)
 .debug_info    0x0002f506      0x1e6 C:/Program Files/Microchip/xc32/v5.00/bin/bin/../../lib/gcc/pic32c/13.2.1/../../../../pic32c/lib/thumb/v6-m/nofp\libg-musl.a(stderr.o)
 .debug_info    0x0002f6ec      0x42c C:/Program Files/Microchip/xc32/v5.00/bin/bin/../../lib/gcc/pic32c/13.2.1/../../../../pic32c/lib/thumb/v6-m/nofp\libg-musl.a(vfprintf.o)
 .debug_info    0x0002fb18      0x45b C:/Program Files/Microchip/xc32/v5.00/bin/bin/../../lib/gcc/pic32c/13.2.1/../../../../pic32c/lib/thumb/v6-m/nofp\libg-musl.a(vsnprintf.o)
 .debug_info    0x0002ff73      0x140 C:/Program Files/Microchip/xc32/v5.00/bin/bin/../../lib/gcc/pic32c/13.2.1/../../../../pic32c/lib/thumb/v6-m/nofp\libg-musl.a(sprintf.o)
 .debug_info    0x000300b3      0x14f C:/Program Files/Microchip/xc32/v5.00/bin/bin/../../lib/gcc/pic32c/13.2.1/../../../../pic32c/lib/thumb/v6-m/nofp\libg-musl.a(vsprintf.o)
 .debug_info    0x00030202      0x232 C:/Program Files/Microchip/xc32/v5.00/bin/bin/../../lib/gcc/pic32c/13.2.1/../../../../pic32c/lib/thumb/v6-m/nofp\libg-musl.a(mktime.o)
 .debug_info    0x00030434       0x97 C:/Program Files/Microchip/xc32/v5.00/bin/bin/../../lib/gcc/pic32c/13.2.1/../../../../pic32c/lib/thumb/v6-m/nofp\libg-musl.a(__environ.o)
 .debug_info    0x000304cb       0x5b C:/Program Files/Microchip/xc32/v5.00/bin/bin/../../lib/gcc/pic32c/13.2.1/../../../../pic32c/lib/thumb/v6-m/nofp\libg-musl.a(__errno_location.o)
 .debug_info    0x00030526      0x163 C:/Program Files/Microchip/xc32/v5.00/bin/bin/../../lib/gcc/pic32c/13.2.1/../../../../pic32c/lib/thumb/v6-m/nofp\libg-musl.a(__pop_float.o)
 .debug_info    0x00030689      0x183 C:/Program Files/Microchip/xc32/v5.00/bin/bin/../../lib/gcc/pic32c/13.2.1/../../../../pic32c/lib/thumb/v6-m/nofp\libg-musl.a(__pop_int.o)
 .debug_info    0x0003080c      0x18d C:/Program Files/Microchip/xc32/v5.00/bin/bin/../../lib/gcc/pic32c/13.2.1/../../../../pic32c/lib/thumb/v6-m/nofp\libg-musl.a(__pop_ptr.o)
 .debug_info    0x00030999      0xb26 C:/Program Files/Microchip/xc32/v5.00/bin/bin/../../lib/gcc/pic32c/13.2.1/../../../../pic32c/lib/thumb/v6-m/nofp\libg-musl.a(__printf_core.o)
 .debug_info    0x000314bf       0xf4 C:/Program Files/Microchip/xc32/v5.00/bin/bin/../../lib/gcc/pic32c/13.2.1/../../../../pic32c/lib/thumb/v6-m/nofp\libg-musl.a(atoi.o)
 .debug_info    0x000315b3      0x280 C:/Program Files/Microchip/xc32/v5.00/bin/bin/../../lib/gcc/pic32c/13.2.1/../../../../pic32c/lib/thumb/v6-m/nofp\libg-musl.a(__tm_to_secs.o)
 .debug_info    0x00031833      0x152 C:/Program Files/Microchip/xc32/v5.00/bin/bin/../../lib/gcc/pic32c/13.2.1/../../../../pic32c/lib/thumb/v6-m/nofp\libg-musl.a(__year_to_secs.o)
 .debug_info    0x00031985      0x324 C:/Program Files/Microchip/xc32/v5.00/bin/bin/../../lib/gcc/pic32c/13.2.1/../../../../pic32c/lib/thumb/v6-m/nofp\libg-musl.a(__secs_to_tm.o)
 .debug_info    0x00031ca9      0x7a3 C:/Program Files/Microchip/xc32/v5.00/bin/bin/../../lib/gcc/pic32c/13.2.1/../../../../pic32c/lib/thumb/v6-m/nofp\libg-musl.a(__fmt_a.o)
 .debug_info    0x0003244c      0x374 C:/Program Files/Microchip/xc32/v5.00/bin/bin/../../lib/gcc/pic32c/13.2.1/../../../../pic32c/lib/thumb/v6-m/nofp\libg-musl.a(__fmt_d.o)
 .debug_info    0x000327c0      0x80e C:/Program Files/Microchip/xc32/v5.00/bin/bin/../../lib/gcc/pic32c/13.2.1/../../../../pic32c/lib/thumb/v6-m/nofp\libg-musl.a(__fmt_fp.o)
 .debug_info    0x00032fce      0x345 C:/Program Files/Microchip/xc32/v5.00/bin/bin/../../lib/gcc/pic32c/13.2.1/../../../../pic32c/lib/thumb/v6-m/nofp\libg-musl.a(__fmt_o.o)
 .debug_info    0x00033313      0x31e C:/Program Files/Microchip/xc32/v5.00/bin/bin/../../lib/gcc/pic32c/13.2.1/../../../../pic32c/lib/thumb/v6-m/nofp\libg-musl.a(__fmt_s.o)
 .debug_info    0x00033631      0x345 C:/Program Files/Microchip/xc32/v5.00/bin/bin/../../lib/gcc/pic32c/13.2.1/../../../../pic32c/lib/thumb/v6-m/nofp\libg-musl.a(__fmt_u.o)
 .debug_info    0x00033976      0x35f C:/Program Files/Microchip/xc32/v5.00/bin/bin/../../lib/gcc/pic32c/13.2.1/../../../../pic32c/lib/thumb/v6-m/nofp\libg-musl.a(__fmt_x.o)
 .debug_info    0x00033cd5       0xc3 C:/Program Files/Microchip/xc32/v5.00/bin/bin/../../lib/gcc/pic32c/13.2.1/../../../../pic32c/lib/thumb/v6-m/nofp\libg-musl.a(__init_stdio.o)
 .debug_info    0x00033d98      0x2fb C:/Program Files/Microchip/xc32/v5.00/bin/bin/../../lib/gcc/pic32c/13.2.1/../../../../pic32c/lib/thumb/v6-m/nofp\libg-musl.a(__out.o)
 .debug_info    0x00034093       0xc5 C:/Program Files/Microchip/xc32/v5.00/bin/bin/../../lib/gcc/pic32c/13.2.1/../../../../pic32c/lib/thumb/v6-m/nofp\libg-musl.a(__month_to_secs.o)
 .debug_info    0x00034158      0x1e3 C:/Program Files/Microchip/xc32/v5.00/bin/bin/../../lib/gcc/pic32c/13.2.1/../../../../pic32c/lib/thumb/v6-m/nofp\libg-musl.a(__cvt_u.o)
 .debug_info    0x0003433b       0x35 C:/Program Files/Microchip/xc32/v5.00/bin/bin/../../lib/gcc/pic32c/13.2.1/thumb/v6-m/nofp\libgcc.a(_thumb1_case_uqi.o)
 .debug_info    0x00034370       0x51 C:/Program Files/Microchip/xc32/v5.00/bin/bin/../../lib/gcc/pic32c/13.2.1/thumb/v6-m/nofp\libgcc.a(_divsi3.o)
 .debug_info    0x000343c1       0x41 C:/Program Files/Microchip/xc32/v5.00/bin/bin/../../lib/gcc/pic32c/13.2.1/thumb/v6-m/nofp\libgcc.a(_dvmd_tls.o)
 .debug_info    0x00034402       0x35 C:/Program Files/Microchip/xc32/v5.00/bin/bin/../../lib/gcc/pic32c/13.2.1/thumb/v6-m/nofp\libgcc.a(_aeabi_ldivmod.o)
 .debug_info    0x00034437       0x35 C:/Program Files/Microchip/xc32/v5.00/bin/bin/../../lib/gcc/pic32c/13.2.1/thumb/v6-m/nofp\libgcc.a(_aeabi_uldivmod.o)
 .debug_info    0x0003446c      0x44f C:/Program Files/Microchip/xc32/v5.00/bin/bin/../../lib/gcc/pic32c/13.2.1/thumb/v6-m/nofp\libgcc.a(_muldi3.o)
 .debug_info    0x000348bb      0x3fc C:/Program Files/Microchip/xc32/v5.00/bin/bin/../../lib/gcc/pic32c/13.2.1/thumb/v6-m/nofp\libgcc.a(_udivmoddi4.o)
 .debug_info    0x00034cb7       0xfd C:/Program Files/Microchip/xc32/v5.00/bin/bin/../../lib/gcc/pic32c/13.2.1/thumb/v6-m/nofp\libgcc.a(bpabi.o)
 .debug_info    0x00034db4       0x43 C:/Program Files/Microchip/xc32/v5.00/bin/bin/../../lib/gcc/pic32c/13.2.1/thumb/v6-m/nofp\libgcc.a(_lshrdi3.o)
 .debug_info    0x00034df7       0x43 C:/Program Files/Microchip/xc32/v5.00/bin/bin/../../lib/gcc/pic32c/13.2.1/thumb/v6-m/nofp\libgcc.a(_ashldi3.o)
 .debug_info    0x00034e3a       0x26 C:/Program Files/Microchip/xc32/v5.00/bin/bin/../../lib/gcc/pic32c/13.2.1/thumb/v6-m/nofp\libgcc.a(_clzdi2.o)
 .debug_info    0x00034e60      0x53a C:/Program Files/Microchip/xc32/v5.00/bin/bin/../../lib/gcc/pic32c/13.2.1/thumb/v6-m/nofp\libgcc.a(_divdi3.o)
 .debug_info    0x0003539a       0x35 C:/Program Files/Microchip/xc32/v5.00/bin/bin/../../lib/gcc/pic32c/13.2.1/thumb/v6-m/nofp\libgcc.a(_clzsi2.o)
 .debug_info    0x000353cf      0x117 C:/Program Files/Microchip/xc32/v5.00/bin/bin/../../lib/gcc/pic32c/13.2.1/../../../../pic32c/lib/thumb/v6-m/nofp\libpic32c.a(pic32_data_init_clear.o)
 .debug_info    0x000354e6      0x12c C:/Program Files/Microchip/xc32/v5.00/bin/bin/../../lib/gcc/pic32c/13.2.1/../../../../pic32c/lib/thumb/v6-m/nofp\libpic32c.a(pic32_data_init_copy.o)

.debug_abbrev   0x00000000     0xb3cf
 .debug_abbrev  0x00000000      0x108 build/default/debug/_ext/1068697685/wdrv_winc_eint.o
 .debug_abbrev  0x00000108       0xb3 build/default/debug/_ext/1068697685/wdrv_winc_gpio.o
 .debug_abbrev  0x000001bb      0x1e7 build/default/debug/_ext/1697030576/wdrv_winc_spi.o
 .debug_abbrev  0x000003a2      0x100 build/default/debug/_ext/1636284884/nm_common.o
 .debug_abbrev  0x000004a2      0x333 build/default/debug/_ext/1667573777/nmasic.o
 .debug_abbrev  0x000007d5      0x279 build/default/debug/_ext/1667573777/nmdrv.o
 .debug_abbrev  0x00000a4e      0x33f build/default/debug/_ext/1667573777/m2m_ssl.o
 .debug_abbrev  0x00000d8d      0x3d1 build/default/debug/_ext/1667573777/nmspi.o
 .debug_abbrev  0x0000115e      0x267 build/default/debug/_ext/1667573777/nmbus.o
 .debug_abbrev  0x000013c5      0x45d build/default/debug/_ext/1667573777/m2m_hif.o
 .debug_abbrev  0x00001822      0x2d8 build/default/debug/_ext/1667573777/m2m_ota.o
 .debug_abbrev  0x00001afa      0x450 build/default/debug/_ext/1667573777/m2m_wifi.o
 .debug_abbrev  0x00001f4a      0x429 build/default/debug/_ext/2094051164/socket.o
 .debug_abbrev  0x00002373      0x385 build/default/debug/_ext/1908349716/spi_flash.o
 .debug_abbrev  0x000026f8      0x109 build/default/debug/_ext/1908349716/flexible_flash.o
 .debug_abbrev  0x00002801       0xa6 build/default/debug/_ext/2018374705/wdrv_winc_osal.o
 .debug_abbrev  0x000028a7      0x315 build/default/debug/_ext/1954180691/wdrv_winc_host_file.o
 .debug_abbrev  0x00002bbc      0x287 build/default/debug/_ext/1954180691/wdrv_winc_authctx.o
 .debug_abbrev  0x00002e43      0x1ee build/default/debug/_ext/1954180691/wdrv_winc_bssctx.o
 .debug_abbrev  0x00003031      0x2bb build/default/debug/_ext/1954180691/wdrv_winc_systime.o
 .debug_abbrev  0x000032ec      0x48f build/default/debug/_ext/1954180691/wdrv_winc.o
 .debug_abbrev  0x0000377b      0x258 build/default/debug/_ext/1529399856/osal_freertos.o
 .debug_abbrev  0x000039d3      0x138 build/default/debug/_ext/1984496892/plib_clock.o
 .debug_abbrev  0x00003b0b      0x19d build/default/debug/_ext/60167341/plib_eic.o
 .debug_abbrev  0x00003ca8      0x1ff build/default/debug/_ext/1865468468/plib_nvic.o
 .debug_abbrev  0x00003ea7      0x1d2 build/default/debug/_ext/1593096446/plib_nvmctrl.o
 .debug_abbrev  0x00004079      0x1cd build/default/debug/_ext/1865521619/plib_port.o
 .debug_abbrev  0x00004246      0x28f build/default/debug/_ext/17022449/plib_sercom4_spi_master.o
 .debug_abbrev  0x000044d5      0x428 build/default/debug/_ext/504274921/plib_sercom5_usart.o
 .debug_abbrev  0x000048fd      0x1be build/default/debug/_ext/829342655/plib_tc3.o
 .debug_abbrev  0x00004abb       0xb2 build/default/debug/_ext/163028504/xc32_monitor.o